
Running 24 tests using 1 worker

(node:2921446) Warning: The 'NO_COLOR' env is ignored due to the 'FORCE_COLOR' env being set.
(Use `node --trace-warnings ...` to show where the warning was created)
  ✓   1 [chromium] › tests/browser/network-dns-domain-filters.spec.ts:54:7 › AdGuard deny review retains domain-suffix semantics and exact readback (3.2s)
  ✓   2 [chromium] › tests/browser/network-dns-domain-filters.spec.ts:54:7 › AdGuard allow review retains domain-suffix semantics and exact readback (3.2s)
  ✓   3 [chromium] › tests/browser/network-dns-domain-filters.spec.ts:90:7 › Pi-hole exact addition retains zero native memberships (2.5s)
  ✓   4 [chromium] › tests/browser/network-dns-domain-filters.spec.ts:90:7 › Pi-hole exact addition retains empty native memberships (2.4s)
  ✓   5 [chromium] › tests/browser/network-dns-domain-filters.spec.ts:126:7 › Pi-hole removal retains null comment and existing groups (1.8s)
  ✓   6 [chromium] › tests/browser/network-dns-domain-filters.spec.ts:126:7 › Pi-hole removal retains empty comment and existing groups (1.9s)
  ✓   7 [chromium] › tests/browser/network-dns-domain-filters.spec.ts:126:7 › Pi-hole removal retains text comment and existing groups (2.1s)
  ✓   8 [chromium] › tests/browser/network-dns-domain-filters.spec.ts:145:5 › a refused filter review retains domain, disposition and group zero (2.0s)
  ✓   9 [chromium] › tests/browser/network-dns-domain-filters.spec.ts:164:5 › unknown native groups hold a Pi-hole filter draft after refresh (2.1s)
  ✓  10 [chromium] › tests/browser/network-dns-domain-filters.spec.ts:188:5 › a disappeared selected group remains correctable without losing the filter draft (2.8s)
  ✓  11 [chromium] › tests/browser/network-dns-domain-filters.spec.ts:231:5 › read-only domain controls cannot create a review (1.6s)
  ✓  12 [chromium] › tests/browser/network-dns-domain-filters.spec.ts:240:5 › Technitium keeps custom-domain controls outside its supported actions (1.1s)
  ✘  13 [chromium] › tests/browser/network-dns-domain-filters.spec.ts:258:7 › an open filter confirmation is held after selected-drift (7.0s)
(node:2924232) Warning: The 'NO_COLOR' env is ignored due to the 'FORCE_COLOR' env being set.
(Use `node --trace-warnings ...` to show where the warning was created)
  ✘  14 [chromium] › tests/browser/network-dns-domain-filters.spec.ts:258:7 › an open filter confirmation is held after missing-selection (7.1s)
(node:2924860) Warning: The 'NO_COLOR' env is ignored due to the 'FORCE_COLOR' env being set.
(Use `node --trace-warnings ...` to show where the warning was created)
  ✘  15 [chromium] › tests/browser/network-dns-domain-filters.spec.ts:258:7 › an open filter confirmation is held after lost-reading (7.3s)
(node:2925758) Warning: The 'NO_COLOR' env is ignored due to the 'FORCE_COLOR' env being set.
(Use `node --trace-warnings ...` to show where the warning was created)
  ✘  16 [chromium] › tests/browser/network-dns-domain-filters.spec.ts:258:7 › an open filter confirmation is held after retained-drift (7.3s)
(node:2926321) Warning: The 'NO_COLOR' env is ignored due to the 'FORCE_COLOR' env being set.
(Use `node --trace-warnings ...` to show where the warning was created)
  ✓  17 [chromium] › tests/browser/network-dns-domain-filters.spec.ts:297:7 › uncertain native readback labels duplicate policy without claiming absence (2.0s)
  ✓  18 [chromium] › tests/browser/network-dns-domain-filters.spec.ts:297:7 › uncertain native readback labels other-target policy without claiming absence (1.7s)
  ✓  19 [chromium] › tests/browser/network-dns-domain-filters.spec.ts:344:9 › adguard domain form and retained review fit 390px (2.5s)
  ✓  20 [chromium] › tests/browser/network-dns-domain-filters.spec.ts:344:9 › adguard domain form and retained review fit 1280px (2.4s)
  ✓  21 [chromium] › tests/browser/network-dns-domain-filters.spec.ts:344:9 › adguard domain form and retained review fit 1720px (2.5s)
  ✓  22 [chromium] › tests/browser/network-dns-domain-filters.spec.ts:344:9 › pihole domain form and retained review fit 390px (2.5s)
  ✓  23 [chromium] › tests/browser/network-dns-domain-filters.spec.ts:344:9 › pihole domain form and retained review fit 1280px (2.4s)
  ✓  24 [chromium] › tests/browser/network-dns-domain-filters.spec.ts:344:9 › pihole domain form and retained review fit 1720px (2.7s)


  1) [chromium] › tests/browser/network-dns-domain-filters.spec.ts:258:7 › an open filter confirmation is held after selected-drift

    Error: expect(locator).toBeDisabled() failed

    Locator: locator('[data-slot=sheet-content]').getByRole('button', { name: 'Apply reviewed native change', exact: true })
    Expected: disabled
    Timeout: 5000ms
    Error: element(s) not found

    Call log:
      - Expect "toBeDisabled" with timeout 5000ms
      - waiting for locator('[data-slot=sheet-content]').getByRole('button', { name: 'Apply reviewed native change', exact: true })


      282 |     else control.currentFailure = true
      283 |     await page.clock.fastForward(5500)
    > 284 |     await expect(applyReview(page)).toBeDisabled()
          |                                     ^
      285 |     await dialog.getByRole("button", { name: "Apply native change", exact: true }).click()
      286 |     await expect(
      287 |       sheet(page)
        at /home/ubuntu/Just-Dashboard-network-dns-domain-filter-ui/frontend/tests/browser/network-dns-domain-filters.spec.ts:284:37

    attachment #1: screenshot (image/png) ──────────────────────────────────────────────────────────
    ../../jd-network-validation-tmp/dns-domain-filter-ui-browser-first-output/network-dns-domain-filters-2240f-s-held-after-selected-drift-chromium/test-failed-1.png
    ────────────────────────────────────────────────────────────────────────────────────────────────

    Error Context: ../../jd-network-validation-tmp/dns-domain-filter-ui-browser-first-output/network-dns-domain-filters-2240f-s-held-after-selected-drift-chromium/error-context.md

    attachment #3: trace (application/zip) ─────────────────────────────────────────────────────────
    ../../jd-network-validation-tmp/dns-domain-filter-ui-browser-first-output/network-dns-domain-filters-2240f-s-held-after-selected-drift-chromium/trace.zip
    Usage:

        npx playwright show-trace ../../jd-network-validation-tmp/dns-domain-filter-ui-browser-first-output/network-dns-domain-filters-2240f-s-held-after-selected-drift-chromium/trace.zip

    ────────────────────────────────────────────────────────────────────────────────────────────────

  2) [chromium] › tests/browser/network-dns-domain-filters.spec.ts:258:7 › an open filter confirmation is held after missing-selection

    Error: expect(locator).toBeDisabled() failed

    Locator: locator('[data-slot=sheet-content]').getByRole('button', { name: 'Apply reviewed native change', exact: true })
    Expected: disabled
    Timeout: 5000ms
    Error: element(s) not found

    Call log:
      - Expect "toBeDisabled" with timeout 5000ms
      - waiting for locator('[data-slot=sheet-content]').getByRole('button', { name: 'Apply reviewed native change', exact: true })


      282 |     else control.currentFailure = true
      283 |     await page.clock.fastForward(5500)
    > 284 |     await expect(applyReview(page)).toBeDisabled()
          |                                     ^
      285 |     await dialog.getByRole("button", { name: "Apply native change", exact: true }).click()
      286 |     await expect(
      287 |       sheet(page)
        at /home/ubuntu/Just-Dashboard-network-dns-domain-filter-ui/frontend/tests/browser/network-dns-domain-filters.spec.ts:284:37

    attachment #1: screenshot (image/png) ──────────────────────────────────────────────────────────
    ../../jd-network-validation-tmp/dns-domain-filter-ui-browser-first-output/network-dns-domain-filters-79496-eld-after-missing-selection-chromium/test-failed-1.png
    ────────────────────────────────────────────────────────────────────────────────────────────────

    Error Context: ../../jd-network-validation-tmp/dns-domain-filter-ui-browser-first-output/network-dns-domain-filters-79496-eld-after-missing-selection-chromium/error-context.md

    attachment #3: trace (application/zip) ─────────────────────────────────────────────────────────
    ../../jd-network-validation-tmp/dns-domain-filter-ui-browser-first-output/network-dns-domain-filters-79496-eld-after-missing-selection-chromium/trace.zip
    Usage:

        npx playwright show-trace ../../jd-network-validation-tmp/dns-domain-filter-ui-browser-first-output/network-dns-domain-filters-79496-eld-after-missing-selection-chromium/trace.zip

    ────────────────────────────────────────────────────────────────────────────────────────────────

  3) [chromium] › tests/browser/network-dns-domain-filters.spec.ts:258:7 › an open filter confirmation is held after lost-reading

    Error: expect(locator).toBeDisabled() failed

    Locator: locator('[data-slot=sheet-content]').getByRole('button', { name: 'Apply reviewed native change', exact: true })
    Expected: disabled
    Timeout: 5000ms
    Error: element(s) not found

    Call log:
      - Expect "toBeDisabled" with timeout 5000ms
      - waiting for locator('[data-slot=sheet-content]').getByRole('button', { name: 'Apply reviewed native change', exact: true })


      282 |     else control.currentFailure = true
      283 |     await page.clock.fastForward(5500)
    > 284 |     await expect(applyReview(page)).toBeDisabled()
          |                                     ^
      285 |     await dialog.getByRole("button", { name: "Apply native change", exact: true }).click()
      286 |     await expect(
      287 |       sheet(page)
        at /home/ubuntu/Just-Dashboard-network-dns-domain-filter-ui/frontend/tests/browser/network-dns-domain-filters.spec.ts:284:37

    attachment #1: screenshot (image/png) ──────────────────────────────────────────────────────────
    ../../jd-network-validation-tmp/dns-domain-filter-ui-browser-first-output/network-dns-domain-filters-3c42b--is-held-after-lost-reading-chromium/test-failed-1.png
    ────────────────────────────────────────────────────────────────────────────────────────────────

    Error Context: ../../jd-network-validation-tmp/dns-domain-filter-ui-browser-first-output/network-dns-domain-filters-3c42b--is-held-after-lost-reading-chromium/error-context.md

    attachment #3: trace (application/zip) ─────────────────────────────────────────────────────────
    ../../jd-network-validation-tmp/dns-domain-filter-ui-browser-first-output/network-dns-domain-filters-3c42b--is-held-after-lost-reading-chromium/trace.zip
    Usage:

        npx playwright show-trace ../../jd-network-validation-tmp/dns-domain-filter-ui-browser-first-output/network-dns-domain-filters-3c42b--is-held-after-lost-reading-chromium/trace.zip

    ────────────────────────────────────────────────────────────────────────────────────────────────

  4) [chromium] › tests/browser/network-dns-domain-filters.spec.ts:258:7 › an open filter confirmation is held after retained-drift

    Error: expect(locator).toBeDisabled() failed

    Locator: locator('[data-slot=sheet-content]').getByRole('button', { name: 'Apply reviewed native change', exact: true })
    Expected: disabled
    Timeout: 5000ms
    Error: element(s) not found

    Call log:
      - Expect "toBeDisabled" with timeout 5000ms
      - waiting for locator('[data-slot=sheet-content]').getByRole('button', { name: 'Apply reviewed native change', exact: true })


      282 |     else control.currentFailure = true
      283 |     await page.clock.fastForward(5500)
    > 284 |     await expect(applyReview(page)).toBeDisabled()
          |                                     ^
      285 |     await dialog.getByRole("button", { name: "Apply native change", exact: true }).click()
      286 |     await expect(
      287 |       sheet(page)
        at /home/ubuntu/Just-Dashboard-network-dns-domain-filter-ui/frontend/tests/browser/network-dns-domain-filters.spec.ts:284:37

    attachment #1: screenshot (image/png) ──────────────────────────────────────────────────────────
    ../../jd-network-validation-tmp/dns-domain-filter-ui-browser-first-output/network-dns-domain-filters-4a125-s-held-after-retained-drift-chromium/test-failed-1.png
    ────────────────────────────────────────────────────────────────────────────────────────────────

    Error Context: ../../jd-network-validation-tmp/dns-domain-filter-ui-browser-first-output/network-dns-domain-filters-4a125-s-held-after-retained-drift-chromium/error-context.md

    attachment #3: trace (application/zip) ─────────────────────────────────────────────────────────
    ../../jd-network-validation-tmp/dns-domain-filter-ui-browser-first-output/network-dns-domain-filters-4a125-s-held-after-retained-drift-chromium/trace.zip
    Usage:

        npx playwright show-trace ../../jd-network-validation-tmp/dns-domain-filter-ui-browser-first-output/network-dns-domain-filters-4a125-s-held-after-retained-drift-chromium/trace.zip

    ────────────────────────────────────────────────────────────────────────────────────────────────

  4 failed
    [chromium] › tests/browser/network-dns-domain-filters.spec.ts:258:7 › an open filter confirmation is held after selected-drift
    [chromium] › tests/browser/network-dns-domain-filters.spec.ts:258:7 › an open filter confirmation is held after missing-selection
    [chromium] › tests/browser/network-dns-domain-filters.spec.ts:258:7 › an open filter confirmation is held after lost-reading
    [chromium] › tests/browser/network-dns-domain-filters.spec.ts:258:7 › an open filter confirmation is held after retained-drift
  20 passed (1.3m)
