TestDNSDomainFilterClosedEngineSemantics
TestDNSDomainFilterReviewedAddRemovePreservesNativePolicy
TestDNSDomainFilterFreshRawDriftAndLastReadRefusal
TestDNSDomainFilterUnknownDuplicateDisabledAndMissingRemovalRefuse
TestDNSDomainFilterUncertainNativeReplyAndForeignReadbackNeverReplay
TestDNSDomainFilterRetainedIntentGenerationAndExpiryRefuse
TestDNSDomainFilterGroupBoundsAndUnsupportedSelectedShapeRefuse
TestDNSDomainFilterAdGuardPreservesBlankCommentsAndRefusesModifiedTarget
TestDNSDomainFilterMalformedNativeIdentityNeverBecomesEmptyOrGroupZero
TestDNSDomainFilterJSONGroupsRejectNullAndKeepExplicitEmpty
TestDNSDomainFilterVersionBoundsAndCancellationRefuseWithoutEffects
TestDNSFilterAdGuardNativeMetadataAndRawDrift
TestDNSFilterMissingMalformedAndBoundsRemainUnknown
TestDNSFilterPiHoleGroupEmptyAndIndependentRuleKinds
TestDNSFilterPiHoleGroupElementsRequireActualIntegers
TestDNSFilterAdGuardNullRequiresExactPinnedWriterAndPresentFields
TestDNSFilterAdGuardRuleElementsRequireActualStrings
TestDNSFilterTechnitiumPinnedNullAndUnsupportedScopes
TestDNSFilterVersionCancellationAndConnectionGeneration
TestDNSFilterCancellationDuringNativeRequestAndUnavailableReadOnly
TestDNSNativeTLSIdentityRedirectAndProxyBoundary
TestDNSProvisionAllEngineSealingSingleUseAndOwnedLifecycle
TestDNSServiceSealsCredentialsAndKeepsReadOnlyClosed
TestDNSServiceConsumesConcurrentPlanExactlyOnceAndRetainsReadback
ok  	github.com/Wayy01/Just-Dashboard/backend/internal/dnsservice	0.006s
TestDNSDomainFilterAPIPrivateRetainedCurrentAndDestructiveApply
TestDNSServiceAPIPrivateCapabilitiesSealingAndAudit
ok  	github.com/Wayy01/Just-Dashboard/backend/internal/api	0.060s
