build 130s

Running 44 tests using 1 worker

  -   1 [chromium] › tests/browser/network-gateway.spec.ts:30:13 › screenshots › 390 wide › /network/gateway at 390
  -   2 [chromium] › tests/browser/network-gateway.spec.ts:30:13 › screenshots › 390 wide › /network/protection at 390
  -   3 [chromium] › tests/browser/network-gateway.spec.ts:54:11 › screenshots › 390 wide › the forward editor and the blocklist dialog at 390
  -   4 [chromium] › tests/browser/network-gateway.spec.ts:30:13 › screenshots › 1440 wide › /network/gateway at 1440
  -   5 [chromium] › tests/browser/network-gateway.spec.ts:30:13 › screenshots › 1440 wide › /network/protection at 1440
  -   6 [chromium] › tests/browser/network-gateway.spec.ts:54:11 › screenshots › 1440 wide › the forward editor and the blocklist dialog at 1440
  ✓   7 [chromium] › tests/browser/network-gateway.spec.ts:69:5 › the gateway draws the picture, the readings and both lists (1.5s)
  ✓   8 [chromium] › tests/browser/network-gateway.spec.ts:100:5 › a forward made by hand sends exactly what the form says (2.8s)
  ✓   9 [chromium] › tests/browser/network-gateway.spec.ts:132:5 › switching a forward off asks first and sends the whole forward with enabled false (1.6s)
  ✘  10 [chromium] › tests/browser/network-gateway.spec.ts:159:5 › forwarding being off is fixed in the form, and the form sends itself again (7.3s)
  ✓  11 [chromium] › tests/browser/network-gateway.spec.ts:204:5 › a firewall that will not let the gateway write says why and turns the commands off (1.0s)
  ✓  12 [chromium] › tests/browser/network-gateway.spec.ts:232:5 › a NAT entry the VPN page made is read-only here and leads there (1.3s)
  ✘  13 [chromium] › tests/browser/network-gateway.spec.ts:245:5 › a NAT entry made by hand sends exactly what the form says (1.6s)
  ✓  14 [chromium] › tests/browser/network-gateway.spec.ts:271:5 › a country blocklist sends lower-case codes (2.7s)
  ✓  15 [chromium] › tests/browser/network-gateway.spec.ts:298:5 › a feed is picked by its preset and a manual list by its addresses (3.5s)
  ✓  16 [chromium] › tests/browser/network-gateway.spec.ts:333:5 › the protection page reads the lists, the limits and the trusted set (1.5s)
  ✓  17 [chromium] › tests/browser/network-gateway.spec.ts:351:5 › a list holding the reader's address and an untrusted reader are each said (1.2s)
  ✓  18 [chromium] › tests/browser/network-gateway.spec.ts:366:5 › staged kernel settings post exactly the settings that changed (2.4s)
  ✓  19 [chromium] › tests/browser/network-gateway.spec.ts:396:5 › a number outside its range holds the apply back (1.3s)
  ✓  20 [chromium] › tests/browser/network-gateway.spec.ts:407:5 › a rate limit sends what the form says (2.0s)
  ✓  21 [chromium] › tests/browser/network-gateway.spec.ts:492:9 › every control in every dialog has a name › a new forward (1.3s)
  ✓  22 [chromium] › tests/browser/network-gateway.spec.ts:492:9 › every control in every dialog has a name › an existing forward (1.7s)
  ✓  23 [chromium] › tests/browser/network-gateway.spec.ts:492:9 › every control in every dialog has a name › a new NAT entry (1.5s)
  ✓  24 [chromium] › tests/browser/network-gateway.spec.ts:492:9 › every control in every dialog has a name › an existing NAT entry (2.0s)
  ✓  25 [chromium] › tests/browser/network-gateway.spec.ts:492:9 › every control in every dialog has a name › a new blocklist (2.6s)
  ✓  26 [chromium] › tests/browser/network-gateway.spec.ts:492:9 › every control in every dialog has a name › an existing country list (2.5s)
  ✓  27 [chromium] › tests/browser/network-gateway.spec.ts:492:9 › every control in every dialog has a name › an existing manual list (1.8s)
  ✓  28 [chromium] › tests/browser/network-gateway.spec.ts:492:9 › every control in every dialog has a name › a new limit (1.7s)
  ✓  29 [chromium] › tests/browser/network-gateway.spec.ts:492:9 › every control in every dialog has a name › an existing limit (1.9s)
  ✓  30 [chromium] › tests/browser/network-gateway.spec.ts:505:7 › every control in every dialog has a name › each kind of a new blocklist (3.1s)
  ✓  31 [chromium] › tests/browser/network-gateway.spec.ts:528:7 › installed, measured and previewed › a forward's row says what is installed and what was measured (1.1s)
  ✓  32 [chromium] › tests/browser/network-gateway.spec.ts:542:7 › installed, measured and previewed › the editor checks the target, shows external evidence and re-decides (2.5s)
  ✓  33 [chromium] › tests/browser/network-gateway.spec.ts:585:7 › installed, measured and previewed › a new forward's editor previews what saving would do (2.3s)
  ✘  34 [chromium] › tests/browser/network-gateway.spec.ts:617:7 › installed, measured and previewed › a one-to-one NAT entry sends its mode and public side (1.7s)
  ✘  35 [chromium] › tests/browser/network-gateway.spec.ts:643:7 › installed, measured and previewed › policy evidence shows each entry's modeled flow and what was not read (5.9s)
  ✘  36 [chromium] › tests/browser/network-gateway.spec.ts:653:7 › protection lifecycle › lists say their schedule, last change, integrity and staleness (6.9s)
  ✘  37 [chromium] › tests/browser/network-gateway.spec.ts:664:7 › protection lifecycle › a list's preview names this server's networks, open sessions and geography (8.5s)
  ✓  38 [chromium] › tests/browser/network-gateway.spec.ts:721:7 › protection lifecycle › open sessions from a listed network are counted, then ended on confirmation (3.3s)
  ✓  39 [chromium] › tests/browser/network-gateway.spec.ts:757:7 › protection lifecycle › exceptions list what they let through and a new one says why and until when (2.0s)
  ✓  40 [chromium] › tests/browser/network-gateway.spec.ts:785:7 › protection lifecycle › a stale kept address is said, and confirming it records a review (1.6s)
  ✓  41 [chromium] › tests/browser/network-gateway.spec.ts:801:7 › protection lifecycle › a service profile fills a new limit and a limit shows what is open now (2.8s)
  ✓  42 [chromium] › tests/browser/network-gateway.spec.ts:834:7 › protection lifecycle › the connection table panel says what points at a cause (1.5s)
  ✓  43 [chromium] › tests/browser/network-gateway.spec.ts:843:7 › protection lifecycle › a read-only reader never asks for the connection table (1.3s)
  ✓  44 [chromium] › tests/browser/network-gateway.spec.ts:859:7 › protection lifecycle › a workload profile stages its values and per-interface values are shown (2.2s)


  1) [chromium] › tests/browser/network-gateway.spec.ts:159:5 › forwarding being off is fixed in the form, and the form sends itself again 

    Error: expect(received).toBe(expected) // Object.is equality

    Expected: 3
    Received: 4

    Call Log:
    - Timeout 5000ms exceeded while waiting on the predicate

      192 |   await sheet.getByRole("button", { name: "Forward port" }).click()
      193 |   await sheet.getByRole("button", { name: "Turn on IPv4 forwarding" }).click()
    > 194 |   await expect.poll(() => mutations.length).toBe(3)
          |                                             ^
      195 |   expect(mutations.map((m) => `${m.method} ${m.path}`)).toEqual([
      196 |     "POST /network/gateway/forwards",
      197 |     "POST /network/forwarding/ipv4/on",
        at /home/ubuntu/Just-Dashboard-net-gateway/frontend/tests/browser/network-gateway.spec.ts:194:45

    attachment #1: screenshot (image/png) ──────────────────────────────────────────────────────────
    test-results/network-gateway-forwarding-6b4cd-the-form-sends-itself-again-chromium/test-failed-1.png
    ────────────────────────────────────────────────────────────────────────────────────────────────

    Error Context: test-results/network-gateway-forwarding-6b4cd-the-form-sends-itself-again-chromium/error-context.md

    attachment #3: trace (application/zip) ─────────────────────────────────────────────────────────
    test-results/network-gateway-forwarding-6b4cd-the-form-sends-itself-again-chromium/trace.zip
    Usage:

        npx playwright show-trace test-results/network-gateway-forwarding-6b4cd-the-form-sends-itself-again-chromium/trace.zip

    ────────────────────────────────────────────────────────────────────────────────────────────────

  2) [chromium] › tests/browser/network-gateway.spec.ts:245:5 › a NAT entry made by hand sends exactly what the form says 

    Error: locator.fill: Error: strict mode violation: getByRole('dialog').getByLabel('Network') resolved to 2 elements:
        1) <input value="" id="nat-source" data-slot="input" autocomplete="off" placeholder="10.20.0.0/24" class="h-11 w-full min-w-0 rounded-md border border-input bg-transparent px-3 py-1 text-base shadow-xs focus-ring transition-[color,box-shadow] selection:bg-primary selection:text-primary-foreground file:inline-flex file:h-7 file:border-0 file:bg-transparent file:text-sm file:font-medium file:text-foreground placeholder:text-muted-foreground disabled:pointer-events-none disabled:cursor-not-allowed disabled…/> aka getByRole('textbox', { name: 'Network', exact: true })
        2) <input value="" data-slot="input" autocomplete="off" id="nat-destinations" placeholder="192.0.2.0/24" class="h-11 w-full min-w-0 rounded-md border border-input bg-transparent px-3 py-1 text-base shadow-xs focus-ring transition-[color,box-shadow] selection:bg-primary selection:text-primary-foreground file:inline-flex file:h-7 file:border-0 file:bg-transparent file:text-sm file:font-medium file:text-foreground placeholder:text-muted-foreground disabled:pointer-events-none disabled:cursor-not-allowed di…/> aka getByRole('textbox', { name: 'Only to these networks' })

    Call log:
      - waiting for getByRole('dialog').getByLabel('Network')


      249 |   const sheet = page.getByRole("dialog")
      250 |   await sheet.getByLabel("Name").fill("Office VLAN")
    > 251 |   await sheet.getByLabel("Network").fill("10.30.0.0/24")
          |                                     ^
      252 |   await sheet.getByLabel("Leaves through").click()
      253 |   await page.getByRole("option", { name: "ens3" }).click()
      254 |   await sheet.getByRole("button", { name: "Share network" }).click()
        at /home/ubuntu/Just-Dashboard-net-gateway/frontend/tests/browser/network-gateway.spec.ts:251:37

    attachment #1: screenshot (image/png) ──────────────────────────────────────────────────────────
    test-results/network-gateway-a-NAT-entr-a5f0b--exactly-what-the-form-says-chromium/test-failed-1.png
    ────────────────────────────────────────────────────────────────────────────────────────────────

    Error Context: test-results/network-gateway-a-NAT-entr-a5f0b--exactly-what-the-form-says-chromium/error-context.md

    attachment #3: trace (application/zip) ─────────────────────────────────────────────────────────
    test-results/network-gateway-a-NAT-entr-a5f0b--exactly-what-the-form-says-chromium/trace.zip
    Usage:

        npx playwright show-trace test-results/network-gateway-a-NAT-entr-a5f0b--exactly-what-the-form-says-chromium/trace.zip

    ────────────────────────────────────────────────────────────────────────────────────────────────

  3) [chromium] › tests/browser/network-gateway.spec.ts:617:7 › installed, measured and previewed › a one-to-one NAT entry sends its mode and public side 

    Error: locator.fill: Error: strict mode violation: getByRole('dialog').getByLabel('Network') resolved to 2 elements:
        1) <input value="" id="nat-source" data-slot="input" autocomplete="off" placeholder="10.20.0.0/24" class="h-11 w-full min-w-0 rounded-md border border-input bg-transparent px-3 py-1 text-base shadow-xs focus-ring transition-[color,box-shadow] selection:bg-primary selection:text-primary-foreground file:inline-flex file:h-7 file:border-0 file:bg-transparent file:text-sm file:font-medium file:text-foreground placeholder:text-muted-foreground disabled:pointer-events-none disabled:cursor-not-allowed disabled…/> aka getByRole('textbox', { name: 'Network', exact: true })
        2) <input value="" data-slot="input" autocomplete="off" id="nat-destinations" placeholder="192.0.2.0/24" class="h-11 w-full min-w-0 rounded-md border border-input bg-transparent px-3 py-1 text-base shadow-xs focus-ring transition-[color,box-shadow] selection:bg-primary selection:text-primary-foreground file:inline-flex file:h-7 file:border-0 file:bg-transparent file:text-sm file:font-medium file:text-foreground placeholder:text-muted-foreground disabled:pointer-events-none disabled:cursor-not-allowed di…/> aka getByRole('textbox', { name: 'Only to these networks' })

    Call log:
      - waiting for getByRole('dialog').getByLabel('Network')


      621 |     const sheet = page.getByRole("dialog")
      622 |     await sheet.getByLabel("Name").fill("Mail")
    > 623 |     await sheet.getByLabel("Network").fill("10.0.4.26")
          |                                       ^
      624 |     await sheet.getByLabel("Leaves through").click()
      625 |     await page.getByRole("option", { name: "ens3" }).click()
      626 |     await sheet.getByRole("button", { name: /One-to-one/ }).click()
        at /home/ubuntu/Just-Dashboard-net-gateway/frontend/tests/browser/network-gateway.spec.ts:623:39

    attachment #1: screenshot (image/png) ──────────────────────────────────────────────────────────
    test-results/network-gateway-installed--c63eb-ds-its-mode-and-public-side-chromium/test-failed-1.png
    ────────────────────────────────────────────────────────────────────────────────────────────────

    Error Context: test-results/network-gateway-installed--c63eb-ds-its-mode-and-public-side-chromium/error-context.md

    attachment #3: trace (application/zip) ─────────────────────────────────────────────────────────
    test-results/network-gateway-installed--c63eb-ds-its-mode-and-public-side-chromium/trace.zip
    Usage:

        npx playwright show-trace test-results/network-gateway-installed--c63eb-ds-its-mode-and-public-side-chromium/trace.zip

    ────────────────────────────────────────────────────────────────────────────────────────────────

  4) [chromium] › tests/browser/network-gateway.spec.ts:643:7 › installed, measured and previewed › policy evidence shows each entry's modeled flow and what was not read 

    Error: expect(locator).toBeVisible() failed

    Locator: getByText('Each entry’s flow, as modeled')
    Expected: visible
    Timeout: 5000ms
    Error: element(s) not found

    Call log:
      - Expect "toBeVisible" with timeout 5000ms
      - waiting for getByText('Each entry’s flow, as modeled')


      645 |   }) => {
      646 |     await open(page, "/network/gateway")
    > 647 |     await expect(page.getByText("Each entry\u2019s flow, as modeled")).toBeVisible()
          |                                                                        ^
      648 |     await expect(page.getByText("Arriving: A checked layer may drop it")).toBeVisible()
      649 |   })
      650 | })
        at /home/ubuntu/Just-Dashboard-net-gateway/frontend/tests/browser/network-gateway.spec.ts:647:72

    attachment #1: screenshot (image/png) ──────────────────────────────────────────────────────────
    test-results/network-gateway-installed--563e9--flow-and-what-was-not-read-chromium/test-failed-1.png
    ────────────────────────────────────────────────────────────────────────────────────────────────

    Error Context: test-results/network-gateway-installed--563e9--flow-and-what-was-not-read-chromium/error-context.md

    attachment #3: trace (application/zip) ─────────────────────────────────────────────────────────
    test-results/network-gateway-installed--563e9--flow-and-what-was-not-read-chromium/trace.zip
    Usage:

        npx playwright show-trace test-results/network-gateway-installed--563e9--flow-and-what-was-not-read-chromium/trace.zip

    ────────────────────────────────────────────────────────────────────────────────────────────────

  5) [chromium] › tests/browser/network-gateway.spec.ts:653:7 › protection lifecycle › lists say their schedule, last change, integrity and staleness 

    Error: expect(locator).toBeVisible() failed

    Locator: getByText(/Covers 412M IPv4 addresses \(9\.59% of IPv4\)/)
    Expected: visible
    Timeout: 5000ms
    Error: element(s) not found

    Call log:
      - Expect "toBeVisible" with timeout 5000ms
      - waiting for getByText(/Covers 412M IPv4 addresses \(9\.59% of IPv4\)/)


      659 |     const firehol = page.getByRole("listitem").filter({ hasText: "FireHOL level 1" })
      660 |     await expect(firehol.getByText(/failing \(3 tries\) · stale/)).toBeVisible()
    > 661 |     await expect(page.getByText(/Covers 412M IPv4 addresses \(9\.59% of IPv4\)/)).toBeVisible()
          |                                                                                   ^
      662 |   })
      663 |
      664 |   test("a list's preview names this server's networks, open sessions and geography", async ({
        at /home/ubuntu/Just-Dashboard-net-gateway/frontend/tests/browser/network-gateway.spec.ts:661:83

    attachment #1: screenshot (image/png) ──────────────────────────────────────────────────────────
    test-results/network-gateway-protection-49d4f-nge-integrity-and-staleness-chromium/test-failed-1.png
    ────────────────────────────────────────────────────────────────────────────────────────────────

    Error Context: test-results/network-gateway-protection-49d4f-nge-integrity-and-staleness-chromium/error-context.md

    attachment #3: trace (application/zip) ─────────────────────────────────────────────────────────
    test-results/network-gateway-protection-49d4f-nge-integrity-and-staleness-chromium/trace.zip
    Usage:

        npx playwright show-trace test-results/network-gateway-protection-49d4f-nge-integrity-and-staleness-chromium/trace.zip

    ────────────────────────────────────────────────────────────────────────────────────────────────

  6) [chromium] › tests/browser/network-gateway.spec.ts:664:7 › protection lifecycle › a list's preview names this server's networks, open sessions and geography 

    Error: expect(locator).toBeVisible() failed

    Locator: getByRole('dialog').getByText('Approximate geography.')
    Expected: visible
    Timeout: 5000ms
    Error: element(s) not found

    Call log:
      - Expect "toBeVisible" with timeout 5000ms
      - waiting for getByRole('dialog').getByText('Approximate geography.')


      716 |     await dialog.getByRole("searchbox", { name: "Search countries" }).fill("china")
      717 |     await dialog.getByRole("checkbox", { name: /China/ }).click()
    > 718 |     await expect(dialog.getByText("Approximate geography.")).toBeVisible()
          |                                                              ^
      719 |   })
      720 |
      721 |   test("open sessions from a listed network are counted, then ended on confirmation", async ({
        at /home/ubuntu/Just-Dashboard-net-gateway/frontend/tests/browser/network-gateway.spec.ts:718:62

    attachment #1: screenshot (image/png) ──────────────────────────────────────────────────────────
    test-results/network-gateway-protection-28712-open-sessions-and-geography-chromium/test-failed-1.png
    ────────────────────────────────────────────────────────────────────────────────────────────────

    Error Context: test-results/network-gateway-protection-28712-open-sessions-and-geography-chromium/error-context.md

    attachment #3: trace (application/zip) ─────────────────────────────────────────────────────────
    test-results/network-gateway-protection-28712-open-sessions-and-geography-chromium/trace.zip
    Usage:

        npx playwright show-trace test-results/network-gateway-protection-28712-open-sessions-and-geography-chromium/trace.zip

    ────────────────────────────────────────────────────────────────────────────────────────────────

  6 failed
    [chromium] › tests/browser/network-gateway.spec.ts:159:5 › forwarding being off is fixed in the form, and the form sends itself again 
    [chromium] › tests/browser/network-gateway.spec.ts:245:5 › a NAT entry made by hand sends exactly what the form says 
    [chromium] › tests/browser/network-gateway.spec.ts:617:7 › installed, measured and previewed › a one-to-one NAT entry sends its mode and public side 
    [chromium] › tests/browser/network-gateway.spec.ts:643:7 › installed, measured and previewed › policy evidence shows each entry's modeled flow and what was not read 
    [chromium] › tests/browser/network-gateway.spec.ts:653:7 › protection lifecycle › lists say their schedule, last change, integrity and staleness 
    [chromium] › tests/browser/network-gateway.spec.ts:664:7 › protection lifecycle › a list's preview names this server's networks, open sessions and geography 
  6 skipped
  32 passed (1.7m)
playwright 106s status 1
flock /home/ubuntu/.jd-heavy.lock -c   349.51s user 40.15s system 32% cpu 20:02.09 total
