
Running 55 tests using 1 worker

  ✓   1 [chromium] › tests/browser/network-gateway.spec.ts:30:13 › screenshots › 390 wide › /network/gateway at 390 (3.9s)
  ✓   2 [chromium] › tests/browser/network-gateway.spec.ts:30:13 › screenshots › 390 wide › /network/protection at 390 (5.5s)
  ✓   3 [chromium] › tests/browser/network-gateway.spec.ts:54:11 › screenshots › 390 wide › the forward editor and the blocklist dialog at 390 (4.5s)
  ✓   4 [chromium] › tests/browser/network-gateway.spec.ts:30:13 › screenshots › 1440 wide › /network/gateway at 1440 (3.4s)
  ✓   5 [chromium] › tests/browser/network-gateway.spec.ts:30:13 › screenshots › 1440 wide › /network/protection at 1440 (4.6s)
  ✓   6 [chromium] › tests/browser/network-gateway.spec.ts:54:11 › screenshots › 1440 wide › the forward editor and the blocklist dialog at 1440 (5.0s)
  ✓   7 [chromium] › tests/browser/network-gateway.spec.ts:69:5 › the gateway draws the picture, the readings and both lists (1.3s)
  ✓   8 [chromium] › tests/browser/network-gateway.spec.ts:100:5 › a forward made by hand sends exactly what the form says (2.7s)
  ✓   9 [chromium] › tests/browser/network-gateway.spec.ts:133:5 › switching a forward off asks first and sends the whole forward with enabled false (1.7s)
  ✓  10 [chromium] › tests/browser/network-gateway.spec.ts:160:5 › forwarding being off is fixed in the form, and the form sends itself again (2.1s)
  ✓  11 [chromium] › tests/browser/network-gateway.spec.ts:207:5 › a firewall that will not let the gateway write says why and turns the commands off (956ms)
  ✓  12 [chromium] › tests/browser/network-gateway.spec.ts:235:5 › a NAT entry the VPN page made is read-only here and leads there (1.4s)
  ✓  13 [chromium] › tests/browser/network-gateway.spec.ts:248:5 › a NAT entry made by hand sends exactly what the form says (2.3s)
  ✓  14 [chromium] › tests/browser/network-gateway.spec.ts:275:5 › a country blocklist sends lower-case codes (2.4s)
  ✓  15 [chromium] › tests/browser/network-gateway.spec.ts:302:5 › a feed is picked by its preset and a manual list by its addresses (3.6s)
  ✓  16 [chromium] › tests/browser/network-gateway.spec.ts:337:5 › the protection page reads the lists, the limits and the trusted set (1.5s)
  ✓  17 [chromium] › tests/browser/network-gateway.spec.ts:355:5 › a list holding the reader's address and an untrusted reader are each said (1.3s)
  ✓  18 [chromium] › tests/browser/network-gateway.spec.ts:370:5 › staged kernel settings post exactly the settings that changed (2.4s)
  ✓  19 [chromium] › tests/browser/network-gateway.spec.ts:400:5 › a number outside its range holds the apply back (1.3s)
  ✓  20 [chromium] › tests/browser/network-gateway.spec.ts:411:5 › a rate limit sends what the form says (2.2s)
  ✓  21 [chromium] › tests/browser/network-gateway.spec.ts:496:9 › every control in every dialog has a name › a new forward (1.5s)
  ✓  22 [chromium] › tests/browser/network-gateway.spec.ts:496:9 › every control in every dialog has a name › an existing forward (1.6s)
  ✓  23 [chromium] › tests/browser/network-gateway.spec.ts:496:9 › every control in every dialog has a name › a new NAT entry (1.5s)
  ✓  24 [chromium] › tests/browser/network-gateway.spec.ts:496:9 › every control in every dialog has a name › an existing NAT entry (1.8s)
  ✓  25 [chromium] › tests/browser/network-gateway.spec.ts:496:9 › every control in every dialog has a name › a new blocklist (3.3s)
  ✓  26 [chromium] › tests/browser/network-gateway.spec.ts:496:9 › every control in every dialog has a name › an existing country list (3.3s)
  ✓  27 [chromium] › tests/browser/network-gateway.spec.ts:496:9 › every control in every dialog has a name › an existing manual list (2.1s)
  ✓  28 [chromium] › tests/browser/network-gateway.spec.ts:496:9 › every control in every dialog has a name › a new limit (2.2s)
  ✓  29 [chromium] › tests/browser/network-gateway.spec.ts:496:9 › every control in every dialog has a name › an existing limit (2.6s)
  ✓  30 [chromium] › tests/browser/network-gateway.spec.ts:509:7 › every control in every dialog has a name › each kind of a new blocklist (4.1s)
  ✓  31 [chromium] › tests/browser/network-gateway.spec.ts:532:7 › installed, measured and previewed › a forward's row says what is installed and what was measured (1.3s)
  ✓  32 [chromium] › tests/browser/network-gateway.spec.ts:549:7 › installed, measured and previewed › the editor checks the target, shows external evidence and re-decides (2.9s)
  ✓  33 [chromium] › tests/browser/network-gateway.spec.ts:592:7 › installed, measured and previewed › a new forward's editor previews what saving would do (2.6s)
  ✓  34 [chromium] › tests/browser/network-gateway.spec.ts:624:7 › installed, measured and previewed › a one-to-one NAT entry sends its mode and public side (2.8s)
  ✓  35 [chromium] › tests/browser/network-gateway.spec.ts:650:7 › installed, measured and previewed › policy evidence shows each entry's modeled flow and what was not read (1.1s)
  ✓  36 [chromium] › tests/browser/network-gateway.spec.ts:660:7 › protection lifecycle › lists say their schedule, last change, integrity and staleness (1.8s)
  ✓  37 [chromium] › tests/browser/network-gateway.spec.ts:671:7 › protection lifecycle › a list's preview names this server's networks, open sessions and geography (4.1s)
  ✓  38 [chromium] › tests/browser/network-gateway.spec.ts:728:7 › protection lifecycle › open sessions from a listed network are counted, then ended on confirmation (3.5s)
  ✓  39 [chromium] › tests/browser/network-gateway.spec.ts:764:7 › protection lifecycle › exceptions list what they let through and a new one says why and until when (2.2s)
  ✓  40 [chromium] › tests/browser/network-gateway.spec.ts:792:7 › protection lifecycle › a stale kept address is said, and confirming it records a review (1.8s)
  ✓  41 [chromium] › tests/browser/network-gateway.spec.ts:808:7 › protection lifecycle › a service profile fills a new limit and a limit shows what is open now (2.3s)
  ✓  42 [chromium] › tests/browser/network-gateway.spec.ts:841:7 › protection lifecycle › the connection table panel says what points at a cause (1.4s)
  ✓  43 [chromium] › tests/browser/network-gateway.spec.ts:850:7 › protection lifecycle › a read-only reader never asks for the connection table (983ms)
  ✓  44 [chromium] › tests/browser/network-gateway.spec.ts:866:7 › protection lifecycle › a workload profile stages its values and per-interface values are shown (2.2s)
  ✓  45 [chromium] › tests/browser/network-policy-evidence.spec.ts:51:5 › a missing IPv6 INPUT rule is identified independently and repaired only after review (1.6s)
  ✓  46 [chromium] › tests/browser/network-policy-evidence.spec.ts:95:7 › unreadable admission evidence keeps its reason without offering an absent-rule repair (986ms)
  ✓  47 [chromium] › tests/browser/network-policy-evidence.spec.ts:95:7 › unsupported admission evidence keeps its reason without offering an absent-rule repair (1.1s)
  ✓  48 [chromium] › tests/browser/network-policy-evidence.spec.ts:109:5 › a reader can inspect absent admission evidence while repair remains unavailable (985ms)
  ✓  49 [chromium] › tests/browser/network-policy-evidence.spec.ts:122:5 › an explicit INPUT drop remains visible beside an accept policy and unverified layers (1.1s)
  ✓  50 [chromium] › tests/browser/network-policy-evidence.spec.ts:207:7 › missing cache reports zero current networks separately from retained kernel data (2.3s)
  ✓  51 [chromium] › tests/browser/network-policy-evidence.spec.ts:207:7 › unreadable cache reports zero current networks separately from retained kernel data (2.5s)
  ✓  52 [chromium] › tests/browser/network-policy-evidence.spec.ts:207:7 › invalid cache reports zero current networks separately from retained kernel data (2.8s)
  ✓  53 [chromium] › tests/browser/network-policy-evidence.spec.ts:230:5 › current cache, rendered policy, and drifted kernel generations remain separate (2.8s)
  ✓  54 [chromium] › tests/browser/network-policy-evidence.spec.ts:250:5 › an unreadable kernel set reports an unknown count and retains reader access to evidence (1.3s)
  ✓  55 [chromium] › tests/browser/network-policy-evidence.spec.ts:280:5 › a verified normalized address union may contain fewer kernel intervals than cached networks (1.7s)

  55 passed (2.2m)
