=== RUN   TestDNSServiceNativeOwnedEngine
    provision_live_test.go:215: engine=pihole nativeFilterVersion=v6.7.1 sources=0 rules=0 ruleEvidence=configured fingerprint=cb099727ddc992518d5184a22e590ffd1418cfec5635f61322faa69f28e03300 subscriptions=not_fetched decisions=unmeasured
    provision_live_test.go:274: engine=pihole nativeFilterVersion=v6.7.1 sources=0 rules=1 ruleEvidence=configured fingerprint=45696d5794685e91803a4759009a6cf2cf9670810fbd7c0511b298ee01f394b5 subscriptions=not_fetched decisions=unmeasured
    provision_live_test.go:321: Native exact-selection current read passed: override_add planned
    provision_live_test.go:326: Native exact-selection current read passed: override_add verified
    provision_live_test.go:321: Native exact-selection current read passed: override_add planned
    provision_live_test.go:326: Native exact-selection current read passed: override_add verified
    provision_live_test.go:321: Native exact-selection current read passed: client_groups planned
    provision_live_test.go:326: Native exact-selection current read passed: client_groups verified
    provision_live_test.go:321: Native exact-selection current read passed: filter_add planned
    provision_live_test.go:326: Native exact-selection current read passed: filter_add verified
    provision_live_test.go:334: native custom-domain configuration verified engine=pihole match=exact disposition=allow groups=&[0] decisions=unmeasured
    provision_live_test.go:321: Native exact-selection current read passed: filter_add planned
    provision_live_test.go:326: Native exact-selection current read passed: filter_add verified
    provision_live_test.go:334: native custom-domain configuration verified engine=pihole match=exact disposition=deny groups=&[] decisions=unmeasured
    provision_live_test.go:341: engine=pihole nativeFilterVersion=v6.7.1 sources=0 rules=3 ruleEvidence=configured fingerprint=5487aa14d75c7f4118c6c03dd5f3c3d2589e5a0c0f9d02b7fb1cd4a4dd2275a6 subscriptions=not_fetched decisions=unmeasured
    provision_live_test.go:381: engine=pihole nativeFilterVersion=v6.7.1 sources=0 rules=3 ruleEvidence=configured fingerprint=5487aa14d75c7f4118c6c03dd5f3c3d2589e5a0c0f9d02b7fb1cd4a4dd2275a6 subscriptions=not_fetched decisions=unmeasured
    provision_live_test.go:405: Native exact-selection current read passed: override_remove planned
    provision_live_test.go:410: Native exact-selection current read passed: override_remove verified
    provision_live_test.go:405: Native exact-selection current read passed: override_remove planned
    provision_live_test.go:410: Native exact-selection current read passed: override_remove verified
    provision_live_test.go:405: Native exact-selection current read passed: client_groups planned
    provision_live_test.go:410: Native exact-selection current read passed: client_groups verified
    provision_live_test.go:405: Native exact-selection current read passed: filter_remove planned
    provision_live_test.go:410: Native exact-selection current read passed: filter_remove verified
    provision_live_test.go:405: Native exact-selection current read passed: filter_remove planned
    provision_live_test.go:410: Native exact-selection current read passed: filter_remove verified
    provision_live_test.go:412: engine=pihole nativeFilterVersion=v6.7.1 sources=0 rules=1 ruleEvidence=configured fingerprint=45696d5794685e91803a4759009a6cf2cf9670810fbd7c0511b298ee01f394b5 subscriptions=not_fetched decisions=unmeasured
    provision_live_test.go:452: engine=pihole image=pihole/pihole@sha256:5b9c8cf51de7d6d3f2240dbe72baf5f06e1fd39cb4d77a99fab4fa13e23bd1be nativeVersion=v6.7.1 UDP/TCP=owned-fixture.invalid owner=1ce56e5fbb87442633e86c908526f5ab nativeReadback=verified restart=persisted predecessor=no_replay resources=cleaned
--- PASS: TestDNSServiceNativeOwnedEngine (90.49s)
PASS
