{
  "at": "2026-10-09T23:22:32Z",
  "bootId": "58a0a4dc-35b5-476d-8f1a-827a8333fe63",
  "evidence": {
    "driftBeforeReboot": {
      "boot": {
        "activeState": "inactive",
        "needDaemonReload": "no",
        "reason": null,
        "status": "matching",
        "unitFileState": "enabled"
      },
      "commands": [],
      "consistent": true,
      "execution": {
        "bootId": "58a0a4dc-35b5-476d-8f1a-827a8333fe63",
        "bootTrigger": "unknown",
        "finishedAt": null,
        "invocationId": null,
        "reason": "No measured activation is available in this boot; a default Result value proves no execution.",
        "result": null,
        "startedAt": null,
        "status": "unrecorded"
      },
      "files": 8,
      "notMatching": [
        {
          "id": "link:jdvm-veth0",
          "reason": "Some saved device attributes were not exposed by this kernel inventory.",
          "status": "unknown"
        },
        {
          "id": "gateway:jd_gateway",
          "reason": "Owned gateway structure is present; rule expression equality has not been established.",
          "status": "unknown"
        },
        {
          "id": "recovery-helper:/etc/just-dashboard/network/network-recovery",
          "reason": "file exceeds inspection limit",
          "status": "unreadable"
        }
      ],
      "repairPlan": {
        "blockers": [],
        "executable": false,
        "items": [],
        "status": "no_known_repairs"
      },
      "runtime": 32,
      "status": "unknown"
    },
    "journal": {
      "appliedAt": "2026-10-09T23:22:32.032804386Z",
      "boot": "enabled",
      "bootDependencies": 22,
      "commandTools": [
        "tc"
      ],
      "files": [
        "/etc/just-dashboard/network/shaping.batch",
        "/etc/just-dashboard/network/spec.json"
      ],
      "generation": "46983be01ff9a37c998b8784b7cf387ceed9f3c142e22ddf6e3ad1855f1fc01f",
      "id": "3e991ff1b2e836c9ada033f0b0b4f02d",
      "persistence": "written",
      "phase": "saved",
      "runtime": "applied",
      "updatedAt": "2026-10-09T23:22:32.078768621Z",
      "watchdog": "completed"
    },
    "kernelBeforeRebootMissing": [
      "forward 10 rule"
    ],
    "requests": [
      {
        "request": "POST /network/namespaces",
        "status": 201
      },
      {
        "request": "POST /network/links",
        "status": 201
      },
      {
        "request": "POST /network/links",
        "status": 201
      },
      {
        "request": "POST /network/links",
        "status": 201
      },
      {
        "request": "POST /network/links",
        "status": 201
      },
      {
        "request": "POST /network/links/jdvmdum1/addresses",
        "status": 200
      },
      {
        "request": "POST /network/routing/routes",
        "status": 201
      },
      {
        "request": "POST /network/routing/routes",
        "status": 201
      },
      {
        "request": "POST /network/routing/routes",
        "status": 201
      },
      {
        "request": "POST /network/routing/routes",
        "status": 201
      },
      {
        "request": "POST /network/routing/rules",
        "status": 201
      },
      {
        "request": "POST /network/routing/rules",
        "status": 201
      },
      {
        "request": "POST /network/routing/rules",
        "status": 201
      },
      {
        "request": "POST /network/forwarding/ipv4/on",
        "status": 200
      },
      {
        "request": "POST /network/gateway/nat",
        "status": 200
      },
      {
        "request": "POST /network/gateway/forwards",
        "status": 200
      },
      {
        "request": "POST /network/protection/limits",
        "status": 200
      },
      {
        "request": "POST /network/protection/blocklists",
        "status": 200
      },
      {
        "request": "POST /network/protection/settings",
        "status": 200
      },
      {
        "request": "POST /network/shaping/jdvmdum1",
        "status": 400
      },
      {
        "request": "POST /network/shaping/jdvmbr0",
        "status": 200
      },
      {
        "request": "POST /network/shaping/bbr",
        "status": 400
      }
    ],
    "specCounts": {
      "addresses": 1,
      "blocklists": 1,
      "forwards": 1,
      "limits": 1,
      "links": 5,
      "namespaces": 1,
      "nat": 1,
      "routes": 4,
      "rules": 3,
      "shaping": 1,
      "sysctls": 6
    },
    "unit": "# Generated by Just Dashboard from spec.json. Edits here are overwritten;\n# change the network on the dashboard's Network pages instead.\n[Unit]\nDescription=Just Dashboard network: the devices, routes, gateway and shaping it made\nDocumentation=https://github.com/JustDashboard/Just-Dashboard\nWants=network-online.target\nAfter=network-online.target systemd-networkd.service NetworkManager.service networking.service docker.service ufw.service firewalld.service\n# systemd-networkd removes routes and rules it did not make when it restarts\n# (netplan apply, an upgrade), so this unit restarts with it and puts them back.\nPartOf=systemd-networkd.service\n\n[Service]\nType=oneshot\n\t\tRemainAfterExit=yes\nExecStartPre=/etc/just-dashboard/network/network-recovery --network-recover-boot /etc/just-dashboard/network pending\nExecStart=-ip -force -batch /etc/just-dashboard/network/links.batch\nExecStart=-ip -6 -force -batch /etc/just-dashboard/network/rules6.batch\nExecStart=-tc -force -batch /etc/just-dashboard/network/shaping.batch\nExecStart=-nft -f /etc/just-dashboard/network/gateway.nft\nExecStart=-iptables -D FORWARD -m connmark --mark 0x4a000000/0xff000000 -m comment --comment just-dashboard-gateway -j ACCEPT\nExecStart=-iptables -I FORWARD 1 -m connmark --mark 0x4a000000/0xff000000 -m comment --comment just-dashboard-gateway -j ACCEPT\nExecStart=-iptables -D INPUT -m connmark --mark 0x4a000000/0xff000000 -m comment --comment just-dashboard-gateway -j ACCEPT\nExecStart=-iptables -I INPUT 1 -m connmark --mark 0x4a000000/0xff000000 -m comment --comment just-dashboard-gateway -j ACCEPT\nExecStart=-iptables -D DOCKER-USER -m connmark --mark 0x4a000000/0xff000000 -m comment --comment just-dashboard-gateway -j ACCEPT\nExecStart=-iptables -I DOCKER-USER 1 -m connmark --mark 0x4a000000/0xff000000 -m comment --comment just-dashboard-gateway -j ACCEPT\nExecStart=-ip6tables -D FORWARD -m connmark --mark 0x4a000000/0xff000000 -m comment --comment just-dashboard-gateway -j ACCEPT\nExecStart=-ip6tables -I FORWARD 1 -m connmark --mark 0x4a000000/0xff000000 -m comment --comment just-dashboard-gateway -j ACCEPT\nExecStart=-ip6tables -D INPUT -m connmark --mark 0x4a000000/0xff000000 -m comment --comment just-dashboard-gateway -j ACCEPT\nExecStart=-ip6tables -I INPUT 1 -m connmark --mark 0x4a000000/0xff000000 -m comment --comment just-dashboard-gateway -j ACCEPT\nExecStart=-ip6tables -D DOCKER-USER -m connmark --mark 0x4a000000/0xff000000 -m comment --comment just-dashboard-gateway -j ACCEPT\nExecStart=-ip6tables -I DOCKER-USER 1 -m connmark --mark 0x4a000000/0xff000000 -m comment --comment just-dashboard-gateway -j ACCEPT\nExecStart=-sysctl -q -p /etc/sysctl.d/90-just-dashboard.conf\nExecStop=-nft delete table inet jd_gateway\nExecStop=-iptables -D FORWARD -m connmark --mark 0x4a000000/0xff000000 -m comment --comment just-dashboard-gateway -j ACCEPT\nExecStop=-iptables -D INPUT -m connmark --mark 0x4a000000/0xff000000 -m comment --comment just-dashboard-gateway -j ACCEPT\nExecStop=-iptables -D DOCKER-USER -m connmark --mark 0x4a000000/0xff000000 -m comment --comment just-dashboard-gateway -j ACCEPT\nExecStop=-ip6tables -D FORWARD -m connmark --mark 0x4a000000/0xff000000 -m comment --comment just-dashboard-gateway -j ACCEPT\nExecStop=-ip6tables -D INPUT -m connmark --mark 0x4a000000/0xff000000 -m comment --comment just-dashboard-gateway -j ACCEPT\nExecStop=-ip6tables -D DOCKER-USER -m connmark --mark 0x4a000000/0xff000000 -m comment --comment just-dashboard-gateway -j ACCEPT\n\n[Install]\nWantedBy=multi-user.target systemd-networkd.service\n"
  },
  "failures": [
    "POST /network/shaping/jdvmdum1 -> 400: {'error': {'code': 'bad_request', 'message': 'tc printed unreadable shaping classes'}}",
    "POST /network/shaping/bbr -> 400: {'error': {'code': 'bad_request', 'message': 'this kernel does not have BBR loaded (the available algorithms are reno cubic). Load it on the host with `modprobe tcp_bbr`, then try again'}}",
    "drift before reboot: [{'id': 'link:jdvm-veth0', 'status': 'unknown', 'reason': 'Some saved device attributes were not exposed by this kernel inventory.'}, {'id': 'gateway:jd_gateway', 'status': 'unknown', 'reason': 'Owned gateway structure is present; rule expression equality has not been established.'}, {'id': 'recovery-helper:/etc/just-dashboard/network/network-recovery', 'status': 'unreadable', 'reason': 'file exceeds inspection limit'}]",
    "kernelBeforeReboot: saved objects missing from the kernel: ['forward 10 rule']"
  ],
  "phase": "c001-apply",
  "result": "fail",
  "seconds": 16.4
}
