{
  "at": "2026-10-09T23:30:11Z",
  "bootId": "04a7b20d-9fc2-4d8a-af72-eec2ca5daec9",
  "evidence": {
    "backendAtBoot": {
      "active": "inactive",
      "pid": "0",
      "startedThisBoot": false,
      "sub": "dead"
    },
    "driftAfterBoot": {
      "boot": {
        "activeState": "active",
        "needDaemonReload": "no",
        "reason": null,
        "status": "matching",
        "unitFileState": "enabled"
      },
      "commands": [
        [
          "sysctl",
          0,
          "exited"
        ]
      ],
      "consistent": true,
      "documentedUnknown": [
        "link:jdvm-veth0",
        "gateway:jd_gateway"
      ],
      "execution": {
        "bootId": "04a7b20d-9fc2-4d8a-af72-eec2ca5daec9",
        "bootTrigger": "unknown",
        "finishedAt": "Fri 2026-10-09 23:29:57 UTC",
        "invocationId": "b964ceb75df7434a92bb8286373d2932",
        "reason": "A measured activation exists, but complete command outcomes are unavailable.",
        "result": "success",
        "startedAt": "Fri 2026-10-09 23:29:57 UTC",
        "status": "unknown"
      },
      "files": 8,
      "notMatching": [
        {
          "id": "recovery-helper:/etc/just-dashboard/network/network-recovery",
          "reason": "file exceeds inspection limit",
          "status": "unreadable"
        }
      ],
      "repairPlan": {
        "blockers": [],
        "executable": false,
        "items": [],
        "status": "no_known_repairs"
      },
      "runtime": 34,
      "status": "unknown"
    },
    "journal": {
      "appliedAt": "2026-10-09T23:28:52.838791935Z",
      "boot": "enabled",
      "bootDependencies": 22,
      "commandTools": [
        "sysctl"
      ],
      "files": [
        "/etc/sysctl.d/90-just-dashboard.conf",
        "/etc/just-dashboard/network/spec.json"
      ],
      "generation": "1ab43373e0ccc5c8b1b278a01025e71dc605f8a8d6bdd1d78fc78f5c2897665a",
      "id": "66ce1172208774f5f24c33da0709f452",
      "persistence": "written",
      "phase": "saved",
      "runtime": "applied",
      "updatedAt": "2026-10-09T23:28:52.890893271Z",
      "watchdog": "completed"
    },
    "kernelAfterBootMissing": [],
    "networkUnit": {
      "ActiveState": "active",
      "ExecMainExitTimestamp": "Fri 2026-10-09 23:29:57 UTC",
      "ExecMainStartTimestampMonotonic": "13114874",
      "ExecMainStatus": "0",
      "InvocationID": "b964ceb75df7434a92bb8286373d2932",
      "Result": "success",
      "UnitFileState": "enabled"
    },
    "networkUnitCommands": [
      {
        "argv": "sysctl -q -p /etc/sysctl.d/90-just-dashboard.conf",
        "code": "exited",
        "ignoreErrors": "yes",
        "path": "sysctl",
        "status": "0"
      }
    ],
    "networkUnitJournal": [
      "2026-10-09T23:29:56.382886+00:00 jd-vm-reboot systemd[1]: Starting just-dashboard-network.service - Just Dashboard network: the devices, routes, gateway and shaping it made...",
      "2026-10-09T23:29:56.769800+00:00 jd-vm-reboot tc[716]: Error: Cannot delete qdisc with handle of zero.",
      "2026-10-09T23:29:56.769800+00:00 jd-vm-reboot tc[716]: Command failed /etc/just-dashboard/network/shaping.batch:4",
      "2026-10-09T23:29:57.095851+00:00 jd-vm-reboot iptables[800]: iptables: Bad rule (does a matching rule exist in that chain?).",
      "2026-10-09T23:29:57.127996+00:00 jd-vm-reboot iptables[811]: iptables: Bad rule (does a matching rule exist in that chain?).",
      "2026-10-09T23:29:57.160199+00:00 jd-vm-reboot iptables[817]: iptables: Bad rule (does a matching rule exist in that chain?).",
      "2026-10-09T23:29:57.173619+00:00 jd-vm-reboot iptables[819]: iptables: No chain/target/match by that name.",
      "2026-10-09T23:29:57.186493+00:00 jd-vm-reboot ip6tables[821]: ip6tables: Bad rule (does a matching rule exist in that chain?).",
      "2026-10-09T23:29:57.215060+00:00 jd-vm-reboot ip6tables[825]: ip6tables: Bad rule (does a matching rule exist in that chain?).",
      "2026-10-09T23:29:57.241919+00:00 jd-vm-reboot ip6tables[829]: ip6tables: Bad rule (does a matching rule exist in that chain?).",
      "2026-10-09T23:29:57.255086+00:00 jd-vm-reboot ip6tables[831]: ip6tables: No chain/target/match by that name.",
      "2026-10-09T23:29:57.275957+00:00 jd-vm-reboot systemd[1]: Finished just-dashboard-network.service - Just Dashboard network: the devices, routes, gateway and shaping it made."
    ],
    "recoveryUnit": {
      "ActiveState": "inactive",
      "ExecMainExitTimestamp": "Fri 2026-10-09 23:29:56 UTC",
      "ExecMainStartTimestampMonotonic": "11576738",
      "ExecMainStatus": "0",
      "Result": "success",
      "UnitFileState": "enabled"
    },
    "recoveryUnitJournal": [
      "2026-10-09T23:29:55.719292+00:00 jd-vm-reboot systemd[1]: Starting just-dashboard-network-recovery.service - Recover interrupted Just Dashboard network changes...",
      "2026-10-09T23:29:56.370016+00:00 jd-vm-reboot systemd[1]: just-dashboard-network-recovery.service: Deactivated successfully.",
      "2026-10-09T23:29:56.370272+00:00 jd-vm-reboot systemd[1]: Finished just-dashboard-network-recovery.service - Recover interrupted Just Dashboard network changes."
    ]
  },
  "failures": [
    "the saved spec changed across the reboot",
    "drift after boot: [{'id': 'recovery-helper:/etc/just-dashboard/network/network-recovery', 'status': 'unreadable', 'reason': 'file exceeds inspection limit'}]",
    "measured activation after boot: {'status': 'unknown', 'reason': 'A measured activation exists, but complete command outcomes are unavailable.', 'bootId': '04a7b20d-9fc2-4d8a-af72-eec2ca5daec9', 'invocationId': 'b964ceb75df7434a92bb8286373d2932', 'startedAt': 'Fri 2026-10-09 23:29:57 UTC', 'finishedAt': 'Fri 2026-10-09 23:29:57 UTC', 'result': 'success', 'bootTrigger': 'unknown'}"
  ],
  "phase": "c001-verify",
  "result": "fail",
  "seconds": 2.4
}
