{
  "at": "2026-10-09T23:33:05Z",
  "bootId": "04a7b20d-9fc2-4d8a-af72-eec2ca5daec9",
  "evidence": {
    "backendAfterKill": {
      "active": "failed",
      "pid": "0",
      "startedThisBoot": true,
      "sub": "failed"
    },
    "journalAtKill": {
      "appliedAt": "2026-10-09T23:33:05.47094415Z",
      "boot": "enabled",
      "bootDependencies": 22,
      "commandTools": [
        "ip"
      ],
      "expiresAt": "2026-10-09T23:34:35.422762082Z",
      "files": [
        "/etc/just-dashboard/network/links.batch",
        "/etc/just-dashboard/network/spec.json"
      ],
      "generation": "34839d61d20ae2eeff172328afd0b719e9868099d84471c1c49aaa9d7d9ab4b9",
      "id": "f737f299665e8ba1e14153d31cf34e94",
      "ownerUserId": 1,
      "persistence": "written",
      "phase": "awaiting_confirmation",
      "runtime": "applied",
      "updatedAt": "2026-10-09T23:33:05.520861347Z",
      "watchdog": "armed"
    },
    "timer": {
      "ActiveState": "active",
      "LoadState": "loaded",
      "NextElapseUSecMonotonic": "4min 51.310835s"
    }
  },
  "failures": [],
  "phase": "f4-kill awaiting_confirmation 10",
  "result": "pass",
  "seconds": 2.8
}
