{
  "at": "2026-10-09T23:34:53Z",
  "bootId": "04a7b20d-9fc2-4d8a-af72-eec2ca5daec9",
  "evidence": {
    "backendAfterKill": {
      "active": "failed",
      "pid": "0",
      "startedThisBoot": true,
      "sub": "failed"
    },
    "fired": "2026-10-09T23:34:53.633575285Z ip -j route get 1.1.1.1 journal=runtime_applied",
    "journalAtKill": {
      "appliedAt": "2026-10-09T23:34:53.617689588Z",
      "boot": "not_verified",
      "bootDependencies": 22,
      "commandTools": [
        "ip"
      ],
      "files": [
        "/etc/just-dashboard/network/links.batch",
        "/etc/just-dashboard/network/spec.json"
      ],
      "generation": "fec3a98bc635a786a499fd6b72742c58cd4e766b5978fdefe6ea7354f9de64b2",
      "id": "6e05015158284445eedfb7b289cd778d",
      "persistence": "not_written",
      "phase": "runtime_applied",
      "runtime": "applied",
      "updatedAt": "2026-10-09T23:34:53.617691086Z",
      "watchdog": "armed"
    },
    "requestError": "RemoteDisconnected('Remote end closed connection without response')",
    "timer": {
      "ActiveState": "active",
      "LoadState": "loaded",
      "NextElapseUSecMonotonic": "6min 39.466152s"
    }
  },
  "failures": [],
  "phase": "f4-kill runtime_applied 10",
  "result": "pass",
  "seconds": 1.8
}
