{
  "at": "2026-10-09T23:37:23Z",
  "bootId": "8c7b60a9-06a8-4759-8aba-1aa5a47e3f8b",
  "evidence": {
    "backend": {
      "active": "inactive",
      "pid": "0",
      "startedThisBoot": false,
      "sub": "dead"
    },
    "journal": {
      "appliedAt": "2026-10-09T23:36:37.494257316Z",
      "boot": "not_verified",
      "bootDependencies": 22,
      "commandTools": [
        "ip"
      ],
      "files": [
        "/etc/just-dashboard/network/links.batch",
        "/etc/just-dashboard/network/spec.json"
      ],
      "generation": "4512cbfb03124cc0469756fa280b6f826ada969e48a8fd9813a5c1ce3185a0b4",
      "id": "2aebd3916757d7be55c311efae9f238c",
      "persistence": "restored",
      "phase": "recovered",
      "runtime": "restored",
      "updatedAt": "2026-10-09T23:37:10.569365385Z",
      "watchdog": "recovered"
    },
    "networkUnit": {
      "ActiveState": "active",
      "ExecMainExitTimestamp": "Fri 2026-10-09 23:37:11 UTC",
      "ExecMainStartTimestampMonotonic": "12875222",
      "ExecMainStatus": "0",
      "InvocationID": "e4291283827846ea9aae4d732467de6a",
      "Result": "success",
      "UnitFileState": "enabled"
    },
    "networkUnitCommands": [
      {
        "argv": "sysctl -q -p /etc/sysctl.d/90-just-dashboard.conf",
        "code": "exited",
        "ignoreErrors": "yes",
        "path": "sysctl",
        "status": "0"
      }
    ],
    "networkUnitJournal": [
      "2026-10-09T23:37:10.602675+00:00 jd-vm-reboot systemd[1]: Starting just-dashboard-network.service - Just Dashboard network: the devices, routes, gateway and shaping it made...",
      "2026-10-09T23:37:10.708066+00:00 jd-vm-reboot ip[761]: Cannot create namespace file \"/run/netns/jdvmns\": File exists",
      "2026-10-09T23:37:10.708066+00:00 jd-vm-reboot ip[761]: Command failed /etc/just-dashboard/network/links.batch:3",
      "2026-10-09T23:37:10.708517+00:00 jd-vm-reboot ip[761]: RTNETLINK answers: File exists",
      "2026-10-09T23:37:10.708517+00:00 jd-vm-reboot ip[761]: Command failed /etc/just-dashboard/network/links.batch:4",
      "2026-10-09T23:37:10.708517+00:00 jd-vm-reboot ip[761]: RTNETLINK answers: File exists",
      "2026-10-09T23:37:10.708517+00:00 jd-vm-reboot ip[761]: Command failed /etc/just-dashboard/network/links.batch:5",
      "2026-10-09T23:37:10.708517+00:00 jd-vm-reboot ip[761]: RTNETLINK answers: File exists",
      "2026-10-09T23:37:10.708517+00:00 jd-vm-reboot ip[761]: Command failed /etc/just-dashboard/network/links.batch:6",
      "2026-10-09T23:37:10.708517+00:00 jd-vm-reboot ip[761]: RTNETLINK answers: File exists",
      "2026-10-09T23:37:10.708517+00:00 jd-vm-reboot ip[761]: Command failed /etc/just-dashboard/network/links.batch:7",
      "2026-10-09T23:37:10.708517+00:00 jd-vm-reboot ip[761]: RTNETLINK answers: File exists",
      "2026-10-09T23:37:10.708517+00:00 jd-vm-reboot ip[761]: Command failed /etc/just-dashboard/network/links.batch:8",
      "2026-10-09T23:37:10.708828+00:00 jd-vm-reboot ip[761]: Error: ipv4: Address already assigned.",
      "2026-10-09T23:37:10.708828+00:00 jd-vm-reboot ip[761]: Command failed /etc/just-dashboard/network/links.batch:11",
      "2026-10-09T23:37:10.708828+00:00 jd-vm-reboot ip[761]: Error: ipv4: Address already assigned.",
      "2026-10-09T23:37:10.708828+00:00 jd-vm-reboot ip[761]: Command failed /etc/just-dashboard/network/links.batch:12",
      "2026-10-09T23:37:10.708828+00:00 jd-vm-reboot ip[761]: Error: ipv6: address already assigned.",
      "2026-10-09T23:37:10.708828+00:00 jd-vm-reboot ip[761]: Command failed /etc/just-dashboard/network/links.batch:13",
      "2026-10-09T23:37:10.708828+00:00 jd-vm-reboot ip[761]: Error: ipv4: Address already assigned.",
      "2026-10-09T23:37:10.708828+00:00 jd-vm-reboot ip[761]: Command failed /etc/just-dashboard/network/links.batch:14",
      "2026-10-09T23:37:10.708828+00:00 jd-vm-reboot ip[761]: Error: ipv4: Address already assigned.",
      "2026-10-09T23:37:10.708828+00:00 jd-vm-reboot ip[761]: Command failed /etc/just-dashboard/network/links.batch:15",
      "2026-10-09T23:37:10.708828+00:00 jd-vm-reboot ip[761]: Error: ipv4: Address already assigned.",
      "2026-10-09T23:37:10.708828+00:00 jd-vm-reboot ip[761]: Command failed /etc/just-dashboard/network/links.batch:16",
      "2026-10-09T23:37:10.711333+00:00 jd-vm-reboot ip[763]: Error: ipv4: Address already assigned.",
      "2026-10-09T23:37:10.711569+00:00 jd-vm-reboot ip[761]: Command failed /etc/just-dashboard/network/links.batch:17",
      "2026-10-09T23:37:10.759180+00:00 jd-vm-reboot tc[769]: Error: Cannot delete qdisc with handle of zero.",
      "2026-10-09T23:37:10.759180+00:00 jd-vm-reboot tc[769]: Command failed /etc/just-dashboard/network/shaping.batch:4",
      "2026-10-09T23:37:11.115445+00:00 jd-vm-reboot iptables[853]: iptables: Bad rule (does a matching rule exist in that chain?).",
      "2026-10-09T23:37:11.161548+00:00 jd-vm-reboot iptables[860]: iptables: Bad rule (does a matching rule exist in that chain?).",
      "2026-10-09T23:37:11.187464+00:00 jd-vm-reboot iptables[864]: iptables: Bad rule (does a matching rule exist in that chain?).",
      "2026-10-09T23:37:11.198229+00:00 jd-vm-reboot iptables[866]: iptables: No chain/target/match by that name.",
      "2026-10-09T23:37:11.210075+00:00 jd-vm-reboot ip6tables[867]: ip6tables: Bad rule (does a matching rule exist in that chain?).",
      "2026-10-09T23:37:11.231968+00:00 jd-vm-reboot ip6tables[871]: ip6tables: Bad rule (does a matching rule exist in that chain?).",
      "2026-10-09T23:37:11.266441+00:00 jd-vm-reboot ip6tables[880]: ip6tables: Bad rule (does a matching rule exist in that chain?).",
      "2026-10-09T23:37:11.278126+00:00 jd-vm-reboot ip6tables[881]: ip6tables: No chain/target/match by that name.",
      "2026-10-09T23:37:11.297227+00:00 jd-vm-reboot systemd[1]: Finished just-dashboard-network.service - Just Dashboard network: the devices, routes, gateway and shaping it made."
    ],
    "priorGenerationInKernelMissing": [],
    "recoveryUnit": {
      "ActiveState": "inactive",
      "ExecMainExitTimestamp": "Fri 2026-10-09 23:37:10 UTC",
      "ExecMainStartTimestampMonotonic": "10956148",
      "ExecMainStatus": "0",
      "Result": "success",
      "UnitFileState": "enabled"
    },
    "recoveryUnitArgv": [
      "/etc/just-dashboard/network/network-recovery --network-recover-boot /etc/just-dashboard/network pending"
    ],
    "recoveryUnitJournal": [
      "2026-10-09T23:37:09.361592+00:00 jd-vm-reboot systemd[1]: Starting just-dashboard-network-recovery.service - Recover interrupted Just Dashboard network changes...",
      "2026-10-09T23:37:10.589942+00:00 jd-vm-reboot systemd[1]: just-dashboard-network-recovery.service: Deactivated successfully.",
      "2026-10-09T23:37:10.590196+00:00 jd-vm-reboot systemd[1]: Finished just-dashboard-network-recovery.service - Recover interrupted Just Dashboard network changes."
    ]
  },
  "failures": [],
  "phase": "f4-boot persisted-10",
  "result": "pass",
  "seconds": 0.2
}
