{
  "at": "2026-10-10T00:44:02Z",
  "bootId": "c2f179c6-ea82-4adf-8091-f289044aaf71",
  "evidence": {
    "candidateFile": {
      "inode": 23485,
      "mode": "0o600",
      "path": "/etc/netplan/60-jdvm-networkd.yaml",
      "sha256": "f5ca3599ffddbb05884923e6b4d720064bcf509098cb0b37802b8d03be3ed810"
    },
    "journalAtKill": {
      "appliedAt": "2026-10-10T00:44:01.473958793Z",
      "boot": "enabled",
      "bootDependencies": 0,
      "cleanup": "pending",
      "commandTools": [
        "native"
      ],
      "expiresAt": "2026-10-10T00:45:31.386773287Z",
      "files": [],
      "generation": "82a6cf03df1630bdee41f867e5abc267296b1c4df4bbac75487d53322aeee6b6",
      "id": "208060b5d6a6151015ea945a4ffbe3be",
      "ownerUserId": 1,
      "persistence": "written",
      "phase": "awaiting_confirmation",
      "runtime": "applied",
      "updatedAt": "2026-10-10T00:44:01.886766899Z",
      "watchdog": "armed"
    },
    "networkdSettled": true
  },
  "failures": [],
  "phase": "p11-kill netplan-networkd 17",
  "result": "pass",
  "seconds": 4.9
}
