{
  "at": "2026-10-10T00:50:34Z",
  "bootId": "d8beee61-a2bc-4035-b573-7891022c697d",
  "evidence": {
    "backend": {
      "active": "inactive",
      "pid": "0",
      "startedThisBoot": false,
      "sub": "dead"
    },
    "file": {
      "inode": 16085,
      "mode": "0o644",
      "path": "/etc/systemd/network/30-jdvm-direct.network",
      "sha256": "0b9543db3f328545cc21416bd48e195da6364ecd7906309ba29163749631f042"
    },
    "journal": {
      "appliedAt": "2026-10-10T00:50:04.834816931Z",
      "boot": "enabled",
      "bootDependencies": 0,
      "cleanup": "complete",
      "commandTools": [
        "native"
      ],
      "expiresAt": "2026-10-10T00:51:34.605372384Z",
      "files": [],
      "generation": "8582336fa74ff84184e35560e47a1091fa3bf687f9cec01c5bf426ed25bc75d9",
      "id": "40e3a4f1e85ff1eff68457c1db9ce26c",
      "ownerUserId": 1,
      "persistence": "restored",
      "phase": "recovered",
      "runtime": "restored",
      "updatedAt": "2026-10-10T00:50:28.858273293Z",
      "watchdog": "recovered"
    },
    "networkUnit": {
      "ActiveState": "active",
      "ExecMainExitTimestamp": "Sat 2026-10-10 00:50:30 UTC",
      "ExecMainStartTimestampMonotonic": "17913325",
      "ExecMainStatus": "0",
      "InvocationID": "807a62e4404a4d58a2bd93294136e089",
      "Result": "success",
      "UnitFileState": "enabled"
    },
    "networkUnitCommands": [
      {
        "argv": "ip -force -batch /etc/just-dashboard/network/links.batch",
        "code": "exited",
        "ignoreErrors": "yes",
        "path": "ip",
        "status": "0"
      },
      {
        "argv": "ip -6 -force -batch /etc/just-dashboard/network/rules6.batch",
        "code": "exited",
        "ignoreErrors": "yes",
        "path": "ip",
        "status": "0"
      },
      {
        "argv": "tc -force -batch /etc/just-dashboard/network/shaping.batch",
        "code": "exited",
        "ignoreErrors": "yes",
        "path": "tc",
        "status": "1"
      },
      {
        "argv": "nft -f /etc/just-dashboard/network/gateway.nft",
        "code": "exited",
        "ignoreErrors": "yes",
        "path": "nft",
        "status": "0"
      },
      {
        "argv": "iptables -D FORWARD -m connmark --mark 0x4a000000/0xff000000 -m comment --comment just-dashboard-gateway -j ACCEPT",
        "code": "exited",
        "ignoreErrors": "yes",
        "path": "iptables",
        "status": "1"
      },
      {
        "argv": "iptables -I FORWARD 1 -m connmark --mark 0x4a000000/0xff000000 -m comment --comment just-dashboard-gateway -j ACCEPT",
        "code": "exited",
        "ignoreErrors": "yes",
        "path": "iptables",
        "status": "0"
      },
      {
        "argv": "iptables -D INPUT -m connmark --mark 0x4a000000/0xff000000 -m comment --comment just-dashboard-gateway -j ACCEPT",
        "code": "exited",
        "ignoreErrors": "yes",
        "path": "iptables",
        "status": "1"
      },
      {
        "argv": "iptables -I INPUT 1 -m connmark --mark 0x4a000000/0xff000000 -m comment --comment just-dashboard-gateway -j ACCEPT",
        "code": "exited",
        "ignoreErrors": "yes",
        "path": "iptables",
        "status": "0"
      },
      {
        "argv": "iptables -D DOCKER-USER -m connmark --mark 0x4a000000/0xff000000 -m comment --comment just-dashboard-gateway -j ACCEPT",
        "code": "exited",
        "ignoreErrors": "yes",
        "path": "iptables",
        "status": "1"
      },
      {
        "argv": "iptables -I DOCKER-USER 1 -m connmark --mark 0x4a000000/0xff000000 -m comment --comment just-dashboard-gateway -j ACCEPT",
        "code": "exited",
        "ignoreErrors": "yes",
        "path": "iptables",
        "status": "0"
      },
      {
        "argv": "ip6tables -D FORWARD -m connmark --mark 0x4a000000/0xff000000 -m comment --comment just-dashboard-gateway -j ACCEPT",
        "code": "exited",
        "ignoreErrors": "yes",
        "path": "ip6tables",
        "status": "1"
      },
      {
        "argv": "ip6tables -I FORWARD 1 -m connmark --mark 0x4a000000/0xff000000 -m comment --comment just-dashboard-gateway -j ACCEPT",
        "code": "exited",
        "ignoreErrors": "yes",
        "path": "ip6tables",
        "status": "0"
      },
      {
        "argv": "ip6tables -D INPUT -m connmark --mark 0x4a000000/0xff000000 -m comment --comment just-dashboard-gateway -j ACCEPT",
        "code": "exited",
        "ignoreErrors": "yes",
        "path": "ip6tables",
        "status": "1"
      },
      {
        "argv": "ip6tables -I INPUT 1 -m connmark --mark 0x4a000000/0xff000000 -m comment --comment just-dashboard-gateway -j ACCEPT",
        "code": "exited",
        "ignoreErrors": "yes",
        "path": "ip6tables",
        "status": "0"
      },
      {
        "argv": "ip6tables -D DOCKER-USER -m connmark --mark 0x4a000000/0xff000000 -m comment --comment just-dashboard-gateway -j ACCEPT",
        "code": "exited",
        "ignoreErrors": "yes",
        "path": "ip6tables",
        "status": "1"
      },
      {
        "argv": "ip6tables -I DOCKER-USER 1 -m connmark --mark 0x4a000000/0xff000000 -m comment --comment just-dashboard-gateway -j ACCEPT",
        "code": "exited",
        "ignoreErrors": "yes",
        "path": "ip6tables",
        "status": "0"
      },
      {
        "argv": "sysctl -q -p /etc/sysctl.d/90-just-dashboard.conf",
        "code": "exited",
        "ignoreErrors": "yes",
        "path": "sysctl",
        "status": "0"
      }
    ],
    "networkUnitFailedCommands": [
      {
        "argv": "tc -force -batch /etc/just-dashboard/network/shaping.batch",
        "code": "exited",
        "ignoreErrors": "yes",
        "path": "tc",
        "status": "1"
      },
      {
        "argv": "iptables -D FORWARD -m connmark --mark 0x4a000000/0xff000000 -m comment --comment just-dashboard-gateway -j ACCEPT",
        "code": "exited",
        "ignoreErrors": "yes",
        "path": "iptables",
        "status": "1"
      },
      {
        "argv": "iptables -D INPUT -m connmark --mark 0x4a000000/0xff000000 -m comment --comment just-dashboard-gateway -j ACCEPT",
        "code": "exited",
        "ignoreErrors": "yes",
        "path": "iptables",
        "status": "1"
      },
      {
        "argv": "iptables -D DOCKER-USER -m connmark --mark 0x4a000000/0xff000000 -m comment --comment just-dashboard-gateway -j ACCEPT",
        "code": "exited",
        "ignoreErrors": "yes",
        "path": "iptables",
        "status": "1"
      },
      {
        "argv": "ip6tables -D FORWARD -m connmark --mark 0x4a000000/0xff000000 -m comment --comment just-dashboard-gateway -j ACCEPT",
        "code": "exited",
        "ignoreErrors": "yes",
        "path": "ip6tables",
        "status": "1"
      },
      {
        "argv": "ip6tables -D INPUT -m connmark --mark 0x4a000000/0xff000000 -m comment --comment just-dashboard-gateway -j ACCEPT",
        "code": "exited",
        "ignoreErrors": "yes",
        "path": "ip6tables",
        "status": "1"
      },
      {
        "argv": "ip6tables -D DOCKER-USER -m connmark --mark 0x4a000000/0xff000000 -m comment --comment just-dashboard-gateway -j ACCEPT",
        "code": "exited",
        "ignoreErrors": "yes",
        "path": "ip6tables",
        "status": "1"
      }
    ],
    "networkUnitJournal": [
      "2026-10-10T00:50:28.898281+00:00 jd-vm-reboot systemd[1]: Starting just-dashboard-network.service - Just Dashboard network: the devices, routes, gateway and shaping it made...",
      "2026-10-10T00:50:29.303846+00:00 jd-vm-reboot tc[1014]: Error: Cannot delete qdisc with handle of zero.",
      "2026-10-10T00:50:29.303846+00:00 jd-vm-reboot tc[1014]: Command failed /etc/just-dashboard/network/shaping.batch:4",
      "2026-10-10T00:50:29.860612+00:00 jd-vm-reboot iptables[1070]: iptables: Bad rule (does a matching rule exist in that chain?).",
      "2026-10-10T00:50:29.900264+00:00 jd-vm-reboot iptables[1075]: iptables: Bad rule (does a matching rule exist in that chain?).",
      "2026-10-10T00:50:29.959123+00:00 jd-vm-reboot iptables[1079]: iptables: Bad rule (does a matching rule exist in that chain?).",
      "2026-10-10T00:50:29.989731+00:00 jd-vm-reboot ip6tables[1083]: ip6tables: Bad rule (does a matching rule exist in that chain?).",
      "2026-10-10T00:50:30.013683+00:00 jd-vm-reboot ip6tables[1087]: ip6tables: Bad rule (does a matching rule exist in that chain?).",
      "2026-10-10T00:50:30.040904+00:00 jd-vm-reboot ip6tables[1094]: ip6tables: Bad rule (does a matching rule exist in that chain?).",
      "2026-10-10T00:50:30.057002+00:00 jd-vm-reboot systemd[1]: Finished just-dashboard-network.service - Just Dashboard network: the devices, routes, gateway and shaping it made."
    ],
    "profile": {
      "boot": {
        "reason": "The existing persistent profile's native owner is enabled; no reboot was measured.",
        "status": "matching"
      },
      "configured": {
        "reason": "Supported intent was read from the existing selected native profile.",
        "status": "matching"
      },
      "contract": {
        "members": []
      },
      "device": "enp0s6",
      "editable": true,
      "intent": {
        "ipv4": {
          "addresses": [
            "10.0.6.15/24",
            "10.0.6.16/24"
          ],
          "dns": [
            "10.0.6.3"
          ],
          "domains": [
            "direct.jdvm.test"
          ],
          "ignoreAutoDns": false,
          "ignoreAutoRoutes": false,
          "method": "manual",
          "routes": [
            {
              "destination": "10.90.6.0/24",
              "gateway": "10.0.6.2",
              "metric": 100,
              "table": 254
            },
            {
              "destination": "10.91.6.0/24",
              "gateway": "10.0.6.2",
              "metric": 100,
              "table": 254
            }
          ]
        },
        "ipv6": {
          "addresses": [
            "fd00:6::15/64"
          ],
          "dns": [],
          "domains": [
            "direct.jdvm.test"
          ],
          "ignoreAutoDns": false,
          "ignoreAutoRoutes": false,
          "method": "manual",
          "routes": []
        }
      },
      "owner": "networkd",
      "refusal": null,
      "renderer": "networkd",
      "runtime": {
        "reason": "Kernel addresses/routes and the native owner's DNS/domains match supported intent; DHCP/RA acquisition was observed where required. Owner-default metrics remain owner-selected. No resolver/provider connectivity was probed.",
        "status": "matching"
      },
      "version": "systemd 255 (255.4-1ubuntu8.17)"
    },
    "recoveryUnit": {
      "ActiveState": "inactive",
      "ExecMainExitTimestamp": "Sat 2026-10-10 00:50:28 UTC",
      "ExecMainStartTimestampMonotonic": "15045442",
      "ExecMainStatus": "0",
      "Result": "success",
      "UnitFileState": "enabled"
    },
    "recoveryUnitJournal": [
      "2026-10-10T00:50:27.182832+00:00 jd-vm-reboot systemd[1]: Starting just-dashboard-network-recovery.service - Recover interrupted Just Dashboard network changes...",
      "2026-10-10T00:50:28.876108+00:00 jd-vm-reboot systemd[1]: just-dashboard-network-recovery.service: Deactivated successfully.",
      "2026-10-10T00:50:28.876640+00:00 jd-vm-reboot systemd[1]: Finished just-dashboard-network-recovery.service - Recover interrupted Just Dashboard network changes.",
      "2026-10-10T00:50:28.888651+00:00 jd-vm-reboot systemd[1]: just-dashboard-network-recovery.service: Consumed 1.038s CPU time."
    ]
  },
  "failures": [],
  "phase": "p11-boot networkd-18",
  "result": "pass",
  "seconds": 2.2
}
