{
  "at": "2026-10-10T00:50:46Z",
  "bootId": "d8beee61-a2bc-4035-b573-7891022c697d",
  "evidence": {
    "change": "038f10c2119475155c4ba21334593126",
    "confirmed": {
      "appliedAt": "2026-10-10T00:50:45.9674697Z",
      "boot": "enabled",
      "expiresAt": "2026-10-10T00:52:15.790687463Z",
      "generation": "7c24ce2989c4388a5313a9ee417ced1bfcb25782a8e2a7261bc5db21eb93e4f4",
      "id": "038f10c2119475155c4ba21334593126",
      "ownerUserId": 1,
      "persistence": "written",
      "phase": "confirmed",
      "runtime": "applied",
      "updatedAt": "2026-10-10T00:50:46.60029343Z",
      "verifiedAt": "2026-10-10T00:50:46.590877191Z",
      "watchdog": "completed"
    },
    "journal": {
      "appliedAt": "2026-10-10T00:50:45.9674697Z",
      "boot": "enabled",
      "bootDependencies": 22,
      "commandTools": [
        "sqm"
      ],
      "expiresAt": "2026-10-10T00:52:15.790687463Z",
      "files": [
        "/etc/just-dashboard/network/links.batch",
        "/etc/just-dashboard/network/shaping.batch",
        "/etc/systemd/system/just-dashboard-network.service",
        "/etc/just-dashboard/network/spec.json"
      ],
      "generation": "7c24ce2989c4388a5313a9ee417ced1bfcb25782a8e2a7261bc5db21eb93e4f4",
      "id": "038f10c2119475155c4ba21334593126",
      "ownerUserId": 1,
      "persistence": "written",
      "phase": "confirmed",
      "runtime": "applied",
      "updatedAt": "2026-10-10T00:50:46.60029343Z",
      "verifiedAt": "2026-10-10T00:50:46.590877191Z",
      "watchdog": "completed"
    },
    "journalPending": {
      "appliedAt": "2026-10-10T00:50:45.9674697Z",
      "boot": "enabled",
      "bootDependencies": 22,
      "commandTools": [
        "sqm"
      ],
      "expiresAt": "2026-10-10T00:52:15.790687463Z",
      "files": [
        "/etc/just-dashboard/network/links.batch",
        "/etc/just-dashboard/network/shaping.batch",
        "/etc/systemd/system/just-dashboard-network.service",
        "/etc/just-dashboard/network/spec.json"
      ],
      "generation": "7c24ce2989c4388a5313a9ee417ced1bfcb25782a8e2a7261bc5db21eb93e4f4",
      "id": "038f10c2119475155c4ba21334593126",
      "ownerUserId": 1,
      "persistence": "written",
      "phase": "awaiting_confirmation",
      "runtime": "applied",
      "updatedAt": "2026-10-10T00:50:46.372360479Z",
      "watchdog": "armed"
    },
    "readbackBeforeReboot": {
      "cake": {
        "ack-filter": "disabled",
        "atm": "noatm",
        "bandwidth": 1125000,
        "diffserv": "diffserv4",
        "flowmode": "triple-isolate",
        "fwmark": "0",
        "ingress": true,
        "mpu": 64,
        "nat": false,
        "overhead": 22,
        "raw": false,
        "rtt": 80000,
        "split_gso": true,
        "wash": true
      },
      "ifb": "jds69cee9f573a7",
      "ifbAlias": "jd-sqm:69cee9f573a7863b1d44ad61492da8f9",
      "ifbExists": true,
      "ifbMac": "02:61:49:2d:a8:f9",
      "ifbUp": true,
      "redirect": [
        {
          "chain": 0,
          "kind": "matchall",
          "options": {
            "actions": [
              {
                "bind": 1,
                "control_action": {
                  "type": "stolen"
                },
                "cookie": "69cee9f573a7863b1d44ad61492da8f9",
                "direction": "egress",
                "index": 1,
                "kind": "mirred",
                "mirred_action": "redirect",
                "order": 1,
                "ref": 1,
                "to_dev": "jds69cee9f573a7"
              }
            ],
            "handle": 51966,
            "not_in_hw": true,
            "skip_hw": true
          },
          "pref": 49152,
          "protocol": "all"
        }
      ],
      "savedSourceMac": "52:54:00:4a:44:06",
      "sourceMac": "52:54:00:4a:44:06"
    },
    "shapingView": {
      "boot": {
        "checkedAt": "2026-10-10T00:50:46.856307971Z",
        "status": "verified"
      },
      "diffserv": "diffserv4",
      "flowMode": "triple-isolate",
      "helper": {
        "checkedAt": "2026-10-10T00:50:46.764985569Z",
        "status": "verified"
      },
      "ifb": "jds69cee9f573a7",
      "linkLayer": "noatm",
      "mpu": 64,
      "nat": false,
      "overhead": 22,
      "preserveDscp": false,
      "queue": {
        "backlog": 0,
        "bytes": 70,
        "drops": 0,
        "kind": "cake",
        "overlimits": 0,
        "packets": 1,
        "requeues": 0
      },
      "rttMillis": 80
    },
    "unitSqmLine": [
      "ExecStart=/etc/just-dashboard/network/network-recovery --network-sqm-restore /etc/just-dashboard/network"
    ]
  },
  "failures": [],
  "phase": "p14-apply",
  "result": "pass",
  "seconds": 3.2
}
