{
  "at": "2026-10-10T00:51:10Z",
  "bootId": "67a2c0e6-e4b0-409d-b29c-279bc5224649",
  "evidence": {
    "drift": {
      "boot": {
        "activeState": "active",
        "needDaemonReload": "no",
        "reason": null,
        "status": "matching",
        "unitFileState": "enabled"
      },
      "commands": [
        [
          "ip",
          0,
          "exited"
        ],
        [
          "ip",
          0,
          "exited"
        ],
        [
          "tc",
          0,
          "exited"
        ],
        [
          "nft",
          0,
          "exited"
        ],
        [
          "iptables",
          0,
          "exited"
        ],
        [
          "iptables",
          0,
          "exited"
        ],
        [
          "iptables",
          0,
          "exited"
        ],
        [
          "ip6tables",
          0,
          "exited"
        ],
        [
          "ip6tables",
          0,
          "exited"
        ],
        [
          "ip6tables",
          0,
          "exited"
        ],
        [
          "sysctl",
          0,
          "exited"
        ],
        [
          "/etc/just-dashboard/network/network-recovery",
          0,
          "exited"
        ]
      ],
      "consistent": true,
      "documentedUnknown": [
        "link:jdvm-veth0",
        "gateway:jd_gateway"
      ],
      "execution": {
        "bootId": "67a2c0e6-e4b0-409d-b29c-279bc5224649",
        "bootTrigger": "unknown",
        "finishedAt": "Sat 2026-10-10 00:51:06 UTC",
        "invocationId": "915d8f9282e84cec8eb99bd15f8f6910",
        "reason": null,
        "result": "success",
        "startedAt": "Sat 2026-10-10 00:51:06 UTC",
        "status": "succeeded"
      },
      "files": 8,
      "notMatching": [
        {
          "id": "recovery-helper:/etc/just-dashboard/network/network-recovery",
          "reason": "The recovery executable exists; its build identity and ability to run were not established by this read-only inspection.",
          "status": "unknown"
        }
      ],
      "repairPlan": {
        "blockers": [],
        "executable": false,
        "items": [],
        "status": "no_known_repairs"
      },
      "runtime": 35,
      "status": "unknown"
    },
    "networkUnit": {
      "ActiveState": "active",
      "ExecMainExitTimestamp": "Sat 2026-10-10 00:51:06 UTC",
      "ExecMainStartTimestampMonotonic": "13696903",
      "ExecMainStatus": "0",
      "InvocationID": "915d8f9282e84cec8eb99bd15f8f6910",
      "Result": "success",
      "UnitFileState": "enabled"
    },
    "networkUnitCommands": [
      {
        "argv": "ip -force -batch /etc/just-dashboard/network/links.batch",
        "code": "exited",
        "ignoreErrors": "yes",
        "path": "ip",
        "status": "0"
      },
      {
        "argv": "ip -6 -force -batch /etc/just-dashboard/network/rules6.batch",
        "code": "exited",
        "ignoreErrors": "yes",
        "path": "ip",
        "status": "0"
      },
      {
        "argv": "tc -force -batch /etc/just-dashboard/network/shaping.batch",
        "code": "exited",
        "ignoreErrors": "yes",
        "path": "tc",
        "status": "0"
      },
      {
        "argv": "nft -f /etc/just-dashboard/network/gateway.nft",
        "code": "exited",
        "ignoreErrors": "yes",
        "path": "nft",
        "status": "0"
      },
      {
        "argv": "iptables -I FORWARD 1 -m connmark --mark 0x4a000000/0xff000000 -m comment --comment just-dashboard-gateway -j ACCEPT",
        "code": "exited",
        "ignoreErrors": "yes",
        "path": "iptables",
        "status": "0"
      },
      {
        "argv": "iptables -I INPUT 1 -m connmark --mark 0x4a000000/0xff000000 -m comment --comment just-dashboard-gateway -j ACCEPT",
        "code": "exited",
        "ignoreErrors": "yes",
        "path": "iptables",
        "status": "0"
      },
      {
        "argv": "iptables -I DOCKER-USER 1 -m connmark --mark 0x4a000000/0xff000000 -m comment --comment just-dashboard-gateway -j ACCEPT",
        "code": "exited",
        "ignoreErrors": "yes",
        "path": "iptables",
        "status": "0"
      },
      {
        "argv": "ip6tables -I FORWARD 1 -m connmark --mark 0x4a000000/0xff000000 -m comment --comment just-dashboard-gateway -j ACCEPT",
        "code": "exited",
        "ignoreErrors": "yes",
        "path": "ip6tables",
        "status": "0"
      },
      {
        "argv": "ip6tables -I INPUT 1 -m connmark --mark 0x4a000000/0xff000000 -m comment --comment just-dashboard-gateway -j ACCEPT",
        "code": "exited",
        "ignoreErrors": "yes",
        "path": "ip6tables",
        "status": "0"
      },
      {
        "argv": "ip6tables -I DOCKER-USER 1 -m connmark --mark 0x4a000000/0xff000000 -m comment --comment just-dashboard-gateway -j ACCEPT",
        "code": "exited",
        "ignoreErrors": "yes",
        "path": "ip6tables",
        "status": "0"
      },
      {
        "argv": "sysctl -q -p /etc/sysctl.d/90-just-dashboard.conf",
        "code": "exited",
        "ignoreErrors": "yes",
        "path": "sysctl",
        "status": "0"
      },
      {
        "argv": "/etc/just-dashboard/network/network-recovery --network-sqm-restore /etc/just-dashboard/network",
        "code": "exited",
        "ignoreErrors": "no",
        "path": "/etc/just-dashboard/network/network-recovery",
        "status": "0"
      }
    ],
    "networkUnitFailedCommands": [],
    "networkUnitJournal": [
      "2026-10-10T00:51:05.266033+00:00 jd-vm-reboot systemd[1]: Starting just-dashboard-network.service - Just Dashboard network: the devices, routes, gateway and shaping it made...",
      "2026-10-10T00:51:05.468607+00:00 jd-vm-reboot iptables[957]: iptables: Bad rule (does a matching rule exist in that chain?).",
      "2026-10-10T00:51:05.477522+00:00 jd-vm-reboot iptables[963]: iptables: Bad rule (does a matching rule exist in that chain?).",
      "2026-10-10T00:51:05.498234+00:00 jd-vm-reboot iptables[965]: iptables: Bad rule (does a matching rule exist in that chain?).",
      "2026-10-10T00:51:05.516767+00:00 jd-vm-reboot ip6tables[967]: ip6tables: Bad rule (does a matching rule exist in that chain?).",
      "2026-10-10T00:51:05.532477+00:00 jd-vm-reboot ip6tables[969]: ip6tables: Bad rule (does a matching rule exist in that chain?).",
      "2026-10-10T00:51:05.548518+00:00 jd-vm-reboot ip6tables[971]: ip6tables: Bad rule (does a matching rule exist in that chain?).",
      "2026-10-10T00:51:05.566239+00:00 jd-vm-reboot tc[973]: Cannot find device \"jdvmbr0\"",
      "2026-10-10T00:51:06.342880+00:00 jd-vm-reboot systemd[1]: Finished just-dashboard-network.service - Just Dashboard network: the devices, routes, gateway and shaping it made."
    ],
    "readbackAfterBoot": {
      "cake": {
        "ack-filter": "disabled",
        "atm": "noatm",
        "bandwidth": 1125000,
        "diffserv": "diffserv4",
        "flowmode": "triple-isolate",
        "fwmark": "0",
        "ingress": true,
        "mpu": 64,
        "nat": false,
        "overhead": 22,
        "raw": false,
        "rtt": 80000,
        "split_gso": true,
        "wash": true
      },
      "ifb": "jds69cee9f573a7",
      "ifbAlias": "jd-sqm:69cee9f573a7863b1d44ad61492da8f9",
      "ifbExists": true,
      "ifbMac": "02:61:49:2d:a8:f9",
      "ifbUp": true,
      "redirect": [
        {
          "chain": 0,
          "kind": "matchall",
          "options": {
            "actions": [
              {
                "bind": 1,
                "control_action": {
                  "type": "stolen"
                },
                "cookie": "69cee9f573a7863b1d44ad61492da8f9",
                "direction": "egress",
                "index": 1,
                "kind": "mirred",
                "mirred_action": "redirect",
                "order": 1,
                "ref": 1,
                "to_dev": "jds69cee9f573a7"
              }
            ],
            "handle": 51966,
            "not_in_hw": true,
            "skip_hw": true
          },
          "pref": 49152,
          "protocol": "all"
        }
      ],
      "savedSourceMac": "52:54:00:4a:44:06",
      "sourceMac": "52:54:00:4a:44:06"
    },
    "recoveryUnit": {
      "ActiveState": "inactive",
      "ExecMainExitTimestamp": "Sat 2026-10-10 00:51:05 UTC",
      "ExecMainStartTimestampMonotonic": "12342198",
      "ExecMainStatus": "0",
      "Result": "success",
      "UnitFileState": "enabled"
    },
    "recoveryUnitJournal": [
      "2026-10-10T00:51:04.736644+00:00 jd-vm-reboot systemd[1]: Starting just-dashboard-network-recovery.service - Recover interrupted Just Dashboard network changes...",
      "2026-10-10T00:51:05.252503+00:00 jd-vm-reboot systemd[1]: just-dashboard-network-recovery.service: Deactivated successfully.",
      "2026-10-10T00:51:05.252788+00:00 jd-vm-reboot systemd[1]: Finished just-dashboard-network-recovery.service - Recover interrupted Just Dashboard network changes."
    ],
    "shapingView": {
      "sqm": {
        "boot": {
          "checkedAt": "2026-10-10T00:51:09.398525876Z",
          "status": "verified"
        },
        "diffserv": "diffserv4",
        "flowMode": "triple-isolate",
        "helper": {
          "checkedAt": "2026-10-10T00:51:09.265169416Z",
          "status": "verified"
        },
        "ifb": "jds69cee9f573a7",
        "linkLayer": "noatm",
        "mpu": 64,
        "nat": false,
        "overhead": 22,
        "preserveDscp": false,
        "queue": {
          "backlog": 0,
          "bytes": 134,
          "drops": 0,
          "kind": "cake",
          "overlimits": 0,
          "packets": 2,
          "requeues": 0
        },
        "rttMillis": 80
      },
      "verification": {
        "checkedAt": "2026-10-10T00:51:09.224785392Z",
        "status": "verified"
      }
    },
    "sqmRestoreCommand": [
      {
        "argv": "/etc/just-dashboard/network/network-recovery --network-sqm-restore /etc/just-dashboard/network",
        "code": "exited",
        "ignoreErrors": "no",
        "path": "/etc/just-dashboard/network/network-recovery",
        "status": "0"
      }
    ]
  },
  "failures": [
    "drift after boot: [{'id': 'recovery-helper:/etc/just-dashboard/network/network-recovery', 'status': 'unknown', 'reason': 'The recovery executable exists; its build identity and ability to run were not established by this read-only inspection.'}]"
  ],
  "phase": "p14-verify",
  "result": "fail",
  "seconds": 2.8
}
