{
  "at": "2026-10-10T00:51:55Z",
  "bootId": "820cd6e8-f8dc-401a-83c1-5e1ba7278b3e",
  "evidence": {
    "confirmed": {
      "appliedAt": "2026-10-10T00:51:54.135633783Z",
      "boot": "not_verified",
      "expiresAt": "2026-10-10T00:53:23.496224752Z",
      "generation": "7c24ce2989c4388a5313a9ee417ced1bfcb25782a8e2a7261bc5db21eb93e4f4",
      "id": "1d87d7fbec215a99925e0b117a44ed98",
      "ownerUserId": 1,
      "persistence": "written",
      "phase": "confirmed",
      "runtime": "not_applied",
      "updatedAt": "2026-10-10T00:51:54.170746097Z",
      "verifiedAt": "2026-10-10T00:51:54.162656875Z",
      "watchdog": "completed"
    },
    "driftAfterBoot": {
      "boot": {
        "activeState": "active",
        "needDaemonReload": "no",
        "reason": null,
        "status": "matching",
        "unitFileState": "enabled"
      },
      "commands": [
        [
          "ip",
          0,
          "exited"
        ],
        [
          "ip",
          0,
          "exited"
        ],
        [
          "tc",
          0,
          "exited"
        ],
        [
          "nft",
          0,
          "exited"
        ],
        [
          "iptables",
          0,
          "exited"
        ],
        [
          "iptables",
          0,
          "exited"
        ],
        [
          "iptables",
          0,
          "exited"
        ],
        [
          "ip6tables",
          0,
          "exited"
        ],
        [
          "ip6tables",
          0,
          "exited"
        ],
        [
          "ip6tables",
          0,
          "exited"
        ],
        [
          "sysctl",
          0,
          "exited"
        ],
        [
          "/etc/just-dashboard/network/network-recovery",
          0,
          "exited"
        ]
      ],
      "consistent": true,
      "documentedUnknown": [
        "link:jdvm-veth0",
        "gateway:jd_gateway",
        "recovery-helper:/etc/just-dashboard/network/network-recovery"
      ],
      "execution": {
        "bootId": "820cd6e8-f8dc-401a-83c1-5e1ba7278b3e",
        "bootTrigger": "unknown",
        "finishedAt": "Sat 2026-10-10 00:51:47 UTC",
        "invocationId": "92bf62c389fd43968b989240af16fbbe",
        "reason": null,
        "result": "success",
        "startedAt": "Sat 2026-10-10 00:51:47 UTC",
        "status": "succeeded"
      },
      "files": 8,
      "notMatching": [
        {
          "id": "address:jdvmdum1/10.232.2.1/24",
          "reason": "The saved managed address is absent.",
          "status": "missing"
        },
        {
          "id": "render:/etc/just-dashboard/network/links.batch",
          "reason": "The owned file differs from the saved configuration.",
          "status": "drift"
        }
      ],
      "repairPlan": {
        "blockers": [],
        "executable": true,
        "items": [
          [
            "repair:render:/etc/just-dashboard/network/links.batch",
            "regenerate_owned_file",
            true
          ],
          [
            "repair:address:jdvmdum1/10.232.2.1/24",
            "restore_owned_configuration",
            false
          ]
        ],
        "status": "review_required"
      },
      "runtime": 35,
      "status": "drift"
    },
    "driftAfterRepair": {
      "boot": {
        "activeState": "active",
        "needDaemonReload": "no",
        "reason": null,
        "status": "matching",
        "unitFileState": "enabled"
      },
      "commands": [
        [
          "ip",
          0,
          "exited"
        ],
        [
          "ip",
          0,
          "exited"
        ],
        [
          "tc",
          0,
          "exited"
        ],
        [
          "nft",
          0,
          "exited"
        ],
        [
          "iptables",
          0,
          "exited"
        ],
        [
          "iptables",
          0,
          "exited"
        ],
        [
          "iptables",
          0,
          "exited"
        ],
        [
          "ip6tables",
          0,
          "exited"
        ],
        [
          "ip6tables",
          0,
          "exited"
        ],
        [
          "ip6tables",
          0,
          "exited"
        ],
        [
          "sysctl",
          0,
          "exited"
        ],
        [
          "/etc/just-dashboard/network/network-recovery",
          0,
          "exited"
        ]
      ],
      "consistent": true,
      "documentedUnknown": [
        "link:jdvm-veth0",
        "gateway:jd_gateway",
        "recovery-helper:/etc/just-dashboard/network/network-recovery"
      ],
      "execution": {
        "bootId": "820cd6e8-f8dc-401a-83c1-5e1ba7278b3e",
        "bootTrigger": "unknown",
        "finishedAt": "Sat 2026-10-10 00:51:47 UTC",
        "invocationId": "92bf62c389fd43968b989240af16fbbe",
        "reason": null,
        "result": "success",
        "startedAt": "Sat 2026-10-10 00:51:47 UTC",
        "status": "succeeded"
      },
      "files": 8,
      "notMatching": [
        {
          "id": "address:jdvmdum1/10.232.2.1/24",
          "reason": "The saved managed address is absent.",
          "status": "missing"
        }
      ],
      "repairPlan": {
        "blockers": [],
        "executable": false,
        "items": [
          [
            "repair:address:jdvmdum1/10.232.2.1/24",
            "restore_owned_configuration",
            false
          ]
        ],
        "status": "review_required"
      },
      "runtime": 35,
      "status": "drift"
    },
    "journal": {
      "appliedAt": "2026-10-10T00:51:54.135633783Z",
      "boot": "not_verified",
      "bootDependencies": 0,
      "commandTools": [],
      "expiresAt": "2026-10-10T00:53:23.496224752Z",
      "files": [
        "/etc/just-dashboard/network/links.batch"
      ],
      "generation": "7c24ce2989c4388a5313a9ee417ced1bfcb25782a8e2a7261bc5db21eb93e4f4",
      "id": "1d87d7fbec215a99925e0b117a44ed98",
      "ownerUserId": 1,
      "persistence": "written",
      "phase": "confirmed",
      "runtime": "not_applied",
      "updatedAt": "2026-10-10T00:51:54.170746097Z",
      "verifiedAt": "2026-10-10T00:51:54.162656875Z",
      "watchdog": "completed"
    },
    "journalPending": {
      "appliedAt": "2026-10-10T00:51:54.135633783Z",
      "boot": "not_verified",
      "bootDependencies": 0,
      "commandTools": [],
      "expiresAt": "2026-10-10T00:53:23.496224752Z",
      "files": [
        "/etc/just-dashboard/network/links.batch"
      ],
      "generation": "7c24ce2989c4388a5313a9ee417ced1bfcb25782a8e2a7261bc5db21eb93e4f4",
      "id": "1d87d7fbec215a99925e0b117a44ed98",
      "ownerUserId": 1,
      "persistence": "written",
      "phase": "awaiting_confirmation",
      "runtime": "not_applied",
      "updatedAt": "2026-10-10T00:51:54.148208454Z",
      "watchdog": "armed"
    },
    "networkUnit": {
      "ActiveState": "active",
      "ExecMainExitTimestamp": "Sat 2026-10-10 00:51:47 UTC",
      "ExecMainStartTimestampMonotonic": "12814571",
      "ExecMainStatus": "0",
      "InvocationID": "92bf62c389fd43968b989240af16fbbe",
      "Result": "success",
      "UnitFileState": "enabled"
    },
    "networkUnitCommands": [
      {
        "argv": "ip -force -batch /etc/just-dashboard/network/links.batch",
        "code": "exited",
        "ignoreErrors": "yes",
        "path": "ip",
        "status": "0"
      },
      {
        "argv": "ip -6 -force -batch /etc/just-dashboard/network/rules6.batch",
        "code": "exited",
        "ignoreErrors": "yes",
        "path": "ip",
        "status": "0"
      },
      {
        "argv": "tc -force -batch /etc/just-dashboard/network/shaping.batch",
        "code": "exited",
        "ignoreErrors": "yes",
        "path": "tc",
        "status": "0"
      },
      {
        "argv": "nft -f /etc/just-dashboard/network/gateway.nft",
        "code": "exited",
        "ignoreErrors": "yes",
        "path": "nft",
        "status": "0"
      },
      {
        "argv": "iptables -I FORWARD 1 -m connmark --mark 0x4a000000/0xff000000 -m comment --comment just-dashboard-gateway -j ACCEPT",
        "code": "exited",
        "ignoreErrors": "yes",
        "path": "iptables",
        "status": "0"
      },
      {
        "argv": "iptables -I INPUT 1 -m connmark --mark 0x4a000000/0xff000000 -m comment --comment just-dashboard-gateway -j ACCEPT",
        "code": "exited",
        "ignoreErrors": "yes",
        "path": "iptables",
        "status": "0"
      },
      {
        "argv": "iptables -I DOCKER-USER 1 -m connmark --mark 0x4a000000/0xff000000 -m comment --comment just-dashboard-gateway -j ACCEPT",
        "code": "exited",
        "ignoreErrors": "yes",
        "path": "iptables",
        "status": "0"
      },
      {
        "argv": "ip6tables -I FORWARD 1 -m connmark --mark 0x4a000000/0xff000000 -m comment --comment just-dashboard-gateway -j ACCEPT",
        "code": "exited",
        "ignoreErrors": "yes",
        "path": "ip6tables",
        "status": "0"
      },
      {
        "argv": "ip6tables -I INPUT 1 -m connmark --mark 0x4a000000/0xff000000 -m comment --comment just-dashboard-gateway -j ACCEPT",
        "code": "exited",
        "ignoreErrors": "yes",
        "path": "ip6tables",
        "status": "0"
      },
      {
        "argv": "ip6tables -I DOCKER-USER 1 -m connmark --mark 0x4a000000/0xff000000 -m comment --comment just-dashboard-gateway -j ACCEPT",
        "code": "exited",
        "ignoreErrors": "yes",
        "path": "ip6tables",
        "status": "0"
      },
      {
        "argv": "sysctl -q -p /etc/sysctl.d/90-just-dashboard.conf",
        "code": "exited",
        "ignoreErrors": "yes",
        "path": "sysctl",
        "status": "0"
      },
      {
        "argv": "/etc/just-dashboard/network/network-recovery --network-sqm-restore /etc/just-dashboard/network",
        "code": "exited",
        "ignoreErrors": "no",
        "path": "/etc/just-dashboard/network/network-recovery",
        "status": "0"
      }
    ],
    "networkUnitFailedCommands": [],
    "networkUnitJournal": [
      "2026-10-10T00:51:46.283816+00:00 jd-vm-reboot systemd[1]: Starting just-dashboard-network.service - Just Dashboard network: the devices, routes, gateway and shaping it made...",
      "2026-10-10T00:51:46.419259+00:00 jd-vm-reboot iptables[944]: iptables: Bad rule (does a matching rule exist in that chain?).",
      "2026-10-10T00:51:46.427695+00:00 jd-vm-reboot iptables[948]: iptables: Bad rule (does a matching rule exist in that chain?).",
      "2026-10-10T00:51:46.436209+00:00 jd-vm-reboot iptables[950]: iptables: Bad rule (does a matching rule exist in that chain?).",
      "2026-10-10T00:51:46.444229+00:00 jd-vm-reboot ip6tables[952]: ip6tables: Bad rule (does a matching rule exist in that chain?).",
      "2026-10-10T00:51:46.462173+00:00 jd-vm-reboot ip6tables[954]: ip6tables: Bad rule (does a matching rule exist in that chain?).",
      "2026-10-10T00:51:46.480455+00:00 jd-vm-reboot ip6tables[956]: ip6tables: Bad rule (does a matching rule exist in that chain?).",
      "2026-10-10T00:51:46.498157+00:00 jd-vm-reboot tc[960]: Cannot find device \"jdvmbr0\"",
      "2026-10-10T00:51:47.253398+00:00 jd-vm-reboot systemd[1]: Finished just-dashboard-network.service - Just Dashboard network: the devices, routes, gateway and shaping it made."
    ],
    "recoveryUnit": {
      "ActiveState": "inactive",
      "ExecMainExitTimestamp": "Sat 2026-10-10 00:51:46 UTC",
      "ExecMainStartTimestampMonotonic": "11678189",
      "ExecMainStatus": "0",
      "Result": "success",
      "UnitFileState": "enabled"
    },
    "recoveryUnitJournal": [
      "2026-10-10T00:51:45.871889+00:00 jd-vm-reboot systemd[1]: Starting just-dashboard-network-recovery.service - Recover interrupted Just Dashboard network changes...",
      "2026-10-10T00:51:46.274390+00:00 jd-vm-reboot systemd[1]: just-dashboard-network-recovery.service: Deactivated successfully.",
      "2026-10-10T00:51:46.274724+00:00 jd-vm-reboot systemd[1]: Finished just-dashboard-network-recovery.service - Recover interrupted Just Dashboard network changes."
    ],
    "repairItem": {
      "action": "regenerate_owned_file",
      "effect": "boot_files",
      "id": "repair:render:/etc/just-dashboard/network/links.batch",
      "preconditions": [
        "Verify this resource is still owned and has the observed state.",
        "Refuse a foreign replacement or occupied identity."
      ]
    },
    "repairResult": {
      "appliedAt": "2026-10-10T00:51:54.135633783Z",
      "boot": "not_verified",
      "expiresAt": "2026-10-10T00:53:23.496224752Z",
      "generation": "7c24ce2989c4388a5313a9ee417ced1bfcb25782a8e2a7261bc5db21eb93e4f4",
      "id": "1d87d7fbec215a99925e0b117a44ed98",
      "ownerUserId": 1,
      "persistence": "written",
      "phase": "awaiting_confirmation",
      "runtime": "not_applied",
      "updatedAt": "2026-10-10T00:51:54.148208454Z",
      "watchdog": "armed"
    }
  },
  "failures": [],
  "phase": "p7-file-verify",
  "result": "pass",
  "seconds": 6.9
}
