{
  "at": "2026-10-10T00:52:19Z",
  "bootId": "f6d6fda8-c847-42da-a007-ce960b0a42b8",
  "evidence": {
    "backendAtBoot": {
      "active": "inactive",
      "pid": "0",
      "startedThisBoot": false,
      "sub": "dead"
    },
    "driftAfterBoot": {
      "boot": {
        "activeState": "active",
        "needDaemonReload": "no",
        "reason": null,
        "status": "matching",
        "unitFileState": "enabled"
      },
      "commands": [
        [
          "ip",
          0,
          "exited"
        ],
        [
          "ip",
          0,
          "exited"
        ],
        [
          "tc",
          0,
          "exited"
        ],
        [
          "nft",
          0,
          "exited"
        ],
        [
          "iptables",
          0,
          "exited"
        ],
        [
          "iptables",
          0,
          "exited"
        ],
        [
          "iptables",
          0,
          "exited"
        ],
        [
          "ip6tables",
          0,
          "exited"
        ],
        [
          "ip6tables",
          0,
          "exited"
        ],
        [
          "ip6tables",
          0,
          "exited"
        ],
        [
          "sysctl",
          0,
          "exited"
        ],
        [
          "/etc/just-dashboard/network/network-recovery",
          0,
          "exited"
        ]
      ],
      "consistent": true,
      "documentedUnknown": [
        "link:jdvm-veth0",
        "gateway:jd_gateway",
        "recovery-helper:/etc/just-dashboard/network/network-recovery"
      ],
      "execution": {
        "bootId": "f6d6fda8-c847-42da-a007-ce960b0a42b8",
        "bootTrigger": "unknown",
        "finishedAt": "Sat 2026-10-10 00:52:15 UTC",
        "invocationId": "ec12346d314a4ba1bf8c27e9f53c40fa",
        "reason": null,
        "result": "success",
        "startedAt": "Sat 2026-10-10 00:52:15 UTC",
        "status": "succeeded"
      },
      "files": 8,
      "notMatching": [],
      "repairPlan": {
        "blockers": [],
        "executable": false,
        "items": [],
        "status": "no_known_repairs"
      },
      "runtime": 35,
      "status": "unknown"
    },
    "journal": {
      "appliedAt": "2026-10-10T00:51:54.135633783Z",
      "boot": "not_verified",
      "bootDependencies": 0,
      "commandTools": [],
      "expiresAt": "2026-10-10T00:53:23.496224752Z",
      "files": [
        "/etc/just-dashboard/network/links.batch"
      ],
      "generation": "7c24ce2989c4388a5313a9ee417ced1bfcb25782a8e2a7261bc5db21eb93e4f4",
      "id": "1d87d7fbec215a99925e0b117a44ed98",
      "ownerUserId": 1,
      "persistence": "written",
      "phase": "confirmed",
      "runtime": "not_applied",
      "updatedAt": "2026-10-10T00:51:54.170746097Z",
      "verifiedAt": "2026-10-10T00:51:54.162656875Z",
      "watchdog": "completed"
    },
    "kernelAfterBootMissing": [],
    "networkUnit": {
      "ActiveState": "active",
      "ExecMainExitTimestamp": "Sat 2026-10-10 00:52:15 UTC",
      "ExecMainStartTimestampMonotonic": "13947156",
      "ExecMainStatus": "0",
      "InvocationID": "ec12346d314a4ba1bf8c27e9f53c40fa",
      "Result": "success",
      "UnitFileState": "enabled"
    },
    "networkUnitCommands": [
      {
        "argv": "ip -force -batch /etc/just-dashboard/network/links.batch",
        "code": "exited",
        "ignoreErrors": "yes",
        "path": "ip",
        "status": "0"
      },
      {
        "argv": "ip -6 -force -batch /etc/just-dashboard/network/rules6.batch",
        "code": "exited",
        "ignoreErrors": "yes",
        "path": "ip",
        "status": "0"
      },
      {
        "argv": "tc -force -batch /etc/just-dashboard/network/shaping.batch",
        "code": "exited",
        "ignoreErrors": "yes",
        "path": "tc",
        "status": "0"
      },
      {
        "argv": "nft -f /etc/just-dashboard/network/gateway.nft",
        "code": "exited",
        "ignoreErrors": "yes",
        "path": "nft",
        "status": "0"
      },
      {
        "argv": "iptables -I FORWARD 1 -m connmark --mark 0x4a000000/0xff000000 -m comment --comment just-dashboard-gateway -j ACCEPT",
        "code": "exited",
        "ignoreErrors": "yes",
        "path": "iptables",
        "status": "0"
      },
      {
        "argv": "iptables -I INPUT 1 -m connmark --mark 0x4a000000/0xff000000 -m comment --comment just-dashboard-gateway -j ACCEPT",
        "code": "exited",
        "ignoreErrors": "yes",
        "path": "iptables",
        "status": "0"
      },
      {
        "argv": "iptables -I DOCKER-USER 1 -m connmark --mark 0x4a000000/0xff000000 -m comment --comment just-dashboard-gateway -j ACCEPT",
        "code": "exited",
        "ignoreErrors": "yes",
        "path": "iptables",
        "status": "0"
      },
      {
        "argv": "ip6tables -I FORWARD 1 -m connmark --mark 0x4a000000/0xff000000 -m comment --comment just-dashboard-gateway -j ACCEPT",
        "code": "exited",
        "ignoreErrors": "yes",
        "path": "ip6tables",
        "status": "0"
      },
      {
        "argv": "ip6tables -I INPUT 1 -m connmark --mark 0x4a000000/0xff000000 -m comment --comment just-dashboard-gateway -j ACCEPT",
        "code": "exited",
        "ignoreErrors": "yes",
        "path": "ip6tables",
        "status": "0"
      },
      {
        "argv": "ip6tables -I DOCKER-USER 1 -m connmark --mark 0x4a000000/0xff000000 -m comment --comment just-dashboard-gateway -j ACCEPT",
        "code": "exited",
        "ignoreErrors": "yes",
        "path": "ip6tables",
        "status": "0"
      },
      {
        "argv": "sysctl -q -p /etc/sysctl.d/90-just-dashboard.conf",
        "code": "exited",
        "ignoreErrors": "yes",
        "path": "sysctl",
        "status": "0"
      },
      {
        "argv": "/etc/just-dashboard/network/network-recovery --network-sqm-restore /etc/just-dashboard/network",
        "code": "exited",
        "ignoreErrors": "no",
        "path": "/etc/just-dashboard/network/network-recovery",
        "status": "0"
      }
    ],
    "networkUnitFailedCommands": [],
    "networkUnitJournal": [
      "2026-10-10T00:52:14.565913+00:00 jd-vm-reboot systemd[1]: Starting just-dashboard-network.service - Just Dashboard network: the devices, routes, gateway and shaping it made...",
      "2026-10-10T00:52:14.736257+00:00 jd-vm-reboot iptables[957]: iptables: Bad rule (does a matching rule exist in that chain?).",
      "2026-10-10T00:52:14.747202+00:00 jd-vm-reboot iptables[964]: iptables: Bad rule (does a matching rule exist in that chain?).",
      "2026-10-10T00:52:14.762490+00:00 jd-vm-reboot iptables[965]: iptables: Bad rule (does a matching rule exist in that chain?).",
      "2026-10-10T00:52:14.784561+00:00 jd-vm-reboot ip6tables[967]: ip6tables: Bad rule (does a matching rule exist in that chain?).",
      "2026-10-10T00:52:14.796123+00:00 jd-vm-reboot ip6tables[970]: ip6tables: Bad rule (does a matching rule exist in that chain?).",
      "2026-10-10T00:52:14.810216+00:00 jd-vm-reboot ip6tables[972]: ip6tables: Bad rule (does a matching rule exist in that chain?).",
      "2026-10-10T00:52:14.846159+00:00 jd-vm-reboot tc[973]: Cannot find device \"jdvmbr0\"",
      "2026-10-10T00:52:15.629145+00:00 jd-vm-reboot systemd[1]: Finished just-dashboard-network.service - Just Dashboard network: the devices, routes, gateway and shaping it made."
    ],
    "recoveryUnit": {
      "ActiveState": "inactive",
      "ExecMainExitTimestamp": "Sat 2026-10-10 00:52:14 UTC",
      "ExecMainStartTimestampMonotonic": "12620257",
      "ExecMainStatus": "0",
      "Result": "success",
      "UnitFileState": "enabled"
    },
    "recoveryUnitJournal": [
      "2026-10-10T00:52:14.043163+00:00 jd-vm-reboot systemd[1]: Starting just-dashboard-network-recovery.service - Recover interrupted Just Dashboard network changes...",
      "2026-10-10T00:52:14.556950+00:00 jd-vm-reboot systemd[1]: just-dashboard-network-recovery.service: Deactivated successfully.",
      "2026-10-10T00:52:14.557258+00:00 jd-vm-reboot systemd[1]: Finished just-dashboard-network-recovery.service - Recover interrupted Just Dashboard network changes."
    ]
  },
  "failures": [],
  "phase": "p7-repaired-verify",
  "result": "pass",
  "seconds": 2.8
}
