IDX BOOT ID                          FIRST ENTRY                 LAST ENTRY
-18 2a97c777401a4fcf9f8d8c6e4eeba793 Fri 2026-10-09 20:51:46 UTC Fri 2026-10-09 20:53:28 UTC
-17 79a3b0e5f0f74cecacc1a8092ae79bf8 Fri 2026-10-09 20:55:47 UTC Fri 2026-10-09 20:58:00 UTC
-16 dc14b39ae271460a9baf808ec99712d2 Fri 2026-10-09 21:00:17 UTC Fri 2026-10-09 21:02:40 UTC
-15 887b64d6063d4f95babd9d29e781f87c Fri 2026-10-09 21:04:55 UTC Fri 2026-10-09 21:06:36 UTC
-14 58a0a4dc35b5476d8f1a827a8333fe63 Fri 2026-10-09 21:06:52 UTC Fri 2026-10-09 23:29:39 UTC
-13 04a7b20d9fc24d8aaf72eec2ca5daec9 Fri 2026-10-09 23:29:56 UTC Fri 2026-10-09 23:36:54 UTC
-12 8c7b60a906a847598aba1aa5a47e3f8b Fri 2026-10-09 23:37:10 UTC Fri 2026-10-09 23:39:22 UTC
-11 2152bd0f5ecd4347abedf9ced414bfa0 Fri 2026-10-09 23:39:39 UTC Fri 2026-10-09 23:40:14 UTC
-10 b21e1c10d28141ac8d310457ace47bf1 Fri 2026-10-09 23:40:31 UTC Sat 2026-10-10 00:17:55 UTC
 -9 877f22449be24eedb36a7aacaf706bff Sat 2026-10-10 00:18:18 UTC Sat 2026-10-10 00:41:08 UTC
 -8 60cbffc7b9964a4293cdafc97e0b1cd9 Sat 2026-10-10 00:41:25 UTC Sat 2026-10-10 00:42:27 UTC
 -7 c2f179c6ea824adf8091f289044aaf71 Sat 2026-10-10 00:42:44 UTC Sat 2026-10-10 00:49:00 UTC
 -6 752c686fb7604e558d437a785716d6a5 Sat 2026-10-10 00:49:16 UTC Sat 2026-10-10 00:49:31 UTC
 -5 09dbf7ea12734e86bf061633812ba0cd Sat 2026-10-10 00:49:52 UTC Sat 2026-10-10 00:50:06 UTC
 -4 d8beee61a2bc4035b5737891022c697d Sat 2026-10-10 00:50:28 UTC Sat 2026-10-10 00:50:47 UTC
 -3 67a2c0e6e4b0409db29c279bc5224649 Sat 2026-10-10 00:51:03 UTC Sat 2026-10-10 00:51:29 UTC
 -2 820cd6e8f8dc401a83c15e1ba7278b3e Sat 2026-10-10 00:51:45 UTC Sat 2026-10-10 00:51:56 UTC
 -1 f6d6fda8c84742daa007ce960b0a42b8 Sat 2026-10-10 00:52:12 UTC Sat 2026-10-10 00:55:07 UTC
  0 df43c4985595419b9c145409b9245d23 Sat 2026-10-10 00:55:23 UTC Sat 2026-10-10 00:55:47 UTC
