=== RUN   TestDNSDomainFilterClosedEngineSemantics
--- PASS: TestDNSDomainFilterClosedEngineSemantics (0.00s)
=== RUN   TestDNSDomainFilterReviewedAddRemovePreservesNativePolicy
=== RUN   TestDNSDomainFilterReviewedAddRemovePreservesNativePolicy/adguard/allow
=== RUN   TestDNSDomainFilterReviewedAddRemovePreservesNativePolicy/adguard/deny
=== RUN   TestDNSDomainFilterReviewedAddRemovePreservesNativePolicy/pihole/allow
=== RUN   TestDNSDomainFilterReviewedAddRemovePreservesNativePolicy/pihole/deny
--- PASS: TestDNSDomainFilterReviewedAddRemovePreservesNativePolicy (1.49s)
    --- PASS: TestDNSDomainFilterReviewedAddRemovePreservesNativePolicy/adguard/allow (0.41s)
    --- PASS: TestDNSDomainFilterReviewedAddRemovePreservesNativePolicy/adguard/deny (0.39s)
    --- PASS: TestDNSDomainFilterReviewedAddRemovePreservesNativePolicy/pihole/allow (0.40s)
    --- PASS: TestDNSDomainFilterReviewedAddRemovePreservesNativePolicy/pihole/deny (0.29s)
=== RUN   TestDNSDomainFilterFreshRawDriftAndLastReadRefusal
=== RUN   TestDNSDomainFilterFreshRawDriftAndLastReadRefusal/adguard/last=false
=== RUN   TestDNSDomainFilterFreshRawDriftAndLastReadRefusal/adguard/last=true
=== RUN   TestDNSDomainFilterFreshRawDriftAndLastReadRefusal/pihole/last=false
=== RUN   TestDNSDomainFilterFreshRawDriftAndLastReadRefusal/pihole/last=true
--- PASS: TestDNSDomainFilterFreshRawDriftAndLastReadRefusal (1.34s)
    --- PASS: TestDNSDomainFilterFreshRawDriftAndLastReadRefusal/adguard/last=false (0.29s)
    --- PASS: TestDNSDomainFilterFreshRawDriftAndLastReadRefusal/adguard/last=true (0.36s)
    --- PASS: TestDNSDomainFilterFreshRawDriftAndLastReadRefusal/pihole/last=false (0.34s)
    --- PASS: TestDNSDomainFilterFreshRawDriftAndLastReadRefusal/pihole/last=true (0.34s)
=== RUN   TestDNSDomainFilterUnknownDuplicateDisabledAndMissingRemovalRefuse
=== RUN   TestDNSDomainFilterUnknownDuplicateDisabledAndMissingRemovalRefuse/adguard
=== RUN   TestDNSDomainFilterUnknownDuplicateDisabledAndMissingRemovalRefuse/pihole
--- PASS: TestDNSDomainFilterUnknownDuplicateDisabledAndMissingRemovalRefuse (1.02s)
    --- PASS: TestDNSDomainFilterUnknownDuplicateDisabledAndMissingRemovalRefuse/adguard (0.34s)
    --- PASS: TestDNSDomainFilterUnknownDuplicateDisabledAndMissingRemovalRefuse/pihole (0.33s)
=== RUN   TestDNSDomainFilterUncertainNativeReplyAndForeignReadbackNeverReplay
=== RUN   TestDNSDomainFilterUncertainNativeReplyAndForeignReadbackNeverReplay/adguard/uncertain=false
=== RUN   TestDNSDomainFilterUncertainNativeReplyAndForeignReadbackNeverReplay/adguard/uncertain=true
=== RUN   TestDNSDomainFilterUncertainNativeReplyAndForeignReadbackNeverReplay/pihole/uncertain=false
=== RUN   TestDNSDomainFilterUncertainNativeReplyAndForeignReadbackNeverReplay/pihole/uncertain=true
--- PASS: TestDNSDomainFilterUncertainNativeReplyAndForeignReadbackNeverReplay (1.37s)
    --- PASS: TestDNSDomainFilterUncertainNativeReplyAndForeignReadbackNeverReplay/adguard/uncertain=false (0.38s)
    --- PASS: TestDNSDomainFilterUncertainNativeReplyAndForeignReadbackNeverReplay/adguard/uncertain=true (0.32s)
    --- PASS: TestDNSDomainFilterUncertainNativeReplyAndForeignReadbackNeverReplay/pihole/uncertain=false (0.34s)
    --- PASS: TestDNSDomainFilterUncertainNativeReplyAndForeignReadbackNeverReplay/pihole/uncertain=true (0.33s)
=== RUN   TestDNSDomainFilterRetainedIntentGenerationAndExpiryRefuse
=== RUN   TestDNSDomainFilterRetainedIntentGenerationAndExpiryRefuse/unknown-intent
=== RUN   TestDNSDomainFilterRetainedIntentGenerationAndExpiryRefuse/generation
=== RUN   TestDNSDomainFilterRetainedIntentGenerationAndExpiryRefuse/expired
--- PASS: TestDNSDomainFilterRetainedIntentGenerationAndExpiryRefuse (0.87s)
    --- PASS: TestDNSDomainFilterRetainedIntentGenerationAndExpiryRefuse/unknown-intent (0.34s)
    --- PASS: TestDNSDomainFilterRetainedIntentGenerationAndExpiryRefuse/generation (0.26s)
    --- PASS: TestDNSDomainFilterRetainedIntentGenerationAndExpiryRefuse/expired (0.27s)
=== RUN   TestDNSDomainFilterGroupBoundsAndUnsupportedSelectedShapeRefuse
--- PASS: TestDNSDomainFilterGroupBoundsAndUnsupportedSelectedShapeRefuse (0.34s)
=== RUN   TestDNSDomainFilterAdGuardPreservesBlankCommentsAndRefusesModifiedTarget
--- PASS: TestDNSDomainFilterAdGuardPreservesBlankCommentsAndRefusesModifiedTarget (0.38s)
PASS
ok  	github.com/Wayy01/Just-Dashboard/backend/internal/dnsservice	6.818s
=== RUN   TestDNSDomainFilterAPIPrivateRetainedCurrentAndDestructiveApply
    handlers_network_dns_domain_filters_test.go:35: native filter secrets or payload entered query
    handlers_network_dns_domain_filters_test.go:35: native filter secrets or payload entered query
    handlers_network_dns_domain_filters_test.go:35: native filter secrets or payload entered query
    handlers_network_dns_domain_filters_test.go:35: native filter secrets or payload entered query
    handlers_network_dns_domain_filters_test.go:35: native filter secrets or payload entered query
    handlers_network_dns_domain_filters_test.go:35: native filter secrets or payload entered query
--- FAIL: TestDNSDomainFilterAPIPrivateRetainedCurrentAndDestructiveApply (0.45s)
FAIL
FAIL	github.com/Wayy01/Just-Dashboard/backend/internal/api	0.534s
FAIL
