# 2026-10-10T04:58:37Z workers=1 specs=tests/browser/network-ui.spec.ts tests/browser/network-topology-interfaces.spec.ts

Running 54 tests using 1 worker

  ✓   1 [chromium] › tests/browser/network-topology-interfaces.spec.ts:31:5 › the identity says both forwarding families and keeps a translated source from posing as public (1.7s)
  ✓   2 [chromium] › tests/browser/network-topology-interfaces.spec.ts:71:5 › paths in use come from tracked flows and pointing at a node lights who it trades with (1.8s)
  ✓   3 [chromium] › tests/browser/network-topology-interfaces.spec.ts:100:5 › a failed connection-tracking read is said, not drawn as no traffic (1.5s)
  ✓   4 [chromium] › tests/browser/network-topology-interfaces.spec.ts:125:5 › throughput says how old its newest reading is and turns stale when the ring stops (2.4s)
  ✓   5 [chromium] › tests/browser/network-topology-interfaces.spec.ts:152:5 › a failed live poll keeps the ring with a dated retry (3.2s)
  ✓   6 [chromium] › tests/browser/network-topology-interfaces.spec.ts:182:5 › the throughput tiles and the chart drill into the devices under them (6.9s)
  ✓   7 [chromium] › tests/browser/network-topology-interfaces.spec.ts:211:5 › a failed reading is its own finding, and history keeps unobserved incidents open (1.6s)
  ✓   8 [chromium] › tests/browser/network-topology-interfaces.spec.ts:269:5 › interfaces flag Docker devices that could not be joined instead of hiding them (1.0s)
  ✓   9 [chromium] › tests/browser/network-topology-interfaces.spec.ts:300:5 › a device sheet reads its driver, offloads, error counters and address origins (1.6s)
  ✓  10 [chromium] › tests/browser/network-topology-interfaces.spec.ts:329:5 › namespaces keep a failed item visible and open as their own network (1.8s)
  ✓  11 [chromium] › tests/browser/network-topology-interfaces.spec.ts:363:5 › a later namespaces poll failure keeps the list with a dated retry (1.0s)
  ✓  12 [chromium] › tests/browser/network-topology-interfaces.spec.ts:383:5 › a veth hands off to the namespace it leads into and a container's to the investigator (2.8s)
  ✓  13 [chromium] › tests/browser/network-topology-interfaces.spec.ts:419:5 › a managed bridge reads as a switch and a port's VLAN policy is applied and confirmed (3.3s)
  ✓  14 [chromium] › tests/browser/network-topology-interfaces.spec.ts:453:5 › a refused bridge move is previewed with what it would leave behind and cannot be applied (2.4s)
  ✓  15 [chromium] › tests/browser/network-topology-interfaces.spec.ts:489:5 › a VXLAN's readiness names its checks and limits and edits its flood ends (1.6s)
  ✓  16 [chromium] › tests/browser/network-topology-interfaces.spec.ts:558:5 › bridges, macvlans and dummies explain themselves before they are made (2.8s)
  ✓  17 [chromium] › tests/browser/network-topology-interfaces.spec.ts:583:5 › a dummy's sheet hands a route into it to the routing page (1.9s)
  ✓  18 [chromium] › tests/browser/network-topology-interfaces.spec.ts:674:7 › a gre sheet shows what this host can establish about it (1.1s)
  ✓  19 [chromium] › tests/browser/network-topology-interfaces.spec.ts:674:7 › a macvlan sheet shows what this host can establish about it (1.0s)
  -  20 [chromium] › tests/browser/network-ui.spec.ts:34:13 › screenshots › 390 wide › /network at 390
  -  21 [chromium] › tests/browser/network-ui.spec.ts:34:13 › screenshots › 390 wide › /network/interfaces at 390
  -  22 [chromium] › tests/browser/network-ui.spec.ts:34:13 › screenshots › 390 wide › /network/routing at 390
  -  23 [chromium] › tests/browser/network-ui.spec.ts:34:13 › screenshots › 390 wide › /network/vpn at 390
  -  24 [chromium] › tests/browser/network-ui.spec.ts:34:13 › screenshots › 390 wide › /network/firewall at 390
  -  25 [chromium] › tests/browser/network-ui.spec.ts:34:13 › screenshots › 390 wide › /network/connections at 390
  -  26 [chromium] › tests/browser/network-ui.spec.ts:34:13 › screenshots › 390 wide › /network/tools at 390
  -  27 [chromium] › tests/browser/network-ui.spec.ts:34:13 › screenshots › 1440 wide › /network at 1440
  -  28 [chromium] › tests/browser/network-ui.spec.ts:34:13 › screenshots › 1440 wide › /network/interfaces at 1440
  -  29 [chromium] › tests/browser/network-ui.spec.ts:34:13 › screenshots › 1440 wide › /network/routing at 1440
  -  30 [chromium] › tests/browser/network-ui.spec.ts:34:13 › screenshots › 1440 wide › /network/vpn at 1440
  -  31 [chromium] › tests/browser/network-ui.spec.ts:34:13 › screenshots › 1440 wide › /network/firewall at 1440
  -  32 [chromium] › tests/browser/network-ui.spec.ts:34:13 › screenshots › 1440 wide › /network/connections at 1440
  -  33 [chromium] › tests/browser/network-ui.spec.ts:34:13 › screenshots › 1440 wide › /network/tools at 1440
  ✓  34 [chromium] › tests/browser/network-ui.spec.ts:105:7 › /network keeps the design system's structural rules (1.4s)
  ✓  35 [chromium] › tests/browser/network-ui.spec.ts:105:7 › /network/interfaces keeps the design system's structural rules (816ms)
  ✓  36 [chromium] › tests/browser/network-ui.spec.ts:105:7 › /network/routing keeps the design system's structural rules (824ms)
  ✓  37 [chromium] › tests/browser/network-ui.spec.ts:105:7 › /network/vpn keeps the design system's structural rules (886ms)
  ✓  38 [chromium] › tests/browser/network-ui.spec.ts:105:7 › /network/firewall keeps the design system's structural rules (910ms)
  ✓  39 [chromium] › tests/browser/network-ui.spec.ts:105:7 › /network/connections keeps the design system's structural rules (849ms)
  ✓  40 [chromium] › tests/browser/network-ui.spec.ts:105:7 › /network/tools keeps the design system's structural rules (777ms)
  ✓  41 [chromium] › tests/browser/network-ui.spec.ts:118:9 › on a phone › /network never scrolls sideways (1.2s)
  ✓  42 [chromium] › tests/browser/network-ui.spec.ts:118:9 › on a phone › /network/interfaces never scrolls sideways (697ms)
  ✓  43 [chromium] › tests/browser/network-ui.spec.ts:118:9 › on a phone › /network/routing never scrolls sideways (661ms)
  ✓  44 [chromium] › tests/browser/network-ui.spec.ts:118:9 › on a phone › /network/vpn never scrolls sideways (714ms)
  ✓  45 [chromium] › tests/browser/network-ui.spec.ts:118:9 › on a phone › /network/firewall never scrolls sideways (686ms)
  ✓  46 [chromium] › tests/browser/network-ui.spec.ts:118:9 › on a phone › /network/connections never scrolls sideways (684ms)
  ✓  47 [chromium] › tests/browser/network-ui.spec.ts:118:9 › on a phone › /network/tools never scrolls sideways (565ms)
  ✓  48 [chromium] › tests/browser/network-ui.spec.ts:130:5 › the old Security addresses lead to the Network pages, keeping their questions (1.9s)
  ✓  49 [chromium] › tests/browser/network-ui.spec.ts:142:5 › the overview draws the topology, the readings and the attention list (2.4s)
  ✓  50 [chromium] › tests/browser/network-ui.spec.ts:158:5 › a device opens its sheet, and only what may change offers to (2.1s)
  ✓  51 [chromium] › tests/browser/network-ui.spec.ts:170:5 › a new VLAN sends exactly what the create route takes (2.2s)
  ✓  52 [chromium] › tests/browser/network-ui.spec.ts:197:5 › the routing page lights the rule that answers this browser (785ms)
  ✓  53 [chromium] › tests/browser/network-ui.spec.ts:206:5 › a peer opens its sheet and shows its QR code again (2.2s)
  ✓  54 [chromium] › tests/browser/network-ui.spec.ts:222:5 › every control in the forms has a name (5.0s)

  14 skipped
  40 passed (1.2m)
# exit=0 2026-10-10T04:59:49Z
