# 2026-10-10T05:00:08Z workers=1 specs=tests/browser/network-traffic-maturity.spec.ts

Running 15 tests using 1 worker

  ✓   1 [chromium] › tests/browser/network-traffic-maturity.spec.ts:26:5 › the live window says how old its reading is, with packets, TCP resent and round trip (25.5s)
  ✓   2 [chromium] › tests/browser/network-traffic-maturity.spec.ts:49:5 › a stopped sampler reads as stale, not as a quiet link (22.3s)
  ✓   3 [chromium] › tests/browser/network-traffic-maturity.spec.ts:58:5 › a typed range reads that window with its percentiles and the incidents in it (54.8s)
  ✓   4 [chromium] › tests/browser/network-traffic-maturity.spec.ts:94:5 › a transfer budget reads exact and estimated bytes, alerts, and is set and cleared (1.5m)
  ✓   5 [chromium] › tests/browser/network-traffic-maturity.spec.ts:130:5 › programs say what a read could not see and list UDP peers without byte counters (56.7s)
  ✓   6 [chromium] › tests/browser/network-traffic-maturity.spec.ts:149:5 › every container can be listed and one opens into its chart, service and peers (40.9s)
  ✓   7 [chromium] › tests/browser/network-traffic-maturity.spec.ts:176:5 › shaping says what the next change does with each device's queues, and refuses a foreign tree (60.0s)
  ✓   8 [chromium] › tests/browser/network-traffic-maturity.spec.ts:195:5 › an upload profile goes with CAKE and the delay CAKE measured is shown (48.7s)
  ✓   9 [chromium] › tests/browser/network-traffic-maturity.spec.ts:234:5 › congestion control is compared on live sockets, now and before the last switch (26.3s)
  ✓  10 [chromium] › tests/browser/network-traffic-maturity.spec.ts:248:5 › a loaded program opens into its maps, attachments and cost, and the observer is marked (50.2s)
  ✓  11 [chromium] › tests/browser/network-traffic-maturity.spec.ts:274:5 › an install is followed by configured, active and verified phases, not by a claim (41.8s)
  ✓  12 [chromium] › tests/browser/network-traffic-maturity.spec.ts:339:5 › a peer opens into its tuples, ages, closes and the layers it crosses (3.6s)
  ✓  13 [chromium] › tests/browser/network-traffic-maturity.spec.ts:377:5 › a block asks why and until when, opens an incident, and is listed with its end (4.9s)
  ✓  14 [chromium] › tests/browser/network-traffic-maturity.spec.ts:445:5 › a past hour is read from the socket history in the live table's shape (2.9s)
  ✓  15 [chromium] › tests/browser/network-traffic-maturity.spec.ts:471:7 › at a phone's width › the traffic and connections additions never scroll sideways (46.9s)

  Slow test file: [chromium] › tests/browser/network-traffic-maturity.spec.ts (9.6m)
  Consider running tests from slow files in parallel. See: https://playwright.dev/docs/test-parallel
  15 passed (9.6m)
# exit=0 2026-10-10T05:09:48Z
