{
  "at": "2026-10-10T01:18:24Z",
  "bootId": "47775ab0-e4ff-47e3-82e9-693ad6ad4f0d",
  "evidence": {
    "backendAtBoot": {
      "active": "inactive",
      "pid": "0",
      "startedThisBoot": false,
      "sub": "dead"
    },
    "driftAfterBoot": {
      "boot": {
        "activeState": "active",
        "needDaemonReload": "no",
        "reason": null,
        "status": "matching",
        "unitFileState": "enabled"
      },
      "commands": [
        [
          "ip",
          0,
          "exited"
        ],
        [
          "ip",
          0,
          "exited"
        ],
        [
          "tc",
          0,
          "exited"
        ],
        [
          "nft",
          0,
          "exited"
        ],
        [
          "iptables",
          0,
          "exited"
        ],
        [
          "iptables",
          0,
          "exited"
        ],
        [
          "iptables",
          0,
          "exited"
        ],
        [
          "ip6tables",
          0,
          "exited"
        ],
        [
          "ip6tables",
          0,
          "exited"
        ],
        [
          "ip6tables",
          0,
          "exited"
        ],
        [
          "sysctl",
          0,
          "exited"
        ]
      ],
      "consistent": true,
      "documentedUnknown": [
        "link:jdvm-veth0",
        "gateway:jd_gateway",
        "recovery-helper:/etc/just-dashboard/network/network-recovery"
      ],
      "execution": {
        "bootId": "47775ab0-e4ff-47e3-82e9-693ad6ad4f0d",
        "bootTrigger": "unknown",
        "finishedAt": "Sat 2026-10-10 01:18:20 UTC",
        "invocationId": "774bfe6e39c940c497cea7112340274c",
        "reason": null,
        "result": "success",
        "startedAt": "Sat 2026-10-10 01:18:20 UTC",
        "status": "succeeded"
      },
      "files": 8,
      "notMatching": [],
      "repairPlan": {
        "blockers": [],
        "executable": false,
        "items": [],
        "status": "no_known_repairs"
      },
      "runtime": 35,
      "status": "unknown"
    },
    "journal": {
      "appliedAt": "2026-10-10T01:17:58.410601069Z",
      "boot": "enabled",
      "bootDependencies": 22,
      "commandTools": [
        "sysctl"
      ],
      "files": [
        "/etc/sysctl.d/90-just-dashboard.conf",
        "/etc/just-dashboard/network/spec.json"
      ],
      "generation": "4f6946ba9551507cb0785e59be542eeb3232ac647dc868306b9d6a5c014e3bee",
      "id": "f1996fb139a0bb9c0308e2c56f5b7824",
      "persistence": "written",
      "phase": "saved",
      "runtime": "applied",
      "updatedAt": "2026-10-10T01:17:58.460668068Z",
      "watchdog": "completed"
    },
    "kernelAfterBootMissing": [],
    "networkUnit": {
      "ActiveState": "active",
      "ExecMainExitTimestamp": "Sat 2026-10-10 01:18:20 UTC",
      "ExecMainStartTimestampMonotonic": "14104140",
      "ExecMainStatus": "0",
      "InvocationID": "774bfe6e39c940c497cea7112340274c",
      "Result": "success",
      "UnitFileState": "enabled"
    },
    "networkUnitCommands": [
      {
        "argv": "ip -force -batch /etc/just-dashboard/network/links.batch",
        "code": "exited",
        "ignoreErrors": "yes",
        "path": "ip",
        "status": "0"
      },
      {
        "argv": "ip -6 -force -batch /etc/just-dashboard/network/rules6.batch",
        "code": "exited",
        "ignoreErrors": "yes",
        "path": "ip",
        "status": "0"
      },
      {
        "argv": "tc -force -batch /etc/just-dashboard/network/shaping.batch",
        "code": "exited",
        "ignoreErrors": "yes",
        "path": "tc",
        "status": "0"
      },
      {
        "argv": "nft -f /etc/just-dashboard/network/gateway.nft",
        "code": "exited",
        "ignoreErrors": "yes",
        "path": "nft",
        "status": "0"
      },
      {
        "argv": "iptables -I FORWARD 1 -m connmark --mark 0x4a000000/0xff000000 -m comment --comment just-dashboard-gateway -j ACCEPT",
        "code": "exited",
        "ignoreErrors": "yes",
        "path": "iptables",
        "status": "0"
      },
      {
        "argv": "iptables -I INPUT 1 -m connmark --mark 0x4a000000/0xff000000 -m comment --comment just-dashboard-gateway -j ACCEPT",
        "code": "exited",
        "ignoreErrors": "yes",
        "path": "iptables",
        "status": "0"
      },
      {
        "argv": "iptables -I DOCKER-USER 1 -m connmark --mark 0x4a000000/0xff000000 -m comment --comment just-dashboard-gateway -j ACCEPT",
        "code": "exited",
        "ignoreErrors": "yes",
        "path": "iptables",
        "status": "0"
      },
      {
        "argv": "ip6tables -I FORWARD 1 -m connmark --mark 0x4a000000/0xff000000 -m comment --comment just-dashboard-gateway -j ACCEPT",
        "code": "exited",
        "ignoreErrors": "yes",
        "path": "ip6tables",
        "status": "0"
      },
      {
        "argv": "ip6tables -I INPUT 1 -m connmark --mark 0x4a000000/0xff000000 -m comment --comment just-dashboard-gateway -j ACCEPT",
        "code": "exited",
        "ignoreErrors": "yes",
        "path": "ip6tables",
        "status": "0"
      },
      {
        "argv": "ip6tables -I DOCKER-USER 1 -m connmark --mark 0x4a000000/0xff000000 -m comment --comment just-dashboard-gateway -j ACCEPT",
        "code": "exited",
        "ignoreErrors": "yes",
        "path": "ip6tables",
        "status": "0"
      },
      {
        "argv": "sysctl -q -p /etc/sysctl.d/90-just-dashboard.conf",
        "code": "exited",
        "ignoreErrors": "yes",
        "path": "sysctl",
        "status": "0"
      }
    ],
    "networkUnitFailedCommands": [],
    "networkUnitJournal": [
      "2026-10-10T01:18:19.791227+00:00 jd-vm-reboot systemd[1]: Starting just-dashboard-network.service - Just Dashboard network: the devices, routes, gateway and shaping it made...",
      "2026-10-10T01:18:19.959472+00:00 jd-vm-reboot iptables[947]: iptables: Bad rule (does a matching rule exist in that chain?).",
      "2026-10-10T01:18:19.981497+00:00 jd-vm-reboot iptables[953]: iptables: Bad rule (does a matching rule exist in that chain?).",
      "2026-10-10T01:18:20.002353+00:00 jd-vm-reboot iptables[954]: iptables: Bad rule (does a matching rule exist in that chain?).",
      "2026-10-10T01:18:20.028203+00:00 jd-vm-reboot ip6tables[956]: ip6tables: Bad rule (does a matching rule exist in that chain?).",
      "2026-10-10T01:18:20.053066+00:00 jd-vm-reboot ip6tables[958]: ip6tables: Bad rule (does a matching rule exist in that chain?).",
      "2026-10-10T01:18:20.075234+00:00 jd-vm-reboot ip6tables[961]: ip6tables: Bad rule (does a matching rule exist in that chain?).",
      "2026-10-10T01:18:20.102780+00:00 jd-vm-reboot tc[963]: Cannot find device \"jdvmdum1\"",
      "2026-10-10T01:18:20.129536+00:00 jd-vm-reboot tc[966]: Cannot find device \"jdvmdum1\"",
      "2026-10-10T01:18:20.150458+00:00 jd-vm-reboot tc[970]: Cannot find device \"jdvmbr0\"",
      "2026-10-10T01:18:20.273023+00:00 jd-vm-reboot tc[997]: Warning: sch_htb: quantum of class 10010 is big. Consider r2q change.",
      "2026-10-10T01:18:20.617663+00:00 jd-vm-reboot systemd[1]: Finished just-dashboard-network.service - Just Dashboard network: the devices, routes, gateway and shaping it made."
    ],
    "recoveryUnit": {
      "ActiveState": "inactive",
      "ExecMainExitTimestamp": "Sat 2026-10-10 01:18:19 UTC",
      "ExecMainStartTimestampMonotonic": "12753520",
      "ExecMainStatus": "0",
      "Result": "success",
      "UnitFileState": "enabled"
    },
    "recoveryUnitJournal": [
      "2026-10-10T01:18:19.264874+00:00 jd-vm-reboot systemd[1]: Starting just-dashboard-network-recovery.service - Recover interrupted Just Dashboard network changes...",
      "2026-10-10T01:18:19.778266+00:00 jd-vm-reboot systemd[1]: just-dashboard-network-recovery.service: Deactivated successfully.",
      "2026-10-10T01:18:19.779071+00:00 jd-vm-reboot systemd[1]: Finished just-dashboard-network-recovery.service - Recover interrupted Just Dashboard network changes."
    ]
  },
  "failures": [],
  "phase": "c001-verify",
  "result": "pass",
  "seconds": 2.6
}
