{
  "at": "2026-10-10T01:20:04Z",
  "bootId": "47775ab0-e4ff-47e3-82e9-693ad6ad4f0d",
  "evidence": {
    "backend": {
      "active": "failed",
      "pid": "0",
      "startedThisBoot": true,
      "sub": "failed"
    },
    "helperJournal": [
      "2026-10-10T01:20:02.551782+00:00 jd-vm-reboot systemd[1]: Starting just-dashboard-network-recover-1f0636ad7014f71d5f3c180ab680d612.service - /etc/just-dashboard/network/network-recovery --network-recover /etc/just-dashboard/network 1f0636ad7014f71d5f3c180ab680d612...",
      "2026-10-10T01:20:03.066275+00:00 jd-vm-reboot systemd[1]: just-dashboard-network-recover-1f0636ad7014f71d5f3c180ab680d612.service: Deactivated successfully.",
      "2026-10-10T01:20:03.066661+00:00 jd-vm-reboot systemd[1]: Finished just-dashboard-network-recover-1f0636ad7014f71d5f3c180ab680d612.service - /etc/just-dashboard/network/network-recovery --network-recover /etc/just-dashboard/network 1f0636ad7014f71d5f3c180ab680d612."
    ],
    "journal": {
      "appliedAt": "2026-10-10T01:18:31.727649397Z",
      "boot": "enabled",
      "bootDependencies": 22,
      "commandTools": [
        "ip"
      ],
      "expiresAt": "2026-10-10T01:20:01.698161958Z",
      "files": [
        "/etc/just-dashboard/network/links.batch",
        "/etc/just-dashboard/network/spec.json"
      ],
      "generation": "bbf1543cb82dbcd1b1afcd79598a8f1f38d92abb0acc5d581e3612bdd433f813",
      "id": "1f0636ad7014f71d5f3c180ab680d612",
      "ownerUserId": 1,
      "persistence": "restored",
      "phase": "recovered",
      "runtime": "restored",
      "updatedAt": "2026-10-10T01:20:03.057867061Z",
      "watchdog": "recovered"
    },
    "priorGenerationInKernelMissing": [],
    "waitedSeconds": 92.4
  },
  "failures": [],
  "phase": "f4-timer awaiting_confirmation-10",
  "result": "pass",
  "seconds": 92.5
}
