{
  "at": "2026-10-10T01:26:02Z",
  "bootId": "5c9eed23-5a7f-44e4-ade8-a02a1644d3a2",
  "evidence": {
    "backendAtBoot": {
      "active": "inactive",
      "pid": "0",
      "startedThisBoot": false,
      "sub": "dead"
    },
    "driftAfterBoot": {
      "boot": {
        "activeState": "active",
        "needDaemonReload": "no",
        "reason": null,
        "status": "matching",
        "unitFileState": "enabled"
      },
      "commands": [
        [
          "ip",
          0,
          "exited"
        ],
        [
          "ip",
          0,
          "exited"
        ],
        [
          "tc",
          0,
          "exited"
        ],
        [
          "nft",
          0,
          "exited"
        ],
        [
          "iptables",
          0,
          "exited"
        ],
        [
          "iptables",
          0,
          "exited"
        ],
        [
          "iptables",
          0,
          "exited"
        ],
        [
          "ip6tables",
          0,
          "exited"
        ],
        [
          "ip6tables",
          0,
          "exited"
        ],
        [
          "ip6tables",
          0,
          "exited"
        ],
        [
          "sysctl",
          0,
          "exited"
        ]
      ],
      "consistent": true,
      "documentedUnknown": [
        "link:jdvm-veth0",
        "gateway:jd_gateway",
        "recovery-helper:/etc/just-dashboard/network/network-recovery"
      ],
      "execution": {
        "bootId": "5c9eed23-5a7f-44e4-ade8-a02a1644d3a2",
        "bootTrigger": "unknown",
        "finishedAt": "Sat 2026-10-10 01:25:56 UTC",
        "invocationId": "f1bcd769ce464b0c9a16f02331d34647",
        "reason": null,
        "result": "success",
        "startedAt": "Sat 2026-10-10 01:25:56 UTC",
        "status": "succeeded"
      },
      "files": 8,
      "notMatching": [],
      "repairPlan": {
        "blockers": [],
        "executable": false,
        "items": [],
        "status": "no_known_repairs"
      },
      "runtime": 35,
      "status": "unknown"
    },
    "journal": {
      "appliedAt": "2026-10-10T01:25:34.870573257Z",
      "boot": "not_verified",
      "bootDependencies": 0,
      "commandTools": [],
      "expiresAt": "2026-10-10T01:27:04.154726402Z",
      "files": [
        "/etc/just-dashboard/network/links.batch"
      ],
      "generation": "4f6946ba9551507cb0785e59be542eeb3232ac647dc868306b9d6a5c014e3bee",
      "id": "4ef756d02b4a3d73feba760637256b6c",
      "ownerUserId": 1,
      "persistence": "written",
      "phase": "confirmed",
      "runtime": "not_applied",
      "updatedAt": "2026-10-10T01:25:34.902292794Z",
      "verifiedAt": "2026-10-10T01:25:34.888791612Z",
      "watchdog": "completed"
    },
    "kernelAfterBootMissing": [],
    "networkUnit": {
      "ActiveState": "active",
      "ExecMainExitTimestamp": "Sat 2026-10-10 01:25:56 UTC",
      "ExecMainStartTimestampMonotonic": "14340822",
      "ExecMainStatus": "0",
      "InvocationID": "f1bcd769ce464b0c9a16f02331d34647",
      "Result": "success",
      "UnitFileState": "enabled"
    },
    "networkUnitCommands": [
      {
        "argv": "ip -force -batch /etc/just-dashboard/network/links.batch",
        "code": "exited",
        "ignoreErrors": "yes",
        "path": "ip",
        "status": "0"
      },
      {
        "argv": "ip -6 -force -batch /etc/just-dashboard/network/rules6.batch",
        "code": "exited",
        "ignoreErrors": "yes",
        "path": "ip",
        "status": "0"
      },
      {
        "argv": "tc -force -batch /etc/just-dashboard/network/shaping.batch",
        "code": "exited",
        "ignoreErrors": "yes",
        "path": "tc",
        "status": "0"
      },
      {
        "argv": "nft -f /etc/just-dashboard/network/gateway.nft",
        "code": "exited",
        "ignoreErrors": "yes",
        "path": "nft",
        "status": "0"
      },
      {
        "argv": "iptables -I FORWARD 1 -m connmark --mark 0x4a000000/0xff000000 -m comment --comment just-dashboard-gateway -j ACCEPT",
        "code": "exited",
        "ignoreErrors": "yes",
        "path": "iptables",
        "status": "0"
      },
      {
        "argv": "iptables -I INPUT 1 -m connmark --mark 0x4a000000/0xff000000 -m comment --comment just-dashboard-gateway -j ACCEPT",
        "code": "exited",
        "ignoreErrors": "yes",
        "path": "iptables",
        "status": "0"
      },
      {
        "argv": "iptables -I DOCKER-USER 1 -m connmark --mark 0x4a000000/0xff000000 -m comment --comment just-dashboard-gateway -j ACCEPT",
        "code": "exited",
        "ignoreErrors": "yes",
        "path": "iptables",
        "status": "0"
      },
      {
        "argv": "ip6tables -I FORWARD 1 -m connmark --mark 0x4a000000/0xff000000 -m comment --comment just-dashboard-gateway -j ACCEPT",
        "code": "exited",
        "ignoreErrors": "yes",
        "path": "ip6tables",
        "status": "0"
      },
      {
        "argv": "ip6tables -I INPUT 1 -m connmark --mark 0x4a000000/0xff000000 -m comment --comment just-dashboard-gateway -j ACCEPT",
        "code": "exited",
        "ignoreErrors": "yes",
        "path": "ip6tables",
        "status": "0"
      },
      {
        "argv": "ip6tables -I DOCKER-USER 1 -m connmark --mark 0x4a000000/0xff000000 -m comment --comment just-dashboard-gateway -j ACCEPT",
        "code": "exited",
        "ignoreErrors": "yes",
        "path": "ip6tables",
        "status": "0"
      },
      {
        "argv": "sysctl -q -p /etc/sysctl.d/90-just-dashboard.conf",
        "code": "exited",
        "ignoreErrors": "yes",
        "path": "sysctl",
        "status": "0"
      }
    ],
    "networkUnitFailedCommands": [],
    "networkUnitJournal": [
      "2026-10-10T01:25:55.817949+00:00 jd-vm-reboot systemd[1]: Starting just-dashboard-network.service - Just Dashboard network: the devices, routes, gateway and shaping it made...",
      "2026-10-10T01:25:55.926365+00:00 jd-vm-reboot iptables[876]: iptables: Bad rule (does a matching rule exist in that chain?).",
      "2026-10-10T01:25:55.938636+00:00 jd-vm-reboot iptables[880]: iptables: Bad rule (does a matching rule exist in that chain?).",
      "2026-10-10T01:25:55.958718+00:00 jd-vm-reboot iptables[885]: iptables: Bad rule (does a matching rule exist in that chain?).",
      "2026-10-10T01:25:55.985831+00:00 jd-vm-reboot ip6tables[887]: ip6tables: Bad rule (does a matching rule exist in that chain?).",
      "2026-10-10T01:25:56.011759+00:00 jd-vm-reboot ip6tables[888]: ip6tables: Bad rule (does a matching rule exist in that chain?).",
      "2026-10-10T01:25:56.029656+00:00 jd-vm-reboot ip6tables[890]: ip6tables: Bad rule (does a matching rule exist in that chain?).",
      "2026-10-10T01:25:56.054166+00:00 jd-vm-reboot tc[892]: Cannot find device \"jdvmdum1\"",
      "2026-10-10T01:25:56.087525+00:00 jd-vm-reboot tc[896]: Cannot find device \"jdvmdum1\"",
      "2026-10-10T01:25:56.113470+00:00 jd-vm-reboot tc[900]: Cannot find device \"jdvmbr0\"",
      "2026-10-10T01:25:56.267394+00:00 jd-vm-reboot tc[925]: Warning: sch_htb: quantum of class 10010 is big. Consider r2q change.",
      "2026-10-10T01:25:56.628134+00:00 jd-vm-reboot systemd[1]: Finished just-dashboard-network.service - Just Dashboard network: the devices, routes, gateway and shaping it made."
    ],
    "recoveryUnit": {
      "ActiveState": "inactive",
      "ExecMainExitTimestamp": "Sat 2026-10-10 01:25:55 UTC",
      "ExecMainStartTimestampMonotonic": "13178195",
      "ExecMainStatus": "0",
      "Result": "success",
      "UnitFileState": "enabled"
    },
    "recoveryUnitJournal": [
      "2026-10-10T01:25:55.457834+00:00 jd-vm-reboot systemd[1]: Starting just-dashboard-network-recovery.service - Recover interrupted Just Dashboard network changes...",
      "2026-10-10T01:25:55.807099+00:00 jd-vm-reboot systemd[1]: just-dashboard-network-recovery.service: Deactivated successfully.",
      "2026-10-10T01:25:55.807455+00:00 jd-vm-reboot systemd[1]: Finished just-dashboard-network-recovery.service - Recover interrupted Just Dashboard network changes."
    ]
  },
  "failures": [],
  "phase": "p7-repaired-verify",
  "result": "pass",
  "seconds": 3.6
}
