{
  "at": "2026-10-10T01:27:23Z",
  "bootId": "5108d8c1-24b7-46da-b7f4-f72947023058",
  "evidence": {
    "candidateFile": {
      "inode": 16289,
      "mode": "0o600",
      "path": "/etc/netplan/60-jdvm-networkd.yaml",
      "sha256": "f5ca3599ffddbb05884923e6b4d720064bcf509098cb0b37802b8d03be3ed810"
    },
    "journalAtKill": {
      "appliedAt": "2026-10-10T01:27:21.711075743Z",
      "boot": "enabled",
      "bootDependencies": 0,
      "cleanup": "pending",
      "commandTools": [
        "native"
      ],
      "expiresAt": "2026-10-10T01:28:51.512880783Z",
      "files": [],
      "generation": "fd55bbf8c07e807b134647e8fff504f380f2a53c145e603deb1336807778ac4c",
      "id": "00bdeffc7eeefe163785783ab42f3870",
      "ownerUserId": 1,
      "persistence": "written",
      "phase": "awaiting_confirmation",
      "runtime": "applied",
      "updatedAt": "2026-10-10T01:27:22.389785869Z",
      "watchdog": "armed"
    },
    "networkdSettled": true
  },
  "failures": [],
  "phase": "p11-kill netplan-networkd 17",
  "result": "pass",
  "seconds": 6.7
}
