{
  "at": "2026-10-10T01:30:32Z",
  "bootId": "5108d8c1-24b7-46da-b7f4-f72947023058",
  "evidence": {
    "backend": {
      "active": "failed",
      "pid": "0",
      "startedThisBoot": true,
      "sub": "failed"
    },
    "file": {
      "inode": 9495,
      "mode": "0o600",
      "path": "/etc/netplan/62-jdvm-nm-dummy.yaml",
      "sha256": "ee636f621273bb896e04d0e7178d4533809fdd4e186416f7c5f4ecb52d2b8f83"
    },
    "helperJournal": [
      "2026-10-10T01:30:30.048924+00:00 jd-vm-reboot systemd[1]: Starting just-dashboard-network-recover-e7ce5458fdb68abe428c51384b2575c3.service - /etc/just-dashboard/network/network-recovery --network-recover /etc/just-dashboard/network e7ce5458fdb68abe428c51384b2575c3...",
      "2026-10-10T01:30:30.664472+00:00 jd-vm-reboot systemd[1]: just-dashboard-network-recover-e7ce5458fdb68abe428c51384b2575c3.service: Deactivated successfully.",
      "2026-10-10T01:30:30.664796+00:00 jd-vm-reboot systemd[1]: Finished just-dashboard-network-recover-e7ce5458fdb68abe428c51384b2575c3.service - /etc/just-dashboard/network/network-recovery --network-recover /etc/just-dashboard/network e7ce5458fdb68abe428c51384b2575c3."
    ],
    "journal": {
      "appliedAt": "2026-10-10T01:28:59.205471417Z",
      "boot": "enabled",
      "bootDependencies": 0,
      "cleanup": "complete",
      "commandTools": [
        "native"
      ],
      "expiresAt": "2026-10-10T01:30:29.119126953Z",
      "files": [],
      "generation": "78492c1d9ac50439513e52948f79c8df8fe64757e39f6613fb1b2220d1a92315",
      "id": "e7ce5458fdb68abe428c51384b2575c3",
      "ownerUserId": 1,
      "persistence": "restored",
      "phase": "recovered",
      "runtime": "restored",
      "updatedAt": "2026-10-10T01:30:30.65868786Z",
      "watchdog": "recovered"
    },
    "profile": {
      "boot": {
        "reason": "The existing persistent profile's native owner is enabled; no reboot was measured.",
        "status": "matching"
      },
      "configured": {
        "reason": "Supported intent was read from the existing selected native profile.",
        "status": "matching"
      },
      "contract": {
        "members": []
      },
      "device": "jdnm0",
      "editable": true,
      "intent": {
        "ipv4": {
          "addresses": [
            "10.0.7.15/24",
            "10.0.7.16/24"
          ],
          "dns": [
            "10.0.7.3"
          ],
          "domains": [
            "nmd.jdvm.test"
          ],
          "ignoreAutoDns": false,
          "ignoreAutoRoutes": false,
          "method": "manual",
          "routes": [
            {
              "destination": "10.90.7.0/24",
              "gateway": "10.0.7.2",
              "metric": 100,
              "table": 254
            },
            {
              "destination": "10.91.7.0/24",
              "gateway": "10.0.7.2",
              "metric": 100,
              "table": 254
            }
          ]
        },
        "ipv6": {
          "addresses": [
            "fd00:7::15/64"
          ],
          "dns": [],
          "domains": [
            "nmd.jdvm.test"
          ],
          "ignoreAutoDns": false,
          "ignoreAutoRoutes": false,
          "method": "manual",
          "routes": []
        }
      },
      "owner": "netplan",
      "refusal": null,
      "renderer": "NetworkManager",
      "runtime": {
        "reason": "Kernel addresses/routes and the native owner's DNS/domains match supported intent; DHCP/RA acquisition was observed where required. Owner-default metrics remain owner-selected. No resolver/provider connectivity was probed.",
        "status": "matching"
      },
      "version": "1.1.2-8ubuntu1~24.04.3"
    },
    "waitedSeconds": 90.5
  },
  "failures": [],
  "phase": "p11-timer netplan-nm-17",
  "result": "pass",
  "seconds": 91.6
}
