2026-10-10T01:17:47Z 01-baseline                                      exit 0
2026-10-10T01:17:59Z 02-c001-apply                                    exit 0
2026-10-10T01:18:21Z 03-reboot                                        exit 0
2026-10-10T01:18:24Z 04-c001-verify                                   exit 0
2026-10-10T01:18:26Z 05-c004-ownership                                exit 0
2026-10-10T01:18:29Z 06-c002-cancel-1                                 exit 0
2026-10-10T01:18:32Z 07-f4-kill-awaiting_confirmation-10              exit 0
2026-10-10T01:20:05Z 08-f4-timer-awaiting_confirmation-10             exit 0
2026-10-10T01:20:07Z 09-f4-kill-runtime_applied-10                    exit 0
2026-10-10T01:21:39Z 10-f4-timer-runtime_applied-10                   exit 0
2026-10-10T01:21:41Z 11-f4-kill-persisted-10                          exit 0
2026-10-10T01:23:13Z 12-f4-timer-persisted-10                         exit 0
2026-10-10T01:23:16Z 13-f4-kill-awaiting_confirmation-11              exit 0
2026-10-10T01:23:39Z 14-reboot                                        exit 0
2026-10-10T01:23:41Z 15-f4-boot-awaiting_confirmation-11              exit 0
2026-10-10T01:23:44Z 16-f4-kill-runtime_applied-11                    exit 0
2026-10-10T01:24:04Z 17-reboot                                        exit 0
2026-10-10T01:24:07Z 18-f4-boot-runtime_applied-11                    exit 0
2026-10-10T01:24:09Z 19-f4-kill-persisted-11                          exit 0
2026-10-10T01:24:30Z 20-reboot                                        exit 0
2026-10-10T01:24:33Z 21-f4-boot-persisted-11                          exit 0
2026-10-10T01:24:36Z 22-p7-runtime-drift                              exit 0
2026-10-10T01:25:00Z 23-reboot                                        exit 0
2026-10-10T01:25:04Z 24-p7-runtime-reboot                             exit 0
2026-10-10T01:25:05Z 25-p7-file-drift                                 exit 0
2026-10-10T01:25:28Z 26-reboot                                        exit 0
2026-10-10T01:25:36Z 27-p7-file-verify                                exit 0
2026-10-10T01:25:59Z 28-reboot                                        exit 0
2026-10-10T01:26:02Z 29-p7-repaired-verify                            exit 0
2026-10-10T01:26:15Z 30-p7-daemon-restart                             exit 0
2026-10-10T01:26:18Z 31-p11-read                                      exit 0
2026-10-10T01:26:26Z 32-p11-confirm-netplan-networkd                  exit 0
2026-10-10T01:26:34Z 33-p11-confirm-netplan-nm                        exit 0
2026-10-10T01:26:40Z 34-p11-confirm-networkd                          exit 0
2026-10-10T01:27:04Z 35-reboot                                        exit 0
2026-10-10T01:27:06Z 36-p11-persist-netplan-networkd                  exit 0
2026-10-10T01:27:08Z 37-p11-persist-netplan-nm                        exit 0
2026-10-10T01:27:10Z 38-p11-persist-networkd                          exit 0
2026-10-10T01:27:16Z 39-p11-first-edit                                exit 0
2026-10-10T01:27:23Z 40-p11-kill-netplan-networkd-17                  exit 0
2026-10-10T01:28:54Z 41-p11-timer-netplan-networkd-17                 exit 0
2026-10-10T01:29:00Z 42-p11-kill-netplan-nm-17                        exit 0
2026-10-10T01:30:32Z 43-p11-timer-netplan-nm-17                       exit 0
2026-10-10T01:30:37Z 44-p11-kill-networkd-17                          exit 0
2026-10-10T01:32:09Z 45-p11-timer-networkd-17                         exit 0
2026-10-10T01:32:14Z 46-p11-kill-netplan-networkd-18                  exit 0
2026-10-10T01:32:36Z 47-reboot                                        exit 0
2026-10-10T01:32:38Z 48-p11-boot-netplan-networkd-18                  exit 0
2026-10-10T01:32:45Z 49-p11-kill-netplan-nm-18                        exit 0
2026-10-10T01:33:09Z 50-reboot                                        exit 0
2026-10-10T01:33:11Z 51-p11-boot-netplan-nm-18                        exit 0
2026-10-10T01:33:19Z 52-p11-kill-networkd-18                          exit 0
2026-10-10T01:33:42Z 53-reboot                                        exit 0
2026-10-10T01:33:44Z 54-p11-boot-networkd-18                          exit 0
2026-10-10T01:33:48Z 55-p14-apply                                     exit 0
2026-10-10T01:34:10Z 56-reboot                                        exit 0
2026-10-10T01:34:14Z 57-p14-verify                                    exit 0
2026-10-10T01:34:15Z 58-vrf-kernel                                    exit 0
2026-10-10T01:34:23Z 59-vrf-routing                                   exit 0
2026-10-10T01:34:46Z 60-reboot                                        exit 0
2026-10-10T01:34:46Z 61-vrf-routing-verify                            exit 0
failed steps: 0
exit 0
