specs start 2026-10-09T15:12:18Z: tests/browser/network-vpn-maturity.spec.ts tests/browser/network-ui.spec.ts tests/browser/network-audit.spec.ts tests/browser/network-report.spec.ts tests/browser/network-wireguard-dual.spec.ts tests/browser/network-ipam.spec.ts tests/browser/design-system.spec.ts

Running 178 tests using 1 worker

  ✓    1 [chromium] › tests/browser/design-system.spec.ts:145:5 › reading pages begin with content while retaining an accessible page name (2.3s)
  ✓    2 [chromium] › tests/browser/design-system.spec.ts:270:5 › hover, selection and focus are three different marks on a row (1.4s)
  ✓    3 [chromium] › tests/browser/design-system.spec.ts:377:7 › every icon-only control on /audit has an accessible name (1.2s)
  ✓    4 [chromium] › tests/browser/design-system.spec.ts:377:7 › every icon-only control on /system-users has an accessible name (1.2s)
  ✓    5 [chromium] › tests/browser/design-system.spec.ts:377:7 › every icon-only control on /packages has an accessible name (1.2s)
  ✓    6 [chromium] › tests/browser/design-system.spec.ts:377:7 › every icon-only control on /security has an accessible name (1.3s)
  ✓    7 [chromium] › tests/browser/design-system.spec.ts:377:7 › every icon-only control on /backups has an accessible name (1.3s)
  ✓    8 [chromium] › tests/browser/design-system.spec.ts:377:7 › every icon-only control on /deploy has an accessible name (1.3s)
  ✓    9 [chromium] › tests/browser/design-system.spec.ts:377:7 › every icon-only control on /deploy?view=archived has an accessible name (1.2s)
  ✓   10 [chromium] › tests/browser/design-system.spec.ts:377:7 › every icon-only control on /deploy/notifications has an accessible name (1.2s)
  ✓   11 [chromium] › tests/browser/design-system.spec.ts:377:7 › every icon-only control on /deploy/credentials has an accessible name (1.4s)
  ✓   12 [chromium] › tests/browser/design-system.spec.ts:377:7 › every icon-only control on /deploy/new has an accessible name (1.3s)
  ✓   13 [chromium] › tests/browser/design-system.spec.ts:377:7 › every icon-only control on /account has an accessible name (1.2s)
  ✓   14 [chromium] › tests/browser/design-system.spec.ts:377:7 › every icon-only control on /account/security has an accessible name (1.2s)
  ✓   15 [chromium] › tests/browser/design-system.spec.ts:377:7 › every icon-only control on /account/sessions has an accessible name (1.1s)
  ✓   16 [chromium] › tests/browser/design-system.spec.ts:377:7 › every icon-only control on /account/keys has an accessible name (1.1s)
  ✓   17 [chromium] › tests/browser/design-system.spec.ts:377:7 › every icon-only control on /account/users has an accessible name (1.1s)
  ✓   18 [chromium] › tests/browser/design-system.spec.ts:388:7 › every icon-only control on /deploy has an accessible name, with a project (1.5s)
  ✓   19 [chromium] › tests/browser/design-system.spec.ts:388:7 › every icon-only control on /deploy?view=archived has an accessible name, with a project (1.2s)
  ✓   20 [chromium] › tests/browser/design-system.spec.ts:388:7 › every icon-only control on /deploy/7/runtime has an accessible name, with a project (2.5s)
  ✓   21 [chromium] › tests/browser/design-system.spec.ts:388:7 › every icon-only control on /deploy/7/settings/general has an accessible name, with a project (1.6s)
  ✓   22 [chromium] › tests/browser/design-system.spec.ts:388:7 › every icon-only control on /deploy/7/settings/build has an accessible name, with a project (1.8s)
  ✓   23 [chromium] › tests/browser/design-system.spec.ts:388:7 › every icon-only control on /deploy/7/settings/runtime has an accessible name, with a project (1.7s)
  ✓   24 [chromium] › tests/browser/design-system.spec.ts:388:7 › every icon-only control on /deploy/7/settings/variables has an accessible name, with a project (1.6s)
  ✓   25 [chromium] › tests/browser/design-system.spec.ts:388:7 › every icon-only control on /deploy/7/settings/domains has an accessible name, with a project (1.6s)
  ✓   26 [chromium] › tests/browser/design-system.spec.ts:388:7 › every icon-only control on /deploy/7/settings/storage has an accessible name, with a project (1.5s)
  ✓   27 [chromium] › tests/browser/design-system.spec.ts:388:7 › every icon-only control on /deploy/7/settings/databases has an accessible name, with a project (1.8s)
  ✓   28 [chromium] › tests/browser/design-system.spec.ts:388:7 › every icon-only control on /deploy/7/settings/automation has an accessible name, with a project (1.8s)
  ✓   29 [chromium] › tests/browser/design-system.spec.ts:388:7 › every icon-only control on /deploy/7/settings/danger has an accessible name, with a project (1.5s)
  ✓   30 [chromium] › tests/browser/design-system.spec.ts:409:9 › at a phone's width › every icon-only control on /deploy has an accessible name (1.5s)
  ✓   31 [chromium] › tests/browser/design-system.spec.ts:409:9 › at a phone's width › every icon-only control on /deploy?view=archived has an accessible name (1.1s)
  ✓   32 [chromium] › tests/browser/design-system.spec.ts:409:9 › at a phone's width › every icon-only control on /deploy/7/runtime has an accessible name (2.2s)
  ✓   33 [chromium] › tests/browser/design-system.spec.ts:409:9 › at a phone's width › every icon-only control on /deploy/7/settings/general has an accessible name (1.4s)
  ✓   34 [chromium] › tests/browser/design-system.spec.ts:409:9 › at a phone's width › every icon-only control on /deploy/7/settings/build has an accessible name (1.5s)
  ✓   35 [chromium] › tests/browser/design-system.spec.ts:409:9 › at a phone's width › every icon-only control on /deploy/7/settings/runtime has an accessible name (1.4s)
  ✓   36 [chromium] › tests/browser/design-system.spec.ts:409:9 › at a phone's width › every icon-only control on /deploy/7/settings/variables has an accessible name (1.4s)
  ✓   37 [chromium] › tests/browser/design-system.spec.ts:409:9 › at a phone's width › every icon-only control on /deploy/7/settings/domains has an accessible name (1.4s)
  ✓   38 [chromium] › tests/browser/design-system.spec.ts:409:9 › at a phone's width › every icon-only control on /deploy/7/settings/storage has an accessible name (1.3s)
  ✓   39 [chromium] › tests/browser/design-system.spec.ts:409:9 › at a phone's width › every icon-only control on /deploy/7/settings/databases has an accessible name (1.4s)
  ✓   40 [chromium] › tests/browser/design-system.spec.ts:409:9 › at a phone's width › every icon-only control on /deploy/7/settings/automation has an accessible name (1.6s)
  ✓   41 [chromium] › tests/browser/design-system.spec.ts:409:9 › at a phone's width › every icon-only control on /deploy/7/settings/danger has an accessible name (1.3s)
  ✓   42 [chromium] › tests/browser/design-system.spec.ts:433:7 › the databases pages keep the rules (36.0s)
  ✓   43 [chromium] › tests/browser/design-system.spec.ts:461:7 › a database's switcher and its Connect popover keep the rules (1.9s)
  ✓   44 [chromium] › tests/browser/design-system.spec.ts:433:7 › the databases pages keep the rules at a phone's width (32.5s)
  ✓   45 [chromium] › tests/browser/design-system.spec.ts:461:7 › a database's switcher and its Connect popover keep the rules at a phone's width (1.8s)
  ✓   46 [chromium] › tests/browser/design-system.spec.ts:492:9 › with no hover available › row actions on /audit are visible without a pointer (1.1s)
  ✓   47 [chromium] › tests/browser/design-system.spec.ts:492:9 › with no hover available › row actions on /system-users are visible without a pointer (1.1s)
  ✓   48 [chromium] › tests/browser/design-system.spec.ts:513:5 › a centred row sets every item's text on its centre line (16.0s)
  ✓   49 [chromium] › tests/browser/design-system.spec.ts:524:5 › a centred row sets every item's text on its centre line, with a project (19.5s)
  ✓   50 [chromium] › tests/browser/design-system.spec.ts:543:5 › no page renders a filled pill (1.3s)
  ✓   51 [chromium] › tests/browser/design-system.spec.ts:558:7 › /deploy renders no filled pill (1.5s)
  ✓   52 [chromium] › tests/browser/design-system.spec.ts:558:7 › /deploy?view=archived renders no filled pill (1.2s)
  ✓   53 [chromium] › tests/browser/design-system.spec.ts:558:7 › /deploy/7/runtime renders no filled pill (2.6s)
  ✓   54 [chromium] › tests/browser/design-system.spec.ts:558:7 › /deploy/7/settings/general renders no filled pill (1.7s)
  ✓   55 [chromium] › tests/browser/design-system.spec.ts:558:7 › /deploy/7/settings/build renders no filled pill (1.8s)
  ✓   56 [chromium] › tests/browser/design-system.spec.ts:558:7 › /deploy/7/settings/runtime renders no filled pill (1.8s)
  ✓   57 [chromium] › tests/browser/design-system.spec.ts:558:7 › /deploy/7/settings/variables renders no filled pill (1.6s)
  ✓   58 [chromium] › tests/browser/design-system.spec.ts:558:7 › /deploy/7/settings/domains renders no filled pill (1.5s)
  ✓   59 [chromium] › tests/browser/design-system.spec.ts:558:7 › /deploy/7/settings/storage renders no filled pill (1.6s)
  ✓   60 [chromium] › tests/browser/design-system.spec.ts:558:7 › /deploy/7/settings/databases renders no filled pill (1.8s)
  ✓   61 [chromium] › tests/browser/design-system.spec.ts:558:7 › /deploy/7/settings/automation renders no filled pill (1.9s)
  ✓   62 [chromium] › tests/browser/design-system.spec.ts:558:7 › /deploy/7/settings/danger renders no filled pill (1.5s)
  ✓   63 [chromium] › tests/browser/design-system.spec.ts:575:7 › /deploy/credentials renders no filled pill (1.6s)
  ✓   64 [chromium] › tests/browser/design-system.spec.ts:575:7 › /deploy/notifications renders no filled pill (1.4s)
  ✓   65 [chromium] › tests/browser/design-system.spec.ts:589:5 › reduced motion is honoured globally (573ms)
  ✓   66 [chromium] › tests/browser/design-system.spec.ts:622:5 › every page declares one register, and only a flow page has a foreground (16.9s)
  ✓   67 [chromium] › tests/browser/design-system.spec.ts:643:5 › the deployment pages are reading pages with no foreground (19.1s)
  ✓   68 [chromium] › tests/browser/network-audit.spec.ts:13:5 › read-only accounts see network state and cannot submit mutations (7.1s)
  ✓   69 [chromium] › tests/browser/network-audit.spec.ts:35:5 › read-only VPN visits do not request administrator-only peer data (888ms)
  ✓   70 [chromium] › tests/browser/network-audit.spec.ts:54:7 › Route lookup sends its real API parameters (1.2s)
  ✓   71 [chromium] › tests/browser/network-audit.spec.ts:54:7 › Path MTU sends its real API parameters (1.3s)
  ✓   72 [chromium] › tests/browser/network-audit.spec.ts:54:7 › Host support sends its real API parameters (1.2s)
  ✓   73 [chromium] › tests/browser/network-audit.spec.ts:54:7 › Packet snapshot sends its real API parameters (1.3s)
  ✓   74 [chromium] › tests/browser/network-audit.spec.ts:54:7 › Wake-on-LAN sends its real API parameters (1.2s)
  ✓   75 [chromium] › tests/browser/network-audit.spec.ts:99:5 › a failed diagnostic keeps its error beside the inputs and can be retried (1.2s)
  ✓   76 [chromium] › tests/browser/network-audit.spec.ts:118:5 › namespaces and historical traffic show failed reads instead of empty results (1.9s)
  ✓   77 [chromium] › tests/browser/network-audit.spec.ts:135:5 › DNS lookup uses effective policy until named comparison is selected (1.2s)
  ✓   78 [chromium] › tests/browser/network-audit.spec.ts:148:5 › turning off a WireGuard exit requires confirmation before sending its mutation (1.4s)
  ✓   79 [chromium] › tests/browser/network-audit.spec.ts:163:5 › WireGuard setup keeps automatic ports optional and refuses malformed explicit ports (1.8s)
  ✓   80 [chromium] › tests/browser/network-audit.spec.ts:198:5 › IPv6 policy rules carry the selected family to the backend (2.1s)
  ✓   81 [chromium] › tests/browser/network-audit.spec.ts:213:5 › static routes send a validated preferred source and show returned sources (1.6s)
  ✓   82 [chromium] › tests/browser/network-audit.spec.ts:237:5 › an outgoing-interface policy rule sends its selector and note (2.0s)
  ✓   83 [chromium] › tests/browser/network-audit.spec.ts:258:5 › IPv6 GRE creation reaches the existing endpoint with IPv6 ends (2.2s)
  ✓   84 [chromium] › tests/browser/network-audit.spec.ts:273:5 › invalid VXLAN ports cannot silently create a tunnel on the default port (2.3s)
  ✓   85 [chromium] › tests/browser/network-audit.spec.ts:296:5 › failed interface address writes retain the user's draft (2.1s)
  ✓   86 [chromium] › tests/browser/network-audit.spec.ts:314:5 › private DNS verification names accompany upstream changes (1.8s)
  ✓   87 [chromium] › tests/browser/network-audit.spec.ts:328:5 › DNS fallback endpoints and cache policy reach the confirmed resolver apply (2.7s)
  ✓   88 [chromium] › tests/browser/network-audit.spec.ts:355:5 › unrelated resolver changes preserve managed fallback and cache choices (1.7s)
  ✓   89 [chromium] › tests/browser/network-audit.spec.ts:377:5 › failed polling marks retained gateway readings until a fresh read succeeds (6.4s)
  ✓   90 [chromium] › tests/browser/network-ipam.spec.ts:71:5 › shows exact IPv6 counts and retains unresolved owner allocation (929ms)
  ✓   91 [chromium] › tests/browser/network-ipam.spec.ts:81:5 › preview retains private owner and unknown provider evidence (1.3s)
  ✓   92 [chromium] › tests/browser/network-ipam.spec.ts:110:5 › read account does not request private inventory or enable planner mutation (828ms)
  ✓   93 [chromium] › tests/browser/network-ipam.spec.ts:126:5 › failed preview preserves the prefix (1.2s)
  ✓   94 [chromium] › tests/browser/network-ipam.spec.ts:140:5 › Docker deep link sends the exact IPv6 reservation through its owner form (1.4s)
  ✓   95 [chromium] › tests/browser/network-ipam.spec.ts:169:5 › editing a filled Docker prefix clears the selected planning identity (1.2s)
  ✓   96 [chromium] › tests/browser/network-ipam.spec.ts:192:5 › an incomplete planning refresh keeps the selected Docker draft and blocks its handoff (1.1s)
  ✓   97 [chromium] › tests/browser/network-ipam.spec.ts:217:5 › WireGuard reservation opts IPv6 addressing in while leaving IPv6 exit off (1.7s)
  ✓   98 [chromium] › tests/browser/network-ipam.spec.ts:255:7 › a detached Docker seed permits an unused draft after a later missing read (1.3s)
  ✓   99 [chromium] › tests/browser/network-ipam.spec.ts:255:7 › a detached Docker seed permits an unused draft after a later held read (1.3s)
  ✓  100 [chromium] › tests/browser/network-ipam.spec.ts:255:7 › a detached Docker seed permits an unused draft after a later error read (1.2s)
  ✓  101 [chromium] › tests/browser/network-ipam.spec.ts:301:5 › a delayed Docker seed cannot overwrite explicit input (983ms)
  ✓  102 [chromium] › tests/browser/network-ipam.spec.ts:324:5 › a missing initial seed initializes when a later readable inventory contains it (971ms)
  ✓  103 [chromium] › tests/browser/network-ipam.spec.ts:346:5 › malformed later rows retain a selected Docker draft and block its handoff (1.1s)
  ✓  104 [chromium] › tests/browser/network-ipam.spec.ts:373:5 › closing and reopening retains an explicitly detached Docker draft (1.6s)
  ✓  105 [chromium] › tests/browser/network-ipam.spec.ts:391:5 › a new seed identity can initialize after the earlier one was detached (922ms)
  ✓  106 [chromium] › tests/browser/network-ipam.spec.ts:416:5 › an edited WireGuard seed stays detached when the original becomes held (10.7s)
  ✓  107 [chromium] › tests/browser/network-ipam.spec.ts:459:7 › a selected Docker reservation still blocks after a later missing read (960ms)
  ✓  108 [chromium] › tests/browser/network-ipam.spec.ts:459:7 › a selected Docker reservation still blocks after a later error read (1.1s)
  ✓  109 [chromium] › tests/browser/network-ipam.spec.ts:488:5 › a creation link initializes after delayed admin authentication (866ms)
  ✓  110 [chromium] › tests/browser/network-report.spec.ts:17:5 › an IPv6-only browser sees IPv6 decisions and asks the kernel with read access (1.8s)
  ✓  111 [chromium] › tests/browser/network-report.spec.ts:74:7 › a 409 Tailscale offer keeps its draft and retries without duplicate routes (1.4s)
  ✓  112 [chromium] › tests/browser/network-report.spec.ts:74:7 › a 500 Tailscale offer keeps its draft and retries without duplicate routes (1.2s)
  ✓  113 [chromium] › tests/browser/network-report.spec.ts:109:5 › read users calculate IPv6 subnets without mounting privileged diagnostics (1.0s)
  ✓  114 [chromium] › tests/browser/network-report.spec.ts:136:7 › a failed later program traffic poll shows retained data, age and retry (1.3s)
  ✓  115 [chromium] › tests/browser/network-report.spec.ts:136:7 › a failed later container traffic poll shows retained data, age and retry (1.3s)
  ✓  116 [chromium] › tests/browser/network-report.spec.ts:136:7 › a failed later link inventory poll shows retained data, age and retry (1.6s)
  ✓  117 [chromium] › tests/browser/network-report.spec.ts:136:7 › a failed later eBPF inventory poll shows retained data, age and retry (1.3s)
  ✓  118 [chromium] › tests/browser/network-report.spec.ts:192:5 › a failed second Firewall poll retains its rules and offers a dated retry (1.3s)
  ✓  119 [chromium] › tests/browser/network-report.spec.ts:227:5 › failed Docker candidate reads offer retry without claiming every container is attached (1.9s)
  ✓  120 [chromium] › tests/browser/network-report.spec.ts:281:5 › a failed later Docker candidate poll keeps the selected container and alias for retry (2.6s)
  ✓  121 [chromium] › tests/browser/network-report.spec.ts:344:7 › the overview reports saved host changes without claiming connectivity confirmation (1.4s)
  ✓  122 [chromium] › tests/browser/network-report.spec.ts:344:7 › the overview reports boot_degraded host changes without claiming connectivity confirmation (1.6s)
  ✓  123 [chromium] › tests/browser/network-report.spec.ts:344:7 › the overview reports unreadable host changes without claiming connectivity confirmation (1.8s)
  ✓  124 [chromium] › tests/browser/network-report.spec.ts:395:5 › an unreadable Tailscale preference refresh keeps its draft and sends no route replacement (1.1s)
  -  125 [chromium] › tests/browser/network-ui.spec.ts:34:13 › screenshots › 390 wide › /network at 390
  -  126 [chromium] › tests/browser/network-ui.spec.ts:34:13 › screenshots › 390 wide › /network/interfaces at 390
  -  127 [chromium] › tests/browser/network-ui.spec.ts:34:13 › screenshots › 390 wide › /network/routing at 390
  -  128 [chromium] › tests/browser/network-ui.spec.ts:34:13 › screenshots › 390 wide › /network/vpn at 390
  -  129 [chromium] › tests/browser/network-ui.spec.ts:34:13 › screenshots › 390 wide › /network/firewall at 390
  -  130 [chromium] › tests/browser/network-ui.spec.ts:34:13 › screenshots › 390 wide › /network/connections at 390
  -  131 [chromium] › tests/browser/network-ui.spec.ts:34:13 › screenshots › 390 wide › /network/tools at 390
  -  132 [chromium] › tests/browser/network-ui.spec.ts:34:13 › screenshots › 1440 wide › /network at 1440
  -  133 [chromium] › tests/browser/network-ui.spec.ts:34:13 › screenshots › 1440 wide › /network/interfaces at 1440
  -  134 [chromium] › tests/browser/network-ui.spec.ts:34:13 › screenshots › 1440 wide › /network/routing at 1440
  -  135 [chromium] › tests/browser/network-ui.spec.ts:34:13 › screenshots › 1440 wide › /network/vpn at 1440
  -  136 [chromium] › tests/browser/network-ui.spec.ts:34:13 › screenshots › 1440 wide › /network/firewall at 1440
  -  137 [chromium] › tests/browser/network-ui.spec.ts:34:13 › screenshots › 1440 wide › /network/connections at 1440
  -  138 [chromium] › tests/browser/network-ui.spec.ts:34:13 › screenshots › 1440 wide › /network/tools at 1440
  ✓  139 [chromium] › tests/browser/network-ui.spec.ts:105:7 › /network keeps the design system's structural rules (1.5s)
  ✓  140 [chromium] › tests/browser/network-ui.spec.ts:105:7 › /network/interfaces keeps the design system's structural rules (929ms)
  ✓  141 [chromium] › tests/browser/network-ui.spec.ts:105:7 › /network/routing keeps the design system's structural rules (947ms)
  ✓  142 [chromium] › tests/browser/network-ui.spec.ts:105:7 › /network/vpn keeps the design system's structural rules (1.1s)
  ✓  143 [chromium] › tests/browser/network-ui.spec.ts:105:7 › /network/firewall keeps the design system's structural rules (968ms)
  ✓  144 [chromium] › tests/browser/network-ui.spec.ts:105:7 › /network/connections keeps the design system's structural rules (964ms)
  ✓  145 [chromium] › tests/browser/network-ui.spec.ts:105:7 › /network/tools keeps the design system's structural rules (826ms)
  ✓  146 [chromium] › tests/browser/network-ui.spec.ts:118:9 › on a phone › /network never scrolls sideways (1.5s)
  ✓  147 [chromium] › tests/browser/network-ui.spec.ts:118:9 › on a phone › /network/interfaces never scrolls sideways (806ms)
  ✓  148 [chromium] › tests/browser/network-ui.spec.ts:118:9 › on a phone › /network/routing never scrolls sideways (781ms)
  ✓  149 [chromium] › tests/browser/network-ui.spec.ts:118:9 › on a phone › /network/vpn never scrolls sideways (814ms)
  ✓  150 [chromium] › tests/browser/network-ui.spec.ts:118:9 › on a phone › /network/firewall never scrolls sideways (853ms)
  ✓  151 [chromium] › tests/browser/network-ui.spec.ts:118:9 › on a phone › /network/connections never scrolls sideways (850ms)
  ✓  152 [chromium] › tests/browser/network-ui.spec.ts:118:9 › on a phone › /network/tools never scrolls sideways (778ms)
  ✓  153 [chromium] › tests/browser/network-ui.spec.ts:130:5 › the old Security addresses lead to the Network pages, keeping their questions (2.1s)
  ✓  154 [chromium] › tests/browser/network-ui.spec.ts:142:5 › the overview draws the topology, the readings and the attention list (2.0s)
  ✓  155 [chromium] › tests/browser/network-ui.spec.ts:158:5 › a device opens its sheet, and only what may change offers to (2.2s)
  ✓  156 [chromium] › tests/browser/network-ui.spec.ts:170:5 › a new VLAN sends exactly what the create route takes (2.5s)
  ✓  157 [chromium] › tests/browser/network-ui.spec.ts:197:5 › the routing page lights the rule that answers this browser (925ms)
  ✓  158 [chromium] › tests/browser/network-ui.spec.ts:206:5 › a peer opens its sheet and shows its QR code again (2.0s)
  ✓  159 [chromium] › tests/browser/network-ui.spec.ts:222:5 › every control in the forms has a name (5.4s)
  ✓  160 [chromium] › tests/browser/network-vpn-maturity.spec.ts:15:5 › stale handshakes, captured transports and passed budgets are called out on the tunnel (1.1s)
  ✓  161 [chromium] › tests/browser/network-vpn-maturity.spec.ts:27:5 › a peer's record shows its trend, where it dialled from and its history (2.0s)
  ✓  162 [chromium] › tests/browser/network-vpn-maturity.spec.ts:46:5 › a budget is set per period, read as an alert and cleared after confirmation (2.7s)
  ✓  163 [chromium] › tests/browser/network-vpn-maturity.spec.ts:74:5 › editing a device's routes regenerates its configuration with the same keys (2.6s)
  ✓  164 [chromium] › tests/browser/network-vpn-maturity.spec.ts:110:5 › taking a network away from a site is confirmed before the edit is sent (2.7s)
  ✓  165 [chromium] › tests/browser/network-vpn-maturity.spec.ts:143:5 › a site is verified end to end with the steps for its own end (2.1s)
  ✓  166 [chromium] › tests/browser/network-vpn-maturity.spec.ts:185:5 › forgetting a saved copy says it does not revoke the peer (2.4s)
  ✓  167 [chromium] › tests/browser/network-vpn-maturity.spec.ts:202:5 › a full-tunnel device offers its Linux kill-switch file as a download (2.5s)
  ✓  168 [chromium] › tests/browser/network-vpn-maturity.spec.ts:224:5 › exits show how many client connections they translated (981ms)
  ✓  169 [chromium] › tests/browser/network-vpn-maturity.spec.ts:232:5 › the tunnel history checks its endpoint and lists its lifecycle with outcomes (2.0s)
  ✓  170 [chromium] › tests/browser/network-vpn-maturity.spec.ts:267:5 › an archived tunnel is restored after confirmation and a refused one says why (2.1s)
  ✓  171 [chromium] › tests/browser/network-vpn-maturity.spec.ts:319:5 › setup's advanced settings send the MTU and own resolvers it checked (1.5s)
  ✓  172 [chromium] › tests/browser/network-vpn-maturity.spec.ts:354:5 › the tailnet says which offers it serves, when this node's key expires and what it reports (1.1s)
  ✓  173 [chromium] › tests/browser/network-vpn-maturity.spec.ts:369:5 › a Headscale in a container shows its users, expired keys and routes awaiting approval (983ms)
  ✓  174 [chromium] › tests/browser/network-wireguard-dual.spec.ts:38:7 › a 409 dual-stack creation preserves its opt-in and subnet draft (1.6s)
  ✓  175 [chromium] › tests/browser/network-wireguard-dual.spec.ts:38:7 › a 500 dual-stack creation preserves its opt-in and subnet draft (1.7s)
  ✓  176 [chromium] › tests/browser/network-wireguard-dual.spec.ts:91:5 › legacy creation keeps the IPv6 object absent (1.1s)
  ✓  177 [chromium] › tests/browser/network-wireguard-dual.spec.ts:110:5 › family evidence stays independent and IPv6 withdrawal is confirmed (1.4s)
  ✓  178 [chromium] › tests/browser/network-wireguard-dual.spec.ts:128:5 › a later VPN failure retains dated family evidence without a live halo (10.8s)

  14 skipped
  164 passed (6.9m)
specs exit 0 2026-10-09T15:19:11Z
