
Running 40 tests using 1 worker

(node:2042579) Warning: The 'NO_COLOR' env is ignored due to the 'FORCE_COLOR' env being set.
(Use `node --trace-warnings ...` to show where the warning was created)
  ✓   1 [chromium] › tests/browser/network-dns-services.spec.ts:88:5 › private native services are absent for a reader and make no native GET (1.4s)
  ✓   2 [chromium] › tests/browser/network-dns-services.spec.ts:95:5 › connection defaults read-only and sends only the selected native credential (2.1s)
  ✓   3 [chromium] › tests/browser/network-dns-services.spec.ts:124:5 › replacement fixes native owner/origin, re-enters sealed trust and retains details after failure (2.2s)
  ✓   4 [chromium] › tests/browser/network-dns-services.spec.ts:172:5 › inventory preserves separate native evidence, views, clients, zones, overrides and bounded queries (1.8s)
  ✓   5 [chromium] › tests/browser/network-dns-services.spec.ts:209:5 › read-only connections cannot stage native changes (1.2s)
  ✓   6 [chromium] › tests/browser/network-dns-services.spec.ts:219:5 › upstream draft becomes a retained review before any native apply (1.8s)
  ✘   7 [chromium] › tests/browser/network-dns-services.spec.ts:242:5 › an expired retained review stays readable and cannot apply (6.9s)
(node:2043815) Warning: The 'NO_COLOR' env is ignored due to the 'FORCE_COLOR' env being set.
(Use `node --trace-warnings ...` to show where the warning was created)
  ✓   8 [chromium] › tests/browser/network-dns-services.spec.ts:255:5 › a failed native read retains inventory and blocks staging (1.9s)
  ✓   9 [chromium] › tests/browser/network-dns-services.spec.ts:270:5 › an open confirmation refuses a changed same-ID reviewed intent (7.4s)
  ✓  10 [chromium] › tests/browser/network-dns-services.spec.ts:289:5 › an open confirmation refuses a failed native owner refresh (7.2s)
  ✓  11 [chromium] › tests/browser/network-dns-services.spec.ts:311:5 › HTTP 200 needs-review is retained without verified success (7.3s)
  ✓  12 [chromium] › tests/browser/network-dns-services.spec.ts:330:5 › a lost apply reply remains single-use after page reload (8.7s)
  ✓  13 [chromium] › tests/browser/network-dns-services.spec.ts:354:5 › owned resource preview and removal name the exact bridge/container and both volumes (2.2s)
  ✓  14 [chromium] › tests/browser/network-dns-services.spec.ts:392:5 › a local A override has an exact retained intent and human native readback (3.2s)
  ✓  15 [chromium] › tests/browser/network-dns-services.spec.ts:425:5 › a Pi-hole AAAA override removal retains its exact address without authoritative TTL (3.0s)
  ✓  16 [chromium] › tests/browser/network-dns-services.spec.ts:453:5 › an authoritative AAAA add reads its explicit zone and retains exact TTL and native metadata (3.7s)
  ✓  17 [chromium] › tests/browser/network-dns-services.spec.ts:505:5 › using an editable native row preserves exact owner, family, value and TTL for removal (3.4s)
  ✓  18 [chromium] › tests/browser/network-dns-services.spec.ts:541:7 › Pi-hole existing-client groups retain exact native IDs and unchanged comment (3.4s)
  ✓  19 [chromium] › tests/browser/network-dns-services.spec.ts:541:7 › Pi-hole existing-client groups retain an explicit empty list and unchanged comment (3.1s)
  ✓  20 [chromium] › tests/browser/network-dns-services.spec.ts:588:5 › refreshing native clients preserves edited group choices and an empty-group client remains selectable (3.0s)
  ✘  21 [chromium] › tests/browser/network-dns-services.spec.ts:610:5 › record draft validation keeps invalid TTL, family and owner fields without staging (3.5s)
(node:2048656) Warning: The 'NO_COLOR' env is ignored due to the 'FORCE_COLOR' env being set.
(Use `node --trace-warnings ...` to show where the warning was created)
  ✓  22 [chromium] › tests/browser/network-dns-services.spec.ts:659:5 › a refused native record preview keeps its complete draft and sends no apply (3.0s)
  ✓  23 [chromium] › tests/browser/network-dns-services.spec.ts:688:7 › a internal zone remains visible without editable record rows or review (3.0s)
  ✓  24 [chromium] › tests/browser/network-dns-services.spec.ts:688:7 › a signed zone remains visible without editable record rows or review (3.0s)
  ✓  25 [chromium] › tests/browser/network-dns-services.spec.ts:688:7 › a secondary zone remains visible without editable record rows or review (3.1s)
  ✓  26 [chromium] › tests/browser/network-dns-services.spec.ts:688:7 › a unreported on an unverified version zone remains visible without editable record rows or review (2.9s)
  ✓  27 [chromium] › tests/browser/network-dns-services.spec.ts:711:5 › AdGuard override enabled, disabled and unreported state remain distinct (1.4s)
  ✓  28 [chromium] › tests/browser/network-dns-services.spec.ts:733:5 › native refusal of a disabled AdGuard override preserves the removal draft (2.5s)
  ✓  29 [chromium] › tests/browser/network-dns-services.spec.ts:757:5 › a failed zone-record refresh keeps the exact record draft and blocks staging (3.1s)
  ✘  30 [chromium] › tests/browser/network-dns-services.spec.ts:783:7 › an open zone-record confirmation is held after selection-aware drift (6.9s)
(node:2050950) Warning: The 'NO_COLOR' env is ignored due to the 'FORCE_COLOR' env being set.
(Use `node --trace-warnings ...` to show where the warning was created)
  ✘  31 [chromium] › tests/browser/network-dns-services.spec.ts:783:7 › an open zone-record confirmation is held after selection-aware unavailable (7.1s)
(node:2051814) Warning: The 'NO_COLOR' env is ignored due to the 'FORCE_COLOR' env being set.
(Use `node --trace-warnings ...` to show where the warning was created)
  ✘  32 [chromium] › tests/browser/network-dns-services.spec.ts:783:7 › an open zone-record confirmation is held after selection-aware missing-selection (7.0s)
(node:2052478) Warning: The 'NO_COLOR' env is ignored due to the 'FORCE_COLOR' env being set.
(Use `node --trace-warnings ...` to show where the warning was created)
  ✘  33 [chromium] › tests/browser/network-dns-services.spec.ts:783:7 › an open zone-record confirmation is held after selection-aware read-failure (7.0s)
(node:2053165) Warning: The 'NO_COLOR' env is ignored due to the 'FORCE_COLOR' env being set.
(Use `node --trace-warnings ...` to show where the warning was created)
  ✘  34 [chromium] › tests/browser/network-dns-services.spec.ts:783:7 › an open zone-record confirmation is held after selection-aware generation (7.3s)
(node:2053963) Warning: The 'NO_COLOR' env is ignored due to the 'FORCE_COLOR' env being set.
(Use `node --trace-warnings ...` to show where the warning was created)
  ✘  35 [chromium] › tests/browser/network-dns-services.spec.ts:835:5 › an open client-group confirmation refuses raw comment drift although group IDs match (7.3s)
(node:2054656) Warning: The 'NO_COLOR' env is ignored due to the 'FORCE_COLOR' env being set.
(Use `node --trace-warnings ...` to show where the warning was created)
  ✘  36 [chromium] › tests/browser/network-dns-services.spec.ts:866:5 › an open confirmation refuses changed retained record metadata even with reused fingerprints (7.1s)
(node:2055200) Warning: The 'NO_COLOR' env is ignored due to the 'FORCE_COLOR' env being set.
(Use `node --trace-warnings ...` to show where the warning was created)
  ✘  37 [chromium] › tests/browser/network-dns-services.spec.ts:901:5 › an uncertain client-group apply stays single-use after reload with selected review readable (7.3s)
(node:2055817) Warning: The 'NO_COLOR' env is ignored due to the 'FORCE_COLOR' env being set.
(Use `node --trace-warnings ...` to show where the warning was created)
  ✓  38 [chromium] › tests/browser/network-dns-services.spec.ts:936:7 › native records and reviewed readback stay flat and within 390px (3.8s)
  ✓  39 [chromium] › tests/browser/network-dns-services.spec.ts:936:7 › native records and reviewed readback stay flat and within 1280px (4.3s)
  ✓  40 [chromium] › tests/browser/network-dns-services.spec.ts:936:7 › native records and reviewed readback stay flat and within 1720px (4.5s)


  1) [chromium] › tests/browser/network-dns-services.spec.ts:242:5 › an expired retained review stays readable and cannot apply

    Error: expect(locator).toBeVisible() failed

    Locator: locator('[data-slot=sheet-content]').getByText(/This review expired/)
    Expected: visible
    Timeout: 5000ms
    Error: element(s) not found

    Call log:
      - Expect "toBeVisible" with timeout 5000ms
      - waiting for locator('[data-slot=sheet-content]').getByText(/This review expired/)


      249 |     sheet(page).getByRole("button", { name: "Apply reviewed native change", exact: true }),
      250 |   ).toBeDisabled()
    > 251 |   await expect(sheet(page).getByText(/This review expired/)).toBeVisible()
          |                                                              ^
      252 |   expect(posts(control)).toEqual([])
      253 | })
      254 |
        at /home/ubuntu/Just-Dashboard-network-dns-policy-ui/frontend/tests/browser/network-dns-services.spec.ts:251:62

    attachment #1: screenshot (image/png) ──────────────────────────────────────────────────────────
    test-results/network-dns-services-an-ex-65f16-s-readable-and-cannot-apply-chromium/test-failed-1.png
    ────────────────────────────────────────────────────────────────────────────────────────────────

    Error Context: test-results/network-dns-services-an-ex-65f16-s-readable-and-cannot-apply-chromium/error-context.md

    attachment #3: trace (application/zip) ─────────────────────────────────────────────────────────
    test-results/network-dns-services-an-ex-65f16-s-readable-and-cannot-apply-chromium/trace.zip
    Usage:

        npx playwright show-trace test-results/network-dns-services-an-ex-65f16-s-readable-and-cannot-apply-chromium/trace.zip

    ────────────────────────────────────────────────────────────────────────────────────────────────

  2) [chromium] › tests/browser/network-dns-services.spec.ts:610:5 › record draft validation keeps invalid TTL, family and owner fields without staging

    Error: expect(locator).toBeVisible() failed

    Locator: locator('[data-slot=sheet-content]').getByRole('alert').getByText(/exact TTL from 1 to 86400/i)
    Expected: visible
    Error: strict mode violation: locator('[data-slot=sheet-content]').getByRole('alert').getByText(/exact TTL from 1 to 86400/i) resolved to 2 elements:
        1) <a href="#_r_1t_-ttl" class="underline underline-offset-2">TTL (seconds): Enter the exact TTL from 1 to 8640…</a> aka getByRole('link', { name: 'TTL (seconds): Enter the' })
        2) <span id="_r_1t_-ttl-error">Enter the exact TTL from 1 to 86400 seconds.</span> aka getByText('Enter the exact TTL from 1 to 86400 seconds.', { exact: true })

    Call log:
      - Expect "toBeVisible" with timeout 5000ms
      - waiting for locator('[data-slot=sheet-content]').getByRole('alert').getByText(/exact TTL from 1 to 86400/i)


      627 |       .getByRole("alert")
      628 |       .getByText(/exact TTL from 1 to 86400/i),
    > 629 |   ).toBeVisible()
          |     ^
      630 |   await expect(ttl).toHaveValue("0")
      631 |   expect(control.mutations).toEqual([])
      632 |   await ttl.fill("600")
        at /home/ubuntu/Just-Dashboard-network-dns-policy-ui/frontend/tests/browser/network-dns-services.spec.ts:629:5

    attachment #1: screenshot (image/png) ──────────────────────────────────────────────────────────
    test-results/network-dns-services-recor-f051c-wner-fields-without-staging-chromium/test-failed-1.png
    ────────────────────────────────────────────────────────────────────────────────────────────────

    Error Context: test-results/network-dns-services-recor-f051c-wner-fields-without-staging-chromium/error-context.md

    attachment #3: trace (application/zip) ─────────────────────────────────────────────────────────
    test-results/network-dns-services-recor-f051c-wner-fields-without-staging-chromium/trace.zip
    Usage:

        npx playwright show-trace test-results/network-dns-services-recor-f051c-wner-fields-without-staging-chromium/trace.zip

    ────────────────────────────────────────────────────────────────────────────────────────────────

  3) [chromium] › tests/browser/network-dns-services.spec.ts:783:7 › an open zone-record confirmation is held after selection-aware drift

    Error: expect(locator).toBeEnabled() failed

    Locator:  locator('[data-slot=sheet-content]').getByRole('button', { name: 'Apply reviewed native change', exact: true })
    Expected: enabled
    Received: disabled
    Timeout:  5000ms

    Call log:
      - Expect "toBeEnabled" with timeout 5000ms
      - waiting for locator('[data-slot=sheet-content]').getByRole('button', { name: 'Apply reviewed native change', exact: true })
        14 × locator resolved to <button disabled data-slot="button" data-size="default" data-variant="default" class="inline-flex shrink-0 items-center justify-center gap-2 rounded-md text-sm font-medium whitespace-nowrap focus-ring transition-all disabled:pointer-events-none disabled:opacity-50 aria-invalid:border-destructive aria-invalid:ring-destructive/20 dark:aria-invalid:ring-destructive/40 [&_svg]:pointer-events-none [&_svg]:shrink-0 [&_svg:not([class*='size-'])]:size-4 bg-brand text-brand-foreground hover:bg-brand-hover acti…>Apply reviewed native change</button>
           - unexpected value "disabled"


      803 |     control.changes = [change]
      804 |     await openChange(page)
    > 805 |     await expect(applyReview(page)).toBeEnabled()
          |                                     ^
      806 |     const dialog = await confirmation(page)
      807 |     if (failure === "drift") {
      808 |       control.records.records[0].comments = "Native comment changed after review"
        at /home/ubuntu/Just-Dashboard-network-dns-policy-ui/frontend/tests/browser/network-dns-services.spec.ts:805:37

    attachment #1: screenshot (image/png) ──────────────────────────────────────────────────────────
    test-results/network-dns-services-an-op-9a649-after-selection-aware-drift-chromium/test-failed-1.png
    ────────────────────────────────────────────────────────────────────────────────────────────────

    Error Context: test-results/network-dns-services-an-op-9a649-after-selection-aware-drift-chromium/error-context.md

    attachment #3: trace (application/zip) ─────────────────────────────────────────────────────────
    test-results/network-dns-services-an-op-9a649-after-selection-aware-drift-chromium/trace.zip
    Usage:

        npx playwright show-trace test-results/network-dns-services-an-op-9a649-after-selection-aware-drift-chromium/trace.zip

    ────────────────────────────────────────────────────────────────────────────────────────────────

  4) [chromium] › tests/browser/network-dns-services.spec.ts:783:7 › an open zone-record confirmation is held after selection-aware unavailable

    Error: expect(locator).toBeEnabled() failed

    Locator:  locator('[data-slot=sheet-content]').getByRole('button', { name: 'Apply reviewed native change', exact: true })
    Expected: enabled
    Received: disabled
    Timeout:  5000ms

    Call log:
      - Expect "toBeEnabled" with timeout 5000ms
      - waiting for locator('[data-slot=sheet-content]').getByRole('button', { name: 'Apply reviewed native change', exact: true })
        14 × locator resolved to <button disabled data-slot="button" data-size="default" data-variant="default" class="inline-flex shrink-0 items-center justify-center gap-2 rounded-md text-sm font-medium whitespace-nowrap focus-ring transition-all disabled:pointer-events-none disabled:opacity-50 aria-invalid:border-destructive aria-invalid:ring-destructive/20 dark:aria-invalid:ring-destructive/40 [&_svg]:pointer-events-none [&_svg]:shrink-0 [&_svg:not([class*='size-'])]:size-4 bg-brand text-brand-foreground hover:bg-brand-hover acti…>Apply reviewed native change</button>
           - unexpected value "disabled"


      803 |     control.changes = [change]
      804 |     await openChange(page)
    > 805 |     await expect(applyReview(page)).toBeEnabled()
          |                                     ^
      806 |     const dialog = await confirmation(page)
      807 |     if (failure === "drift") {
      808 |       control.records.records[0].comments = "Native comment changed after review"
        at /home/ubuntu/Just-Dashboard-network-dns-policy-ui/frontend/tests/browser/network-dns-services.spec.ts:805:37

    attachment #1: screenshot (image/png) ──────────────────────────────────────────────────────────
    test-results/network-dns-services-an-op-080de-selection-aware-unavailable-chromium/test-failed-1.png
    ────────────────────────────────────────────────────────────────────────────────────────────────

    Error Context: test-results/network-dns-services-an-op-080de-selection-aware-unavailable-chromium/error-context.md

    attachment #3: trace (application/zip) ─────────────────────────────────────────────────────────
    test-results/network-dns-services-an-op-080de-selection-aware-unavailable-chromium/trace.zip
    Usage:

        npx playwright show-trace test-results/network-dns-services-an-op-080de-selection-aware-unavailable-chromium/trace.zip

    ────────────────────────────────────────────────────────────────────────────────────────────────

  5) [chromium] › tests/browser/network-dns-services.spec.ts:783:7 › an open zone-record confirmation is held after selection-aware missing-selection

    Error: expect(locator).toBeEnabled() failed

    Locator:  locator('[data-slot=sheet-content]').getByRole('button', { name: 'Apply reviewed native change', exact: true })
    Expected: enabled
    Received: disabled
    Timeout:  5000ms

    Call log:
      - Expect "toBeEnabled" with timeout 5000ms
      - waiting for locator('[data-slot=sheet-content]').getByRole('button', { name: 'Apply reviewed native change', exact: true })
        14 × locator resolved to <button disabled data-slot="button" data-size="default" data-variant="default" class="inline-flex shrink-0 items-center justify-center gap-2 rounded-md text-sm font-medium whitespace-nowrap focus-ring transition-all disabled:pointer-events-none disabled:opacity-50 aria-invalid:border-destructive aria-invalid:ring-destructive/20 dark:aria-invalid:ring-destructive/40 [&_svg]:pointer-events-none [&_svg]:shrink-0 [&_svg:not([class*='size-'])]:size-4 bg-brand text-brand-foreground hover:bg-brand-hover acti…>Apply reviewed native change</button>
           - unexpected value "disabled"


      803 |     control.changes = [change]
      804 |     await openChange(page)
    > 805 |     await expect(applyReview(page)).toBeEnabled()
          |                                     ^
      806 |     const dialog = await confirmation(page)
      807 |     if (failure === "drift") {
      808 |       control.records.records[0].comments = "Native comment changed after review"
        at /home/ubuntu/Just-Dashboard-network-dns-policy-ui/frontend/tests/browser/network-dns-services.spec.ts:805:37

    attachment #1: screenshot (image/png) ──────────────────────────────────────────────────────────
    test-results/network-dns-services-an-op-35ca7-ion-aware-missing-selection-chromium/test-failed-1.png
    ────────────────────────────────────────────────────────────────────────────────────────────────

    Error Context: test-results/network-dns-services-an-op-35ca7-ion-aware-missing-selection-chromium/error-context.md

    attachment #3: trace (application/zip) ─────────────────────────────────────────────────────────
    test-results/network-dns-services-an-op-35ca7-ion-aware-missing-selection-chromium/trace.zip
    Usage:

        npx playwright show-trace test-results/network-dns-services-an-op-35ca7-ion-aware-missing-selection-chromium/trace.zip

    ────────────────────────────────────────────────────────────────────────────────────────────────

  6) [chromium] › tests/browser/network-dns-services.spec.ts:783:7 › an open zone-record confirmation is held after selection-aware read-failure

    Error: expect(locator).toBeEnabled() failed

    Locator:  locator('[data-slot=sheet-content]').getByRole('button', { name: 'Apply reviewed native change', exact: true })
    Expected: enabled
    Received: disabled
    Timeout:  5000ms

    Call log:
      - Expect "toBeEnabled" with timeout 5000ms
      - waiting for locator('[data-slot=sheet-content]').getByRole('button', { name: 'Apply reviewed native change', exact: true })
        14 × locator resolved to <button disabled data-slot="button" data-size="default" data-variant="default" class="inline-flex shrink-0 items-center justify-center gap-2 rounded-md text-sm font-medium whitespace-nowrap focus-ring transition-all disabled:pointer-events-none disabled:opacity-50 aria-invalid:border-destructive aria-invalid:ring-destructive/20 dark:aria-invalid:ring-destructive/40 [&_svg]:pointer-events-none [&_svg]:shrink-0 [&_svg:not([class*='size-'])]:size-4 bg-brand text-brand-foreground hover:bg-brand-hover acti…>Apply reviewed native change</button>
           - unexpected value "disabled"


      803 |     control.changes = [change]
      804 |     await openChange(page)
    > 805 |     await expect(applyReview(page)).toBeEnabled()
          |                                     ^
      806 |     const dialog = await confirmation(page)
      807 |     if (failure === "drift") {
      808 |       control.records.records[0].comments = "Native comment changed after review"
        at /home/ubuntu/Just-Dashboard-network-dns-policy-ui/frontend/tests/browser/network-dns-services.spec.ts:805:37

    attachment #1: screenshot (image/png) ──────────────────────────────────────────────────────────
    test-results/network-dns-services-an-op-29c5e-election-aware-read-failure-chromium/test-failed-1.png
    ────────────────────────────────────────────────────────────────────────────────────────────────

    Error Context: test-results/network-dns-services-an-op-29c5e-election-aware-read-failure-chromium/error-context.md

    attachment #3: trace (application/zip) ─────────────────────────────────────────────────────────
    test-results/network-dns-services-an-op-29c5e-election-aware-read-failure-chromium/trace.zip
    Usage:

        npx playwright show-trace test-results/network-dns-services-an-op-29c5e-election-aware-read-failure-chromium/trace.zip

    ────────────────────────────────────────────────────────────────────────────────────────────────

  7) [chromium] › tests/browser/network-dns-services.spec.ts:783:7 › an open zone-record confirmation is held after selection-aware generation

    Error: expect(locator).toBeEnabled() failed

    Locator:  locator('[data-slot=sheet-content]').getByRole('button', { name: 'Apply reviewed native change', exact: true })
    Expected: enabled
    Received: disabled
    Timeout:  5000ms

    Call log:
      - Expect "toBeEnabled" with timeout 5000ms
      - waiting for locator('[data-slot=sheet-content]').getByRole('button', { name: 'Apply reviewed native change', exact: true })
        14 × locator resolved to <button disabled data-slot="button" data-size="default" data-variant="default" class="inline-flex shrink-0 items-center justify-center gap-2 rounded-md text-sm font-medium whitespace-nowrap focus-ring transition-all disabled:pointer-events-none disabled:opacity-50 aria-invalid:border-destructive aria-invalid:ring-destructive/20 dark:aria-invalid:ring-destructive/40 [&_svg]:pointer-events-none [&_svg]:shrink-0 [&_svg:not([class*='size-'])]:size-4 bg-brand text-brand-foreground hover:bg-brand-hover acti…>Apply reviewed native change</button>
           - unexpected value "disabled"


      803 |     control.changes = [change]
      804 |     await openChange(page)
    > 805 |     await expect(applyReview(page)).toBeEnabled()
          |                                     ^
      806 |     const dialog = await confirmation(page)
      807 |     if (failure === "drift") {
      808 |       control.records.records[0].comments = "Native comment changed after review"
        at /home/ubuntu/Just-Dashboard-network-dns-policy-ui/frontend/tests/browser/network-dns-services.spec.ts:805:37

    attachment #1: screenshot (image/png) ──────────────────────────────────────────────────────────
    test-results/network-dns-services-an-op-cdcc0--selection-aware-generation-chromium/test-failed-1.png
    ────────────────────────────────────────────────────────────────────────────────────────────────

    Error Context: test-results/network-dns-services-an-op-cdcc0--selection-aware-generation-chromium/error-context.md

    attachment #3: trace (application/zip) ─────────────────────────────────────────────────────────
    test-results/network-dns-services-an-op-cdcc0--selection-aware-generation-chromium/trace.zip
    Usage:

        npx playwright show-trace test-results/network-dns-services-an-op-cdcc0--selection-aware-generation-chromium/trace.zip

    ────────────────────────────────────────────────────────────────────────────────────────────────

  8) [chromium] › tests/browser/network-dns-services.spec.ts:835:5 › an open client-group confirmation refuses raw comment drift although group IDs match

    Error: expect(locator).toBeEnabled() failed

    Locator:  locator('[data-slot=sheet-content]').getByRole('button', { name: 'Apply reviewed native change', exact: true })
    Expected: enabled
    Received: disabled
    Timeout:  5000ms

    Call log:
      - Expect "toBeEnabled" with timeout 5000ms
      - waiting for locator('[data-slot=sheet-content]').getByRole('button', { name: 'Apply reviewed native change', exact: true })
        14 × locator resolved to <button disabled data-slot="button" data-size="default" data-variant="default" class="inline-flex shrink-0 items-center justify-center gap-2 rounded-md text-sm font-medium whitespace-nowrap focus-ring transition-all disabled:pointer-events-none disabled:opacity-50 aria-invalid:border-destructive aria-invalid:ring-destructive/20 dark:aria-invalid:ring-destructive/40 [&_svg]:pointer-events-none [&_svg]:shrink-0 [&_svg:not([class*='size-'])]:size-4 bg-brand text-brand-foreground hover:bg-brand-hover acti…>Apply reviewed native change</button>
           - unexpected value "disabled"


      845 |   control.changes = [change]
      846 |   await openChange(page)
    > 847 |   await expect(applyReview(page)).toBeEnabled()
          |                                   ^
      848 |   const dialog = await confirmation(page)
      849 |   const fresh = structuredClone(change.before!)
      850 |   fresh.selectedClient!.comment = "Native comment changed without group reassignment"
        at /home/ubuntu/Just-Dashboard-network-dns-policy-ui/frontend/tests/browser/network-dns-services.spec.ts:847:35

    attachment #1: screenshot (image/png) ──────────────────────────────────────────────────────────
    test-results/network-dns-services-an-op-c5c65-ft-although-group-IDs-match-chromium/test-failed-1.png
    ────────────────────────────────────────────────────────────────────────────────────────────────

    Error Context: test-results/network-dns-services-an-op-c5c65-ft-although-group-IDs-match-chromium/error-context.md

    attachment #3: trace (application/zip) ─────────────────────────────────────────────────────────
    test-results/network-dns-services-an-op-c5c65-ft-although-group-IDs-match-chromium/trace.zip
    Usage:

        npx playwright show-trace test-results/network-dns-services-an-op-c5c65-ft-although-group-IDs-match-chromium/trace.zip

    ────────────────────────────────────────────────────────────────────────────────────────────────

  9) [chromium] › tests/browser/network-dns-services.spec.ts:866:5 › an open confirmation refuses changed retained record metadata even with reused fingerprints

    Error: expect(locator).toBeEnabled() failed

    Locator:  locator('[data-slot=sheet-content]').getByRole('button', { name: 'Apply reviewed native change', exact: true })
    Expected: enabled
    Received: disabled
    Timeout:  5000ms

    Call log:
      - Expect "toBeEnabled" with timeout 5000ms
      - waiting for locator('[data-slot=sheet-content]').getByRole('button', { name: 'Apply reviewed native change', exact: true })
        14 × locator resolved to <button disabled data-slot="button" data-size="default" data-variant="default" class="inline-flex shrink-0 items-center justify-center gap-2 rounded-md text-sm font-medium whitespace-nowrap focus-ring transition-all disabled:pointer-events-none disabled:opacity-50 aria-invalid:border-destructive aria-invalid:ring-destructive/20 dark:aria-invalid:ring-destructive/40 [&_svg]:pointer-events-none [&_svg]:shrink-0 [&_svg:not([class*='size-'])]:size-4 bg-brand text-brand-foreground hover:bg-brand-hover acti…>Apply reviewed native change</button>
           - unexpected value "disabled"


      887 |   ]
      888 |   await openChange(page)
    > 889 |   await expect(applyReview(page)).toBeEnabled()
          |                                   ^
      890 |   const dialog = await confirmation(page)
      891 |   control.changes[0].before!.records!.records[0].comments = "Retained record metadata changed"
      892 |   await page.clock.fastForward(5500)
        at /home/ubuntu/Just-Dashboard-network-dns-policy-ui/frontend/tests/browser/network-dns-services.spec.ts:889:35

    attachment #1: screenshot (image/png) ──────────────────────────────────────────────────────────
    test-results/network-dns-services-an-op-297eb-en-with-reused-fingerprints-chromium/test-failed-1.png
    ────────────────────────────────────────────────────────────────────────────────────────────────

    Error Context: test-results/network-dns-services-an-op-297eb-en-with-reused-fingerprints-chromium/error-context.md

    attachment #3: trace (application/zip) ─────────────────────────────────────────────────────────
    test-results/network-dns-services-an-op-297eb-en-with-reused-fingerprints-chromium/trace.zip
    Usage:

        npx playwright show-trace test-results/network-dns-services-an-op-297eb-en-with-reused-fingerprints-chromium/trace.zip

    ────────────────────────────────────────────────────────────────────────────────────────────────

  10) [chromium] › tests/browser/network-dns-services.spec.ts:901:5 › an uncertain client-group apply stays single-use after reload with selected review readable

    Error: expect(locator).toBeEnabled() failed

    Locator:  locator('[data-slot=sheet-content]').getByRole('button', { name: 'Apply reviewed native change', exact: true })
    Expected: enabled
    Received: disabled
    Timeout:  5000ms

    Call log:
      - Expect "toBeEnabled" with timeout 5000ms
      - waiting for locator('[data-slot=sheet-content]').getByRole('button', { name: 'Apply reviewed native change', exact: true })
        14 × locator resolved to <button disabled data-slot="button" data-size="default" data-variant="default" class="inline-flex shrink-0 items-center justify-center gap-2 rounded-md text-sm font-medium whitespace-nowrap focus-ring transition-all disabled:pointer-events-none disabled:opacity-50 aria-invalid:border-destructive aria-invalid:ring-destructive/20 dark:aria-invalid:ring-destructive/40 [&_svg]:pointer-events-none [&_svg]:shrink-0 [&_svg:not([class*='size-'])]:size-4 bg-brand text-brand-foreground hover:bg-brand-hover acti…>Apply reviewed native change</button>
           - unexpected value "disabled"


      912 |   control.apply = "lost"
      913 |   await openChange(page)
    > 914 |   await expect(applyReview(page)).toBeEnabled()
          |                                   ^
      915 |   const dialog = await confirmation(page)
      916 |   await dialog.getByRole("button", { name: "Apply native change", exact: true }).click()
      917 |   await expect(sheet(page).getByText(/this review will not be applied again/)).toBeVisible()
        at /home/ubuntu/Just-Dashboard-network-dns-policy-ui/frontend/tests/browser/network-dns-services.spec.ts:914:35

    attachment #1: screenshot (image/png) ──────────────────────────────────────────────────────────
    test-results/network-dns-services-an-un-0504a-th-selected-review-readable-chromium/test-failed-1.png
    ────────────────────────────────────────────────────────────────────────────────────────────────

    Error Context: test-results/network-dns-services-an-un-0504a-th-selected-review-readable-chromium/error-context.md

    attachment #3: trace (application/zip) ─────────────────────────────────────────────────────────
    test-results/network-dns-services-an-un-0504a-th-selected-review-readable-chromium/trace.zip
    Usage:

        npx playwright show-trace test-results/network-dns-services-an-un-0504a-th-selected-review-readable-chromium/trace.zip

    ────────────────────────────────────────────────────────────────────────────────────────────────

  10 failed
    [chromium] › tests/browser/network-dns-services.spec.ts:242:5 › an expired retained review stays readable and cannot apply
    [chromium] › tests/browser/network-dns-services.spec.ts:610:5 › record draft validation keeps invalid TTL, family and owner fields without staging
    [chromium] › tests/browser/network-dns-services.spec.ts:783:7 › an open zone-record confirmation is held after selection-aware drift
    [chromium] › tests/browser/network-dns-services.spec.ts:783:7 › an open zone-record confirmation is held after selection-aware unavailable
    [chromium] › tests/browser/network-dns-services.spec.ts:783:7 › an open zone-record confirmation is held after selection-aware missing-selection
    [chromium] › tests/browser/network-dns-services.spec.ts:783:7 › an open zone-record confirmation is held after selection-aware read-failure
    [chromium] › tests/browser/network-dns-services.spec.ts:783:7 › an open zone-record confirmation is held after selection-aware generation
    [chromium] › tests/browser/network-dns-services.spec.ts:835:5 › an open client-group confirmation refuses raw comment drift although group IDs match
    [chromium] › tests/browser/network-dns-services.spec.ts:866:5 › an open confirmation refuses changed retained record metadata even with reused fingerprints
    [chromium] › tests/browser/network-dns-services.spec.ts:901:5 › an uncertain client-group apply stays single-use after reload with selected review readable
  30 passed (3.0m)
