{
  "at": "2026-10-10T00:58:52Z",
  "bootId": "046e6291-9dd3-4547-a9a2-4a757abce173",
  "evidence": {
    "backendAtBoot": {
      "active": "inactive",
      "pid": "0",
      "startedThisBoot": false,
      "sub": "dead"
    },
    "driftAfterBoot": {
      "boot": {
        "activeState": "active",
        "needDaemonReload": "no",
        "reason": null,
        "status": "matching",
        "unitFileState": "enabled"
      },
      "commands": [
        [
          "ip",
          0,
          "exited"
        ],
        [
          "ip",
          0,
          "exited"
        ],
        [
          "tc",
          0,
          "exited"
        ],
        [
          "nft",
          0,
          "exited"
        ],
        [
          "iptables",
          0,
          "exited"
        ],
        [
          "iptables",
          0,
          "exited"
        ],
        [
          "iptables",
          0,
          "exited"
        ],
        [
          "ip6tables",
          0,
          "exited"
        ],
        [
          "ip6tables",
          0,
          "exited"
        ],
        [
          "ip6tables",
          0,
          "exited"
        ],
        [
          "sysctl",
          0,
          "exited"
        ]
      ],
      "consistent": true,
      "documentedUnknown": [
        "link:jdvm-veth0",
        "gateway:jd_gateway",
        "recovery-helper:/etc/just-dashboard/network/network-recovery"
      ],
      "execution": {
        "bootId": "046e6291-9dd3-4547-a9a2-4a757abce173",
        "bootTrigger": "unknown",
        "finishedAt": "Sat 2026-10-10 00:58:47 UTC",
        "invocationId": "0617cabd51e040bc800d98bfcfcbb628",
        "reason": null,
        "result": "success",
        "startedAt": "Sat 2026-10-10 00:58:47 UTC",
        "status": "succeeded"
      },
      "files": 8,
      "notMatching": [
        {
          "id": "shaping:jdvmdum1",
          "reason": "shaping differs from the saved configuration: jdvmdum1 HTB class rate/ceil does not match 20000 kbit/s",
          "status": "drift"
        }
      ],
      "repairPlan": {
        "blockers": [],
        "executable": false,
        "items": [
          [
            "repair:shaping:jdvmdum1",
            "restore_owned_configuration",
            false
          ]
        ],
        "status": "review_required"
      },
      "runtime": 35,
      "status": "drift"
    },
    "journal": {
      "appliedAt": "2026-10-10T00:58:25.747423727Z",
      "boot": "enabled",
      "bootDependencies": 22,
      "commandTools": [
        "sysctl"
      ],
      "files": [
        "/etc/sysctl.d/90-just-dashboard.conf",
        "/etc/just-dashboard/network/spec.json"
      ],
      "generation": "aaec1f2c346cd540f14a4ac8a3d21fec918967d88811114cb7d6e0f4710868a5",
      "id": "732c99db39d874db017d3cbd9ba07a4b",
      "persistence": "written",
      "phase": "saved",
      "runtime": "applied",
      "updatedAt": "2026-10-10T00:58:25.805332333Z",
      "watchdog": "completed"
    },
    "kernelAfterBootMissing": [],
    "networkUnit": {
      "ActiveState": "active",
      "ExecMainExitTimestamp": "Sat 2026-10-10 00:58:47 UTC",
      "ExecMainStartTimestampMonotonic": "14640639",
      "ExecMainStatus": "0",
      "InvocationID": "0617cabd51e040bc800d98bfcfcbb628",
      "Result": "success",
      "UnitFileState": "enabled"
    },
    "networkUnitCommands": [
      {
        "argv": "ip -force -batch /etc/just-dashboard/network/links.batch",
        "code": "exited",
        "ignoreErrors": "yes",
        "path": "ip",
        "status": "0"
      },
      {
        "argv": "ip -6 -force -batch /etc/just-dashboard/network/rules6.batch",
        "code": "exited",
        "ignoreErrors": "yes",
        "path": "ip",
        "status": "0"
      },
      {
        "argv": "tc -force -batch /etc/just-dashboard/network/shaping.batch",
        "code": "exited",
        "ignoreErrors": "yes",
        "path": "tc",
        "status": "0"
      },
      {
        "argv": "nft -f /etc/just-dashboard/network/gateway.nft",
        "code": "exited",
        "ignoreErrors": "yes",
        "path": "nft",
        "status": "0"
      },
      {
        "argv": "iptables -I FORWARD 1 -m connmark --mark 0x4a000000/0xff000000 -m comment --comment just-dashboard-gateway -j ACCEPT",
        "code": "exited",
        "ignoreErrors": "yes",
        "path": "iptables",
        "status": "0"
      },
      {
        "argv": "iptables -I INPUT 1 -m connmark --mark 0x4a000000/0xff000000 -m comment --comment just-dashboard-gateway -j ACCEPT",
        "code": "exited",
        "ignoreErrors": "yes",
        "path": "iptables",
        "status": "0"
      },
      {
        "argv": "iptables -I DOCKER-USER 1 -m connmark --mark 0x4a000000/0xff000000 -m comment --comment just-dashboard-gateway -j ACCEPT",
        "code": "exited",
        "ignoreErrors": "yes",
        "path": "iptables",
        "status": "0"
      },
      {
        "argv": "ip6tables -I FORWARD 1 -m connmark --mark 0x4a000000/0xff000000 -m comment --comment just-dashboard-gateway -j ACCEPT",
        "code": "exited",
        "ignoreErrors": "yes",
        "path": "ip6tables",
        "status": "0"
      },
      {
        "argv": "ip6tables -I INPUT 1 -m connmark --mark 0x4a000000/0xff000000 -m comment --comment just-dashboard-gateway -j ACCEPT",
        "code": "exited",
        "ignoreErrors": "yes",
        "path": "ip6tables",
        "status": "0"
      },
      {
        "argv": "ip6tables -I DOCKER-USER 1 -m connmark --mark 0x4a000000/0xff000000 -m comment --comment just-dashboard-gateway -j ACCEPT",
        "code": "exited",
        "ignoreErrors": "yes",
        "path": "ip6tables",
        "status": "0"
      },
      {
        "argv": "sysctl -q -p /etc/sysctl.d/90-just-dashboard.conf",
        "code": "exited",
        "ignoreErrors": "yes",
        "path": "sysctl",
        "status": "0"
      }
    ],
    "networkUnitFailedCommands": [],
    "networkUnitJournal": [
      "2026-10-10T00:58:47.143514+00:00 jd-vm-reboot systemd[1]: Starting just-dashboard-network.service - Just Dashboard network: the devices, routes, gateway and shaping it made...",
      "2026-10-10T00:58:47.274095+00:00 jd-vm-reboot iptables[954]: iptables: Bad rule (does a matching rule exist in that chain?).",
      "2026-10-10T00:58:47.286951+00:00 jd-vm-reboot iptables[959]: iptables: Bad rule (does a matching rule exist in that chain?).",
      "2026-10-10T00:58:47.302463+00:00 jd-vm-reboot iptables[962]: iptables: Bad rule (does a matching rule exist in that chain?).",
      "2026-10-10T00:58:47.327114+00:00 jd-vm-reboot ip6tables[965]: ip6tables: Bad rule (does a matching rule exist in that chain?).",
      "2026-10-10T00:58:47.342556+00:00 jd-vm-reboot ip6tables[966]: ip6tables: Bad rule (does a matching rule exist in that chain?).",
      "2026-10-10T00:58:47.361325+00:00 jd-vm-reboot ip6tables[968]: ip6tables: Bad rule (does a matching rule exist in that chain?).",
      "2026-10-10T00:58:47.391241+00:00 jd-vm-reboot tc[970]: Cannot find device \"jdvmdum1\"",
      "2026-10-10T00:58:47.405958+00:00 jd-vm-reboot tc[974]: Cannot find device \"jdvmdum1\"",
      "2026-10-10T00:58:47.433886+00:00 jd-vm-reboot tc[978]: Cannot find device \"jdvmbr0\"",
      "2026-10-10T00:58:47.610597+00:00 jd-vm-reboot tc[1002]: Warning: sch_htb: quantum of class 10010 is big. Consider r2q change.",
      "2026-10-10T00:58:47.973358+00:00 jd-vm-reboot systemd[1]: Finished just-dashboard-network.service - Just Dashboard network: the devices, routes, gateway and shaping it made."
    ],
    "recoveryUnit": {
      "ActiveState": "inactive",
      "ExecMainExitTimestamp": "Sat 2026-10-10 00:58:47 UTC",
      "ExecMainStartTimestampMonotonic": "13326212",
      "ExecMainStatus": "0",
      "Result": "success",
      "UnitFileState": "enabled"
    },
    "recoveryUnitJournal": [
      "2026-10-10T00:58:46.656739+00:00 jd-vm-reboot systemd[1]: Starting just-dashboard-network-recovery.service - Recover interrupted Just Dashboard network changes...",
      "2026-10-10T00:58:47.132947+00:00 jd-vm-reboot systemd[1]: just-dashboard-network-recovery.service: Deactivated successfully.",
      "2026-10-10T00:58:47.133164+00:00 jd-vm-reboot systemd[1]: Finished just-dashboard-network-recovery.service - Recover interrupted Just Dashboard network changes."
    ]
  },
  "failures": [
    "drift after boot: [{'id': 'shaping:jdvmdum1', 'status': 'drift', 'reason': 'shaping differs from the saved configuration: jdvmdum1 HTB class rate/ceil does not match 20000 kbit/s'}]"
  ],
  "phase": "c001-verify",
  "result": "fail",
  "seconds": 2.5
}
