{
  "at": "2026-10-10T00:58:59Z",
  "bootId": "046e6291-9dd3-4547-a9a2-4a757abce173",
  "evidence": {
    "backendAfterKill": {
      "active": "failed",
      "pid": "0",
      "startedThisBoot": true,
      "sub": "failed"
    },
    "journalAtKill": {
      "appliedAt": "2026-10-10T00:58:58.949846979Z",
      "boot": "enabled",
      "bootDependencies": 22,
      "commandTools": [
        "ip"
      ],
      "expiresAt": "2026-10-10T01:00:28.912939396Z",
      "files": [
        "/etc/just-dashboard/network/links.batch",
        "/etc/just-dashboard/network/spec.json"
      ],
      "generation": "fdb24e97d4757cfbe7b801d4867c3b7b8dd469d8e8d157316fa630902fc442d8",
      "id": "e578f9fb89e53afc91468d15b3789c6c",
      "ownerUserId": 1,
      "persistence": "written",
      "phase": "awaiting_confirmation",
      "runtime": "applied",
      "updatedAt": "2026-10-10T00:58:58.998595431Z",
      "watchdog": "armed"
    },
    "timer": {
      "ActiveState": "active",
      "LoadState": "loaded",
      "NextElapseUSecMonotonic": "1min 55.610322s"
    }
  },
  "failures": [],
  "phase": "f4-kill awaiting_confirmation 10",
  "result": "pass",
  "seconds": 2.0
}
