{
  "at": "2026-10-10T01:00:33Z",
  "bootId": "046e6291-9dd3-4547-a9a2-4a757abce173",
  "evidence": {
    "backendAfterKill": {
      "active": "failed",
      "pid": "0",
      "startedThisBoot": true,
      "sub": "failed"
    },
    "fired": "2026-10-10T01:00:33.580474718Z ip -j route get 1.1.1.1 journal=runtime_applied",
    "journalAtKill": {
      "appliedAt": "2026-10-10T01:00:33.564750548Z",
      "boot": "not_verified",
      "bootDependencies": 22,
      "commandTools": [
        "ip"
      ],
      "files": [
        "/etc/just-dashboard/network/links.batch",
        "/etc/just-dashboard/network/spec.json"
      ],
      "generation": "dc7694a314933f9433f3b02cb1d441bf38c9eae1119c3ca8f1a22c43bb9bef89",
      "id": "b48c8efb8cc226fc3ada8817d3bae9a7",
      "persistence": "not_written",
      "phase": "runtime_applied",
      "runtime": "applied",
      "updatedAt": "2026-10-10T01:00:33.564752205Z",
      "watchdog": "armed"
    },
    "requestError": "RemoteDisconnected('Remote end closed connection without response')",
    "timer": {
      "ActiveState": "active",
      "LoadState": "loaded",
      "NextElapseUSecMonotonic": "3min 30.221882s"
    }
  },
  "failures": [],
  "phase": "f4-kill runtime_applied 10",
  "result": "pass",
  "seconds": 1.5
}
