{
  "at": "2026-10-10T01:02:07Z",
  "bootId": "046e6291-9dd3-4547-a9a2-4a757abce173",
  "evidence": {
    "backendAfterKill": {
      "active": "failed",
      "pid": "0",
      "startedThisBoot": true,
      "sub": "failed"
    },
    "fired": "2026-10-10T01:02:07.688718060Z systemctl is-enabled just-dashboard-network.service journal=persisted",
    "journalAtKill": {
      "appliedAt": "2026-10-10T01:02:07.642085217Z",
      "boot": "not_verified",
      "bootDependencies": 22,
      "commandTools": [
        "ip"
      ],
      "files": [
        "/etc/just-dashboard/network/links.batch",
        "/etc/just-dashboard/network/spec.json"
      ],
      "generation": "ac6414ea8c815400704f1b8b0100f6bc6688290208ca9afa2a3bfc176d671b78",
      "id": "5c07049fafe83bca8e707ca929155537",
      "persistence": "written",
      "phase": "persisted",
      "runtime": "applied",
      "updatedAt": "2026-10-10T01:02:07.67615153Z",
      "watchdog": "armed"
    },
    "requestError": "RemoteDisconnected('Remote end closed connection without response')",
    "timer": {
      "ActiveState": "active",
      "LoadState": "loaded",
      "NextElapseUSecMonotonic": "5min 4.301538s"
    }
  },
  "failures": [],
  "phase": "f4-kill persisted 10",
  "result": "pass",
  "seconds": 1.3
}
