{
  "at": "2026-10-10T01:05:00Z",
  "bootId": "5a16eb0e-d0e9-4df6-acee-3be99726b522",
  "evidence": {
    "backend": {
      "active": "inactive",
      "pid": "0",
      "startedThisBoot": false,
      "sub": "dead"
    },
    "driftAfterRecoveredBoot": {
      "boot": {
        "activeState": "active",
        "needDaemonReload": "no",
        "reason": null,
        "status": "matching",
        "unitFileState": "enabled"
      },
      "commands": [
        [
          "ip",
          1,
          "exited"
        ],
        [
          "ip",
          0,
          "exited"
        ],
        [
          "tc",
          0,
          "exited"
        ],
        [
          "nft",
          0,
          "exited"
        ],
        [
          "iptables",
          0,
          "exited"
        ],
        [
          "iptables",
          0,
          "exited"
        ],
        [
          "iptables",
          0,
          "exited"
        ],
        [
          "ip6tables",
          0,
          "exited"
        ],
        [
          "ip6tables",
          0,
          "exited"
        ],
        [
          "ip6tables",
          0,
          "exited"
        ],
        [
          "sysctl",
          0,
          "exited"
        ]
      ],
      "consistent": true,
      "documentedUnknown": [
        "link:jdvm-veth0",
        "gateway:jd_gateway",
        "recovery-helper:/etc/just-dashboard/network/network-recovery"
      ],
      "execution": {
        "bootId": "5a16eb0e-d0e9-4df6-acee-3be99726b522",
        "bootTrigger": "unknown",
        "finishedAt": "Sat 2026-10-10 01:04:56 UTC",
        "invocationId": "98bdfe2e5bdc46d693454a7310e30370",
        "reason": "The measured activation or one of its commands failed, including commands whose errors the unit ignores.",
        "result": "success",
        "startedAt": "Sat 2026-10-10 01:04:56 UTC",
        "status": "failed"
      },
      "files": 8,
      "notMatching": [
        {
          "id": "shaping:jdvmdum1",
          "reason": "shaping differs from the saved configuration: jdvmdum1 HTB class rate/ceil does not match 20000 kbit/s",
          "status": "drift"
        }
      ],
      "repairPlan": {
        "blockers": [],
        "executable": false,
        "items": [
          [
            "repair:shaping:jdvmdum1",
            "restore_owned_configuration",
            false
          ]
        ],
        "status": "review_required"
      },
      "runtime": 35,
      "status": "drift"
    },
    "journal": {
      "appliedAt": "2026-10-10T01:04:36.724805211Z",
      "boot": "not_verified",
      "bootDependencies": 22,
      "commandTools": [
        "ip"
      ],
      "files": [
        "/etc/just-dashboard/network/links.batch",
        "/etc/just-dashboard/network/spec.json"
      ],
      "generation": "f4a79f39a73a9541dbd80919ed8e07baf522acdeeab29e5ea8a5ebdfd3418864",
      "id": "1154d2283612f032fc19debcb5c6a814",
      "persistence": "restored",
      "phase": "recovered",
      "runtime": "restored",
      "updatedAt": "2026-10-10T01:04:55.835269456Z",
      "watchdog": "recovered"
    },
    "networkUnit": {
      "ActiveState": "active",
      "ExecMainExitTimestamp": "Sat 2026-10-10 01:04:56 UTC",
      "ExecMainStartTimestampMonotonic": "14077701",
      "ExecMainStatus": "0",
      "InvocationID": "98bdfe2e5bdc46d693454a7310e30370",
      "Result": "success",
      "UnitFileState": "enabled"
    },
    "networkUnitCommands": [
      {
        "argv": "ip -force -batch /etc/just-dashboard/network/links.batch",
        "code": "exited",
        "ignoreErrors": "yes",
        "path": "ip",
        "status": "1"
      },
      {
        "argv": "ip -6 -force -batch /etc/just-dashboard/network/rules6.batch",
        "code": "exited",
        "ignoreErrors": "yes",
        "path": "ip",
        "status": "0"
      },
      {
        "argv": "tc -force -batch /etc/just-dashboard/network/shaping.batch",
        "code": "exited",
        "ignoreErrors": "yes",
        "path": "tc",
        "status": "0"
      },
      {
        "argv": "nft -f /etc/just-dashboard/network/gateway.nft",
        "code": "exited",
        "ignoreErrors": "yes",
        "path": "nft",
        "status": "0"
      },
      {
        "argv": "iptables -I FORWARD 1 -m connmark --mark 0x4a000000/0xff000000 -m comment --comment just-dashboard-gateway -j ACCEPT",
        "code": "exited",
        "ignoreErrors": "yes",
        "path": "iptables",
        "status": "0"
      },
      {
        "argv": "iptables -I INPUT 1 -m connmark --mark 0x4a000000/0xff000000 -m comment --comment just-dashboard-gateway -j ACCEPT",
        "code": "exited",
        "ignoreErrors": "yes",
        "path": "iptables",
        "status": "0"
      },
      {
        "argv": "iptables -I DOCKER-USER 1 -m connmark --mark 0x4a000000/0xff000000 -m comment --comment just-dashboard-gateway -j ACCEPT",
        "code": "exited",
        "ignoreErrors": "yes",
        "path": "iptables",
        "status": "0"
      },
      {
        "argv": "ip6tables -I FORWARD 1 -m connmark --mark 0x4a000000/0xff000000 -m comment --comment just-dashboard-gateway -j ACCEPT",
        "code": "exited",
        "ignoreErrors": "yes",
        "path": "ip6tables",
        "status": "0"
      },
      {
        "argv": "ip6tables -I INPUT 1 -m connmark --mark 0x4a000000/0xff000000 -m comment --comment just-dashboard-gateway -j ACCEPT",
        "code": "exited",
        "ignoreErrors": "yes",
        "path": "ip6tables",
        "status": "0"
      },
      {
        "argv": "ip6tables -I DOCKER-USER 1 -m connmark --mark 0x4a000000/0xff000000 -m comment --comment just-dashboard-gateway -j ACCEPT",
        "code": "exited",
        "ignoreErrors": "yes",
        "path": "ip6tables",
        "status": "0"
      },
      {
        "argv": "sysctl -q -p /etc/sysctl.d/90-just-dashboard.conf",
        "code": "exited",
        "ignoreErrors": "yes",
        "path": "sysctl",
        "status": "0"
      }
    ],
    "networkUnitFailedCommands": [
      {
        "argv": "ip -force -batch /etc/just-dashboard/network/links.batch",
        "code": "exited",
        "ignoreErrors": "yes",
        "path": "ip",
        "status": "1"
      }
    ],
    "networkUnitJournal": [
      "2026-10-10T01:04:55.856095+00:00 jd-vm-reboot systemd[1]: Starting just-dashboard-network.service - Just Dashboard network: the devices, routes, gateway and shaping it made...",
      "2026-10-10T01:04:55.952405+00:00 jd-vm-reboot iptables[1039]: iptables: Bad rule (does a matching rule exist in that chain?).",
      "2026-10-10T01:04:55.960132+00:00 jd-vm-reboot iptables[1043]: iptables: Bad rule (does a matching rule exist in that chain?).",
      "2026-10-10T01:04:55.968019+00:00 jd-vm-reboot iptables[1045]: iptables: Bad rule (does a matching rule exist in that chain?).",
      "2026-10-10T01:04:55.975534+00:00 jd-vm-reboot ip6tables[1047]: ip6tables: Bad rule (does a matching rule exist in that chain?).",
      "2026-10-10T01:04:55.982923+00:00 jd-vm-reboot ip6tables[1049]: ip6tables: Bad rule (does a matching rule exist in that chain?).",
      "2026-10-10T01:04:55.993747+00:00 jd-vm-reboot ip6tables[1051]: ip6tables: Bad rule (does a matching rule exist in that chain?).",
      "2026-10-10T01:04:56.016554+00:00 jd-vm-reboot tc[1053]: Error: Cannot delete qdisc with handle of zero.",
      "2026-10-10T01:04:56.030811+00:00 jd-vm-reboot tc[1055]: Error: Parent Qdisc doesn't exists.",
      "2026-10-10T01:04:56.030811+00:00 jd-vm-reboot tc[1055]: We have an error talking to the kernel",
      "2026-10-10T01:04:56.039307+00:00 jd-vm-reboot tc[1057]: Error: Cannot delete qdisc with handle of zero.",
      "2026-10-10T01:04:56.059033+00:00 jd-vm-reboot ip[1059]: Cannot create namespace file \"/run/netns/jdvmns\": File exists",
      "2026-10-10T01:04:56.059033+00:00 jd-vm-reboot ip[1059]: Command failed /etc/just-dashboard/network/links.batch:3",
      "2026-10-10T01:04:56.059378+00:00 jd-vm-reboot ip[1059]: RTNETLINK answers: File exists",
      "2026-10-10T01:04:56.059378+00:00 jd-vm-reboot ip[1059]: Command failed /etc/just-dashboard/network/links.batch:4",
      "2026-10-10T01:04:56.059378+00:00 jd-vm-reboot ip[1059]: RTNETLINK answers: File exists",
      "2026-10-10T01:04:56.059378+00:00 jd-vm-reboot ip[1059]: Command failed /etc/just-dashboard/network/links.batch:5",
      "2026-10-10T01:04:56.059378+00:00 jd-vm-reboot ip[1059]: RTNETLINK answers: File exists",
      "2026-10-10T01:04:56.059378+00:00 jd-vm-reboot ip[1059]: Command failed /etc/just-dashboard/network/links.batch:6",
      "2026-10-10T01:04:56.059378+00:00 jd-vm-reboot ip[1059]: RTNETLINK answers: File exists",
      "2026-10-10T01:04:56.059378+00:00 jd-vm-reboot ip[1059]: Command failed /etc/just-dashboard/network/links.batch:7",
      "2026-10-10T01:04:56.059378+00:00 jd-vm-reboot ip[1059]: RTNETLINK answers: File exists",
      "2026-10-10T01:04:56.059378+00:00 jd-vm-reboot ip[1059]: Command failed /etc/just-dashboard/network/links.batch:8",
      "2026-10-10T01:04:56.059378+00:00 jd-vm-reboot ip[1059]: Error: ipv4: Address already assigned.",
      "2026-10-10T01:04:56.059378+00:00 jd-vm-reboot ip[1059]: Command failed /etc/just-dashboard/network/links.batch:11",
      "2026-10-10T01:04:56.059378+00:00 jd-vm-reboot ip[1059]: Error: ipv4: Address already assigned.",
      "2026-10-10T01:04:56.059378+00:00 jd-vm-reboot ip[1059]: Command failed /etc/just-dashboard/network/links.batch:12",
      "2026-10-10T01:04:56.059378+00:00 jd-vm-reboot ip[1059]: Error: ipv6: address already assigned.",
      "2026-10-10T01:04:56.059378+00:00 jd-vm-reboot ip[1059]: Command failed /etc/just-dashboard/network/links.batch:13",
      "2026-10-10T01:04:56.059916+00:00 jd-vm-reboot ip[1059]: Error: ipv4: Address already assigned.",
      "2026-10-10T01:04:56.059916+00:00 jd-vm-reboot ip[1059]: Command failed /etc/just-dashboard/network/links.batch:14",
      "2026-10-10T01:04:56.059916+00:00 jd-vm-reboot ip[1059]: Error: ipv4: Address already assigned.",
      "2026-10-10T01:04:56.059916+00:00 jd-vm-reboot ip[1059]: Command failed /etc/just-dashboard/network/links.batch:15",
      "2026-10-10T01:04:56.059916+00:00 jd-vm-reboot ip[1059]: Error: ipv4: Address already assigned.",
      "2026-10-10T01:04:56.059916+00:00 jd-vm-reboot ip[1059]: Command failed /etc/just-dashboard/network/links.batch:16",
      "2026-10-10T01:04:56.061452+00:00 jd-vm-reboot ip[1061]: Error: ipv4: Address already assigned.",
      "2026-10-10T01:04:56.061710+00:00 jd-vm-reboot ip[1059]: Command failed /etc/just-dashboard/network/links.batch:17",
      "2026-10-10T01:04:56.088187+00:00 jd-vm-reboot tc[1067]: Warning: sch_htb: quantum of class 10010 is big. Consider r2q change.",
      "2026-10-10T01:04:56.506003+00:00 jd-vm-reboot systemd[1]: Finished just-dashboard-network.service - Just Dashboard network: the devices, routes, gateway and shaping it made."
    ],
    "priorGenerationInKernelMissing": [],
    "recoveryUnit": {
      "ActiveState": "inactive",
      "ExecMainExitTimestamp": "Sat 2026-10-10 01:04:55 UTC",
      "ExecMainStartTimestampMonotonic": "12365208",
      "ExecMainStatus": "0",
      "Result": "success",
      "UnitFileState": "enabled"
    },
    "recoveryUnitArgv": [
      "/etc/just-dashboard/network/network-recovery --network-recover-boot /etc/just-dashboard/network pending"
    ],
    "recoveryUnitJournal": [
      "2026-10-10T01:04:54.774255+00:00 jd-vm-reboot systemd[1]: Starting just-dashboard-network-recovery.service - Recover interrupted Just Dashboard network changes...",
      "2026-10-10T01:04:55.840711+00:00 jd-vm-reboot systemd[1]: just-dashboard-network-recovery.service: Deactivated successfully.",
      "2026-10-10T01:04:55.841005+00:00 jd-vm-reboot systemd[1]: Finished just-dashboard-network-recovery.service - Recover interrupted Just Dashboard network changes."
    ]
  },
  "failures": [
    "drift after the recovered boot: [{'id': 'shaping:jdvmdum1', 'status': 'drift', 'reason': 'shaping differs from the saved configuration: jdvmdum1 HTB class rate/ceil does not match 20000 kbit/s'}]"
  ],
  "phase": "f4-boot persisted-11",
  "result": "fail",
  "seconds": 2.5
}
