{
  "at": "2026-10-10T01:05:27Z",
  "bootId": "b51531db-47d2-4900-8190-146afb5e2729",
  "evidence": {
    "backendAtBoot": {
      "active": "inactive",
      "pid": "0",
      "startedThisBoot": false,
      "sub": "dead"
    },
    "driftAfterBoot": {
      "boot": {
        "activeState": "active",
        "needDaemonReload": "no",
        "reason": null,
        "status": "matching",
        "unitFileState": "enabled"
      },
      "commands": [
        [
          "ip",
          0,
          "exited"
        ],
        [
          "ip",
          0,
          "exited"
        ],
        [
          "tc",
          0,
          "exited"
        ],
        [
          "nft",
          0,
          "exited"
        ],
        [
          "iptables",
          0,
          "exited"
        ],
        [
          "iptables",
          0,
          "exited"
        ],
        [
          "iptables",
          0,
          "exited"
        ],
        [
          "ip6tables",
          0,
          "exited"
        ],
        [
          "ip6tables",
          0,
          "exited"
        ],
        [
          "ip6tables",
          0,
          "exited"
        ],
        [
          "sysctl",
          0,
          "exited"
        ]
      ],
      "consistent": true,
      "documentedUnknown": [
        "link:jdvm-veth0",
        "gateway:jd_gateway",
        "recovery-helper:/etc/just-dashboard/network/network-recovery"
      ],
      "execution": {
        "bootId": "b51531db-47d2-4900-8190-146afb5e2729",
        "bootTrigger": "unknown",
        "finishedAt": "Sat 2026-10-10 01:05:23 UTC",
        "invocationId": "99a4cb52b9f9406788f2d9188b1b3046",
        "reason": null,
        "result": "success",
        "startedAt": "Sat 2026-10-10 01:05:23 UTC",
        "status": "succeeded"
      },
      "files": 8,
      "notMatching": [],
      "repairPlan": {
        "blockers": [],
        "executable": false,
        "items": [],
        "status": "no_known_repairs"
      },
      "runtime": 35,
      "status": "unknown"
    },
    "journal": {
      "appliedAt": "2026-10-10T01:04:36.724805211Z",
      "boot": "not_verified",
      "bootDependencies": 22,
      "commandTools": [
        "ip"
      ],
      "files": [
        "/etc/just-dashboard/network/links.batch",
        "/etc/just-dashboard/network/spec.json"
      ],
      "generation": "f4a79f39a73a9541dbd80919ed8e07baf522acdeeab29e5ea8a5ebdfd3418864",
      "id": "1154d2283612f032fc19debcb5c6a814",
      "persistence": "restored",
      "phase": "recovered",
      "runtime": "restored",
      "updatedAt": "2026-10-10T01:04:55.835269456Z",
      "watchdog": "recovered"
    },
    "kernelAfterBootMissing": [],
    "networkUnit": {
      "ActiveState": "active",
      "ExecMainExitTimestamp": "Sat 2026-10-10 01:05:23 UTC",
      "ExecMainStartTimestampMonotonic": "14169640",
      "ExecMainStatus": "0",
      "InvocationID": "99a4cb52b9f9406788f2d9188b1b3046",
      "Result": "success",
      "UnitFileState": "enabled"
    },
    "networkUnitCommands": [
      {
        "argv": "ip -force -batch /etc/just-dashboard/network/links.batch",
        "code": "exited",
        "ignoreErrors": "yes",
        "path": "ip",
        "status": "0"
      },
      {
        "argv": "ip -6 -force -batch /etc/just-dashboard/network/rules6.batch",
        "code": "exited",
        "ignoreErrors": "yes",
        "path": "ip",
        "status": "0"
      },
      {
        "argv": "tc -force -batch /etc/just-dashboard/network/shaping.batch",
        "code": "exited",
        "ignoreErrors": "yes",
        "path": "tc",
        "status": "0"
      },
      {
        "argv": "nft -f /etc/just-dashboard/network/gateway.nft",
        "code": "exited",
        "ignoreErrors": "yes",
        "path": "nft",
        "status": "0"
      },
      {
        "argv": "iptables -I FORWARD 1 -m connmark --mark 0x4a000000/0xff000000 -m comment --comment just-dashboard-gateway -j ACCEPT",
        "code": "exited",
        "ignoreErrors": "yes",
        "path": "iptables",
        "status": "0"
      },
      {
        "argv": "iptables -I INPUT 1 -m connmark --mark 0x4a000000/0xff000000 -m comment --comment just-dashboard-gateway -j ACCEPT",
        "code": "exited",
        "ignoreErrors": "yes",
        "path": "iptables",
        "status": "0"
      },
      {
        "argv": "iptables -I DOCKER-USER 1 -m connmark --mark 0x4a000000/0xff000000 -m comment --comment just-dashboard-gateway -j ACCEPT",
        "code": "exited",
        "ignoreErrors": "yes",
        "path": "iptables",
        "status": "0"
      },
      {
        "argv": "ip6tables -I FORWARD 1 -m connmark --mark 0x4a000000/0xff000000 -m comment --comment just-dashboard-gateway -j ACCEPT",
        "code": "exited",
        "ignoreErrors": "yes",
        "path": "ip6tables",
        "status": "0"
      },
      {
        "argv": "ip6tables -I INPUT 1 -m connmark --mark 0x4a000000/0xff000000 -m comment --comment just-dashboard-gateway -j ACCEPT",
        "code": "exited",
        "ignoreErrors": "yes",
        "path": "ip6tables",
        "status": "0"
      },
      {
        "argv": "ip6tables -I DOCKER-USER 1 -m connmark --mark 0x4a000000/0xff000000 -m comment --comment just-dashboard-gateway -j ACCEPT",
        "code": "exited",
        "ignoreErrors": "yes",
        "path": "ip6tables",
        "status": "0"
      },
      {
        "argv": "sysctl -q -p /etc/sysctl.d/90-just-dashboard.conf",
        "code": "exited",
        "ignoreErrors": "yes",
        "path": "sysctl",
        "status": "0"
      }
    ],
    "networkUnitFailedCommands": [],
    "networkUnitJournal": [
      "2026-10-10T01:05:22.751850+00:00 jd-vm-reboot systemd[1]: Starting just-dashboard-network.service - Just Dashboard network: the devices, routes, gateway and shaping it made...",
      "2026-10-10T01:05:22.857680+00:00 jd-vm-reboot iptables[948]: iptables: Bad rule (does a matching rule exist in that chain?).",
      "2026-10-10T01:05:22.870481+00:00 jd-vm-reboot iptables[952]: iptables: Bad rule (does a matching rule exist in that chain?).",
      "2026-10-10T01:05:22.886154+00:00 jd-vm-reboot iptables[956]: iptables: Bad rule (does a matching rule exist in that chain?).",
      "2026-10-10T01:05:22.902952+00:00 jd-vm-reboot ip6tables[958]: ip6tables: Bad rule (does a matching rule exist in that chain?).",
      "2026-10-10T01:05:22.911235+00:00 jd-vm-reboot ip6tables[960]: ip6tables: Bad rule (does a matching rule exist in that chain?).",
      "2026-10-10T01:05:22.927740+00:00 jd-vm-reboot ip6tables[962]: ip6tables: Bad rule (does a matching rule exist in that chain?).",
      "2026-10-10T01:05:22.947163+00:00 jd-vm-reboot tc[966]: Cannot find device \"jdvmdum1\"",
      "2026-10-10T01:05:22.960531+00:00 jd-vm-reboot tc[970]: Cannot find device \"jdvmdum1\"",
      "2026-10-10T01:05:22.974611+00:00 jd-vm-reboot tc[974]: Cannot find device \"jdvmbr0\"",
      "2026-10-10T01:05:23.093127+00:00 jd-vm-reboot tc[997]: Warning: sch_htb: quantum of class 10010 is big. Consider r2q change.",
      "2026-10-10T01:05:23.513504+00:00 jd-vm-reboot systemd[1]: Finished just-dashboard-network.service - Just Dashboard network: the devices, routes, gateway and shaping it made."
    ],
    "recoveryUnit": {
      "ActiveState": "inactive",
      "ExecMainExitTimestamp": "Sat 2026-10-10 01:05:22 UTC",
      "ExecMainStartTimestampMonotonic": "12981232",
      "ExecMainStatus": "0",
      "Result": "success",
      "UnitFileState": "enabled"
    },
    "recoveryUnitJournal": [
      "2026-10-10T01:05:22.313272+00:00 jd-vm-reboot systemd[1]: Starting just-dashboard-network-recovery.service - Recover interrupted Just Dashboard network changes...",
      "2026-10-10T01:05:22.741697+00:00 jd-vm-reboot systemd[1]: just-dashboard-network-recovery.service: Deactivated successfully.",
      "2026-10-10T01:05:22.742009+00:00 jd-vm-reboot systemd[1]: Finished just-dashboard-network-recovery.service - Recover interrupted Just Dashboard network changes."
    ]
  },
  "failures": [],
  "phase": "p7-runtime-reboot",
  "result": "pass",
  "seconds": 2.6
}
