{
  "at": "2026-10-10T01:05:55Z",
  "bootId": "357d1ab2-7f65-4755-a9c4-aa337f321000",
  "evidence": {
    "confirmed": {
      "appliedAt": "2026-10-10T01:05:54.507970273Z",
      "boot": "not_verified",
      "expiresAt": "2026-10-10T01:07:23.842368987Z",
      "generation": "aaec1f2c346cd540f14a4ac8a3d21fec918967d88811114cb7d6e0f4710868a5",
      "id": "9030320561d558fe86adaf12d0173fb3",
      "ownerUserId": 1,
      "persistence": "written",
      "phase": "confirmed",
      "runtime": "not_applied",
      "updatedAt": "2026-10-10T01:05:54.550858158Z",
      "verifiedAt": "2026-10-10T01:05:54.536085997Z",
      "watchdog": "completed"
    },
    "driftAfterBoot": {
      "boot": {
        "activeState": "active",
        "needDaemonReload": "no",
        "reason": null,
        "status": "matching",
        "unitFileState": "enabled"
      },
      "commands": [
        [
          "ip",
          0,
          "exited"
        ],
        [
          "ip",
          0,
          "exited"
        ],
        [
          "tc",
          0,
          "exited"
        ],
        [
          "nft",
          0,
          "exited"
        ],
        [
          "iptables",
          0,
          "exited"
        ],
        [
          "iptables",
          0,
          "exited"
        ],
        [
          "iptables",
          0,
          "exited"
        ],
        [
          "ip6tables",
          0,
          "exited"
        ],
        [
          "ip6tables",
          0,
          "exited"
        ],
        [
          "ip6tables",
          0,
          "exited"
        ],
        [
          "sysctl",
          0,
          "exited"
        ]
      ],
      "consistent": true,
      "documentedUnknown": [
        "link:jdvm-veth0",
        "gateway:jd_gateway",
        "recovery-helper:/etc/just-dashboard/network/network-recovery"
      ],
      "execution": {
        "bootId": "357d1ab2-7f65-4755-a9c4-aa337f321000",
        "bootTrigger": "unknown",
        "finishedAt": "Sat 2026-10-10 01:05:47 UTC",
        "invocationId": "4dd5ef6c9b3a4da285011ad41db70413",
        "reason": null,
        "result": "success",
        "startedAt": "Sat 2026-10-10 01:05:47 UTC",
        "status": "succeeded"
      },
      "files": 8,
      "notMatching": [
        {
          "id": "address:jdvmdum1/10.232.2.1/24",
          "reason": "The saved managed address is absent.",
          "status": "missing"
        },
        {
          "id": "shaping:jdvmdum1",
          "reason": "shaping differs from the saved configuration: jdvmdum1 HTB class rate/ceil does not match 20000 kbit/s",
          "status": "drift"
        },
        {
          "id": "render:/etc/just-dashboard/network/links.batch",
          "reason": "The owned file differs from the saved configuration.",
          "status": "drift"
        }
      ],
      "repairPlan": {
        "blockers": [],
        "executable": true,
        "items": [
          [
            "repair:render:/etc/just-dashboard/network/links.batch",
            "regenerate_owned_file",
            true
          ],
          [
            "repair:address:jdvmdum1/10.232.2.1/24",
            "restore_owned_configuration",
            false
          ],
          [
            "repair:shaping:jdvmdum1",
            "restore_owned_configuration",
            false
          ]
        ],
        "status": "review_required"
      },
      "runtime": 35,
      "status": "drift"
    },
    "driftAfterRepair": {
      "boot": {
        "activeState": "active",
        "needDaemonReload": "no",
        "reason": null,
        "status": "matching",
        "unitFileState": "enabled"
      },
      "commands": [
        [
          "ip",
          0,
          "exited"
        ],
        [
          "ip",
          0,
          "exited"
        ],
        [
          "tc",
          0,
          "exited"
        ],
        [
          "nft",
          0,
          "exited"
        ],
        [
          "iptables",
          0,
          "exited"
        ],
        [
          "iptables",
          0,
          "exited"
        ],
        [
          "iptables",
          0,
          "exited"
        ],
        [
          "ip6tables",
          0,
          "exited"
        ],
        [
          "ip6tables",
          0,
          "exited"
        ],
        [
          "ip6tables",
          0,
          "exited"
        ],
        [
          "sysctl",
          0,
          "exited"
        ]
      ],
      "consistent": true,
      "documentedUnknown": [
        "link:jdvm-veth0",
        "gateway:jd_gateway",
        "recovery-helper:/etc/just-dashboard/network/network-recovery"
      ],
      "execution": {
        "bootId": "357d1ab2-7f65-4755-a9c4-aa337f321000",
        "bootTrigger": "unknown",
        "finishedAt": "Sat 2026-10-10 01:05:47 UTC",
        "invocationId": "4dd5ef6c9b3a4da285011ad41db70413",
        "reason": null,
        "result": "success",
        "startedAt": "Sat 2026-10-10 01:05:47 UTC",
        "status": "succeeded"
      },
      "files": 8,
      "notMatching": [
        {
          "id": "address:jdvmdum1/10.232.2.1/24",
          "reason": "The saved managed address is absent.",
          "status": "missing"
        },
        {
          "id": "shaping:jdvmdum1",
          "reason": "shaping differs from the saved configuration: jdvmdum1 HTB class rate/ceil does not match 20000 kbit/s",
          "status": "drift"
        }
      ],
      "repairPlan": {
        "blockers": [],
        "executable": false,
        "items": [
          [
            "repair:address:jdvmdum1/10.232.2.1/24",
            "restore_owned_configuration",
            false
          ],
          [
            "repair:shaping:jdvmdum1",
            "restore_owned_configuration",
            false
          ]
        ],
        "status": "review_required"
      },
      "runtime": 35,
      "status": "drift"
    },
    "journal": {
      "appliedAt": "2026-10-10T01:05:54.507970273Z",
      "boot": "not_verified",
      "bootDependencies": 0,
      "commandTools": [],
      "expiresAt": "2026-10-10T01:07:23.842368987Z",
      "files": [
        "/etc/just-dashboard/network/links.batch"
      ],
      "generation": "aaec1f2c346cd540f14a4ac8a3d21fec918967d88811114cb7d6e0f4710868a5",
      "id": "9030320561d558fe86adaf12d0173fb3",
      "ownerUserId": 1,
      "persistence": "written",
      "phase": "confirmed",
      "runtime": "not_applied",
      "updatedAt": "2026-10-10T01:05:54.550858158Z",
      "verifiedAt": "2026-10-10T01:05:54.536085997Z",
      "watchdog": "completed"
    },
    "journalPending": {
      "appliedAt": "2026-10-10T01:05:54.507970273Z",
      "boot": "not_verified",
      "bootDependencies": 0,
      "commandTools": [],
      "expiresAt": "2026-10-10T01:07:23.842368987Z",
      "files": [
        "/etc/just-dashboard/network/links.batch"
      ],
      "generation": "aaec1f2c346cd540f14a4ac8a3d21fec918967d88811114cb7d6e0f4710868a5",
      "id": "9030320561d558fe86adaf12d0173fb3",
      "ownerUserId": 1,
      "persistence": "written",
      "phase": "awaiting_confirmation",
      "runtime": "not_applied",
      "updatedAt": "2026-10-10T01:05:54.521449392Z",
      "watchdog": "armed"
    },
    "networkUnit": {
      "ActiveState": "active",
      "ExecMainExitTimestamp": "Sat 2026-10-10 01:05:47 UTC",
      "ExecMainStartTimestampMonotonic": "14217272",
      "ExecMainStatus": "0",
      "InvocationID": "4dd5ef6c9b3a4da285011ad41db70413",
      "Result": "success",
      "UnitFileState": "enabled"
    },
    "networkUnitCommands": [
      {
        "argv": "ip -force -batch /etc/just-dashboard/network/links.batch",
        "code": "exited",
        "ignoreErrors": "yes",
        "path": "ip",
        "status": "0"
      },
      {
        "argv": "ip -6 -force -batch /etc/just-dashboard/network/rules6.batch",
        "code": "exited",
        "ignoreErrors": "yes",
        "path": "ip",
        "status": "0"
      },
      {
        "argv": "tc -force -batch /etc/just-dashboard/network/shaping.batch",
        "code": "exited",
        "ignoreErrors": "yes",
        "path": "tc",
        "status": "0"
      },
      {
        "argv": "nft -f /etc/just-dashboard/network/gateway.nft",
        "code": "exited",
        "ignoreErrors": "yes",
        "path": "nft",
        "status": "0"
      },
      {
        "argv": "iptables -I FORWARD 1 -m connmark --mark 0x4a000000/0xff000000 -m comment --comment just-dashboard-gateway -j ACCEPT",
        "code": "exited",
        "ignoreErrors": "yes",
        "path": "iptables",
        "status": "0"
      },
      {
        "argv": "iptables -I INPUT 1 -m connmark --mark 0x4a000000/0xff000000 -m comment --comment just-dashboard-gateway -j ACCEPT",
        "code": "exited",
        "ignoreErrors": "yes",
        "path": "iptables",
        "status": "0"
      },
      {
        "argv": "iptables -I DOCKER-USER 1 -m connmark --mark 0x4a000000/0xff000000 -m comment --comment just-dashboard-gateway -j ACCEPT",
        "code": "exited",
        "ignoreErrors": "yes",
        "path": "iptables",
        "status": "0"
      },
      {
        "argv": "ip6tables -I FORWARD 1 -m connmark --mark 0x4a000000/0xff000000 -m comment --comment just-dashboard-gateway -j ACCEPT",
        "code": "exited",
        "ignoreErrors": "yes",
        "path": "ip6tables",
        "status": "0"
      },
      {
        "argv": "ip6tables -I INPUT 1 -m connmark --mark 0x4a000000/0xff000000 -m comment --comment just-dashboard-gateway -j ACCEPT",
        "code": "exited",
        "ignoreErrors": "yes",
        "path": "ip6tables",
        "status": "0"
      },
      {
        "argv": "ip6tables -I DOCKER-USER 1 -m connmark --mark 0x4a000000/0xff000000 -m comment --comment just-dashboard-gateway -j ACCEPT",
        "code": "exited",
        "ignoreErrors": "yes",
        "path": "ip6tables",
        "status": "0"
      },
      {
        "argv": "sysctl -q -p /etc/sysctl.d/90-just-dashboard.conf",
        "code": "exited",
        "ignoreErrors": "yes",
        "path": "sysctl",
        "status": "0"
      }
    ],
    "networkUnitFailedCommands": [],
    "networkUnitJournal": [
      "2026-10-10T01:05:46.665969+00:00 jd-vm-reboot systemd[1]: Starting just-dashboard-network.service - Just Dashboard network: the devices, routes, gateway and shaping it made...",
      "2026-10-10T01:05:46.807743+00:00 jd-vm-reboot iptables[955]: iptables: Bad rule (does a matching rule exist in that chain?).",
      "2026-10-10T01:05:46.820121+00:00 jd-vm-reboot iptables[960]: iptables: Bad rule (does a matching rule exist in that chain?).",
      "2026-10-10T01:05:46.829655+00:00 jd-vm-reboot iptables[964]: iptables: Bad rule (does a matching rule exist in that chain?).",
      "2026-10-10T01:05:46.836975+00:00 jd-vm-reboot ip6tables[965]: ip6tables: Bad rule (does a matching rule exist in that chain?).",
      "2026-10-10T01:05:46.854949+00:00 jd-vm-reboot ip6tables[968]: ip6tables: Bad rule (does a matching rule exist in that chain?).",
      "2026-10-10T01:05:46.873392+00:00 jd-vm-reboot ip6tables[969]: ip6tables: Bad rule (does a matching rule exist in that chain?).",
      "2026-10-10T01:05:46.902450+00:00 jd-vm-reboot tc[971]: Cannot find device \"jdvmdum1\"",
      "2026-10-10T01:05:46.927942+00:00 jd-vm-reboot tc[975]: Cannot find device \"jdvmdum1\"",
      "2026-10-10T01:05:46.956157+00:00 jd-vm-reboot tc[979]: Cannot find device \"jdvmbr0\"",
      "2026-10-10T01:05:47.125131+00:00 jd-vm-reboot tc[1005]: Warning: sch_htb: quantum of class 10010 is big. Consider r2q change.",
      "2026-10-10T01:05:47.522656+00:00 jd-vm-reboot systemd[1]: Finished just-dashboard-network.service - Just Dashboard network: the devices, routes, gateway and shaping it made."
    ],
    "recoveryUnit": {
      "ActiveState": "inactive",
      "ExecMainExitTimestamp": "Sat 2026-10-10 01:05:46 UTC",
      "ExecMainStartTimestampMonotonic": "12881249",
      "ExecMainStatus": "0",
      "Result": "success",
      "UnitFileState": "enabled"
    },
    "recoveryUnitJournal": [
      "2026-10-10T01:05:46.170800+00:00 jd-vm-reboot systemd[1]: Starting just-dashboard-network-recovery.service - Recover interrupted Just Dashboard network changes...",
      "2026-10-10T01:05:46.649624+00:00 jd-vm-reboot systemd[1]: just-dashboard-network-recovery.service: Deactivated successfully.",
      "2026-10-10T01:05:46.649883+00:00 jd-vm-reboot systemd[1]: Finished just-dashboard-network-recovery.service - Recover interrupted Just Dashboard network changes."
    ],
    "repairItem": {
      "action": "regenerate_owned_file",
      "effect": "boot_files",
      "id": "repair:render:/etc/just-dashboard/network/links.batch",
      "preconditions": [
        "Verify this resource is still owned and has the observed state.",
        "Refuse a foreign replacement or occupied identity."
      ]
    },
    "repairResult": {
      "appliedAt": "2026-10-10T01:05:54.507970273Z",
      "boot": "not_verified",
      "expiresAt": "2026-10-10T01:07:23.842368987Z",
      "generation": "aaec1f2c346cd540f14a4ac8a3d21fec918967d88811114cb7d6e0f4710868a5",
      "id": "9030320561d558fe86adaf12d0173fb3",
      "ownerUserId": 1,
      "persistence": "written",
      "phase": "awaiting_confirmation",
      "runtime": "not_applied",
      "updatedAt": "2026-10-10T01:05:54.521449392Z",
      "watchdog": "armed"
    }
  },
  "failures": [],
  "phase": "p7-file-verify",
  "result": "pass",
  "seconds": 6.6
}
