{
  "at": "2026-10-10T01:06:36Z",
  "bootId": "ae48a199-6254-40f5-a306-d7aaeae3f7ac",
  "evidence": {
    "confirmed": {
      "appliedAt": "2026-10-10T01:06:34.865161546Z",
      "boot": "enabled",
      "cleanup": "complete",
      "expiresAt": "2026-10-10T01:08:04.564793141Z",
      "generation": "47ed58f3d41bd56acd4ff5a7699c9ec865ba55a0e8aedabc7afe68e27b2fc96a",
      "id": "f8f7f3f271aa478d52069118f9ec82b6",
      "ownerUserId": 1,
      "persistence": "written",
      "phase": "confirmed",
      "runtime": "applied",
      "updatedAt": "2026-10-10T01:06:36.313110111Z",
      "verifiedAt": "2026-10-10T01:06:35.962463297Z",
      "watchdog": "completed"
    },
    "fileAfter": {
      "inode": 16295,
      "mode": "0o600",
      "path": "/etc/netplan/60-jdvm-networkd.yaml",
      "sha256": "0f029772181f44f6f29c318ade964d1ea5f6c559ba4d4759a886ab82631e6570"
    },
    "fileBefore": {
      "inode": 9495,
      "mode": "0o600",
      "path": "/etc/netplan/60-jdvm-networkd.yaml",
      "sha256": "31f4ca74d1e917443822296686a013a9b32483e4015c6a1e315b947082760811"
    },
    "journal": {
      "appliedAt": "2026-10-10T01:06:34.865161546Z",
      "boot": "enabled",
      "bootDependencies": 0,
      "cleanup": "complete",
      "commandTools": [
        "native"
      ],
      "expiresAt": "2026-10-10T01:08:04.564793141Z",
      "files": [],
      "generation": "47ed58f3d41bd56acd4ff5a7699c9ec865ba55a0e8aedabc7afe68e27b2fc96a",
      "id": "f8f7f3f271aa478d52069118f9ec82b6",
      "ownerUserId": 1,
      "persistence": "written",
      "phase": "confirmed",
      "runtime": "applied",
      "updatedAt": "2026-10-10T01:06:36.313110111Z",
      "verifiedAt": "2026-10-10T01:06:35.962463297Z",
      "watchdog": "completed"
    },
    "journalPending": {
      "appliedAt": "2026-10-10T01:06:34.865161546Z",
      "boot": "enabled",
      "bootDependencies": 0,
      "cleanup": "pending",
      "commandTools": [
        "native"
      ],
      "expiresAt": "2026-10-10T01:08:04.564793141Z",
      "files": [],
      "generation": "47ed58f3d41bd56acd4ff5a7699c9ec865ba55a0e8aedabc7afe68e27b2fc96a",
      "id": "f8f7f3f271aa478d52069118f9ec82b6",
      "ownerUserId": 1,
      "persistence": "written",
      "phase": "awaiting_confirmation",
      "runtime": "applied",
      "updatedAt": "2026-10-10T01:06:35.486313518Z",
      "watchdog": "armed"
    },
    "networkdSettled": true,
    "profileAfter": {
      "boot": {
        "reason": "The existing persistent profile's native owner is enabled; no reboot was measured.",
        "status": "matching"
      },
      "configured": {
        "reason": "Supported intent was read from the existing selected native profile.",
        "status": "matching"
      },
      "contract": {
        "members": []
      },
      "device": "enp0s4",
      "editable": true,
      "intent": {
        "ipv4": {
          "addresses": [
            "10.0.4.15/24",
            "10.0.4.16/24"
          ],
          "dns": [
            "10.0.4.3"
          ],
          "domains": [
            "nd.jdvm.test"
          ],
          "ignoreAutoDns": false,
          "ignoreAutoRoutes": false,
          "method": "manual",
          "routes": [
            {
              "destination": "10.90.4.0/24",
              "gateway": "10.0.4.2",
              "metric": 100,
              "table": 254
            },
            {
              "destination": "10.91.4.0/24",
              "gateway": "10.0.4.2",
              "metric": 100,
              "table": 254
            }
          ]
        },
        "ipv6": {
          "addresses": [
            "fd00:4::15/64"
          ],
          "dns": [],
          "domains": [
            "nd.jdvm.test"
          ],
          "ignoreAutoDns": false,
          "ignoreAutoRoutes": false,
          "method": "manual",
          "routes": []
        }
      },
      "owner": "netplan",
      "refusal": null,
      "renderer": "networkd",
      "runtime": {
        "reason": "Kernel addresses/routes and the native owner's DNS/domains match supported intent; DHCP/RA acquisition was observed where required. Owner-default metrics remain owner-selected. No resolver/provider connectivity was probed.",
        "status": "matching"
      },
      "version": "1.1.2-8ubuntu1~24.04.3"
    }
  },
  "failures": [],
  "phase": "p11-confirm netplan-networkd",
  "result": "pass",
  "seconds": 7.0
}
