{
  "at": "2026-10-10T01:06:43Z",
  "bootId": "ae48a199-6254-40f5-a306-d7aaeae3f7ac",
  "evidence": {
    "confirmed": {
      "appliedAt": "2026-10-10T01:06:41.950610132Z",
      "boot": "enabled",
      "cleanup": "complete",
      "expiresAt": "2026-10-10T01:08:11.868277292Z",
      "generation": "5ffa89f3b63b9a4c7b09ded4fdbf3f70c05e9f84c226df9e224f6cbc1b0e77f8",
      "id": "777175bcf2432d9df150f181ca132c41",
      "ownerUserId": 1,
      "persistence": "written",
      "phase": "confirmed",
      "runtime": "applied",
      "updatedAt": "2026-10-10T01:06:43.460570533Z",
      "verifiedAt": "2026-10-10T01:06:42.960284206Z",
      "watchdog": "completed"
    },
    "fileAfter": {
      "inode": 9495,
      "mode": "0o600",
      "path": "/etc/netplan/62-jdvm-nm-dummy.yaml",
      "sha256": "ee636f621273bb896e04d0e7178d4533809fdd4e186416f7c5f4ecb52d2b8f83"
    },
    "fileBefore": {
      "inode": 15006,
      "mode": "0o600",
      "path": "/etc/netplan/62-jdvm-nm-dummy.yaml",
      "sha256": "e61e283e094134422eb2f8ed5fd8fcb753fdec4d48825d76dc5d651547456d92"
    },
    "journal": {
      "appliedAt": "2026-10-10T01:06:41.950610132Z",
      "boot": "enabled",
      "bootDependencies": 0,
      "cleanup": "complete",
      "commandTools": [
        "native"
      ],
      "expiresAt": "2026-10-10T01:08:11.868277292Z",
      "files": [],
      "generation": "5ffa89f3b63b9a4c7b09ded4fdbf3f70c05e9f84c226df9e224f6cbc1b0e77f8",
      "id": "777175bcf2432d9df150f181ca132c41",
      "ownerUserId": 1,
      "persistence": "written",
      "phase": "confirmed",
      "runtime": "applied",
      "updatedAt": "2026-10-10T01:06:43.460570533Z",
      "verifiedAt": "2026-10-10T01:06:42.960284206Z",
      "watchdog": "completed"
    },
    "journalPending": {
      "appliedAt": "2026-10-10T01:06:41.950610132Z",
      "boot": "enabled",
      "bootDependencies": 0,
      "cleanup": "pending",
      "commandTools": [
        "native"
      ],
      "expiresAt": "2026-10-10T01:08:11.868277292Z",
      "files": [],
      "generation": "5ffa89f3b63b9a4c7b09ded4fdbf3f70c05e9f84c226df9e224f6cbc1b0e77f8",
      "id": "777175bcf2432d9df150f181ca132c41",
      "ownerUserId": 1,
      "persistence": "written",
      "phase": "awaiting_confirmation",
      "runtime": "applied",
      "updatedAt": "2026-10-10T01:06:42.433962412Z",
      "watchdog": "armed"
    },
    "networkdSettled": true,
    "profileAfter": {
      "boot": {
        "reason": "The existing persistent profile's native owner is enabled; no reboot was measured.",
        "status": "matching"
      },
      "configured": {
        "reason": "Supported intent was read from the existing selected native profile.",
        "status": "matching"
      },
      "contract": {
        "members": []
      },
      "device": "jdnm0",
      "editable": true,
      "intent": {
        "ipv4": {
          "addresses": [
            "10.0.7.15/24",
            "10.0.7.16/24"
          ],
          "dns": [
            "10.0.7.3"
          ],
          "domains": [
            "nmd.jdvm.test"
          ],
          "ignoreAutoDns": false,
          "ignoreAutoRoutes": false,
          "method": "manual",
          "routes": [
            {
              "destination": "10.90.7.0/24",
              "gateway": "10.0.7.2",
              "metric": 100,
              "table": 254
            },
            {
              "destination": "10.91.7.0/24",
              "gateway": "10.0.7.2",
              "metric": 100,
              "table": 254
            }
          ]
        },
        "ipv6": {
          "addresses": [
            "fd00:7::15/64"
          ],
          "dns": [],
          "domains": [
            "nmd.jdvm.test"
          ],
          "ignoreAutoDns": false,
          "ignoreAutoRoutes": false,
          "method": "manual",
          "routes": []
        }
      },
      "owner": "netplan",
      "refusal": null,
      "renderer": "NetworkManager",
      "runtime": {
        "reason": "Kernel addresses/routes and the native owner's DNS/domains match supported intent; DHCP/RA acquisition was observed where required. Owner-default metrics remain owner-selected. No resolver/provider connectivity was probed.",
        "status": "matching"
      },
      "version": "1.1.2-8ubuntu1~24.04.3"
    }
  },
  "failures": [],
  "phase": "p11-confirm netplan-nm",
  "result": "pass",
  "seconds": 6.9
}
