{
  "at": "2026-10-10T01:07:14Z",
  "bootId": "0811de16-2f74-44a2-914a-c2b4ece6be71",
  "evidence": {
    "file": {
      "inode": 9495,
      "mode": "0o600",
      "path": "/etc/netplan/62-jdvm-nm-dummy.yaml",
      "sha256": "ee636f621273bb896e04d0e7178d4533809fdd4e186416f7c5f4ecb52d2b8f83"
    },
    "journal": {
      "appliedAt": "2026-10-10T01:06:48.068516287Z",
      "boot": "enabled",
      "bootDependencies": 0,
      "cleanup": "complete",
      "commandTools": [
        "native"
      ],
      "expiresAt": "2026-10-10T01:08:18.00548116Z",
      "files": [],
      "generation": "0765e3ac5e1010bbb1fe6e5861fd4f5f26b99a3b990130473e4032b6468b48de",
      "id": "2bd7fb1aaeee9642ed3ed6ac18c4bbe2",
      "ownerUserId": 1,
      "persistence": "written",
      "phase": "confirmed",
      "runtime": "applied",
      "updatedAt": "2026-10-10T01:06:48.638761909Z",
      "verifiedAt": "2026-10-10T01:06:48.402003922Z",
      "watchdog": "completed"
    },
    "profile": {
      "boot": {
        "reason": "The existing persistent profile's native owner is enabled; no reboot was measured.",
        "status": "matching"
      },
      "configured": {
        "reason": "Supported intent was read from the existing selected native profile.",
        "status": "matching"
      },
      "contract": {
        "members": []
      },
      "device": "jdnm0",
      "editable": true,
      "intent": {
        "ipv4": {
          "addresses": [
            "10.0.7.15/24",
            "10.0.7.16/24"
          ],
          "dns": [
            "10.0.7.3"
          ],
          "domains": [
            "nmd.jdvm.test"
          ],
          "ignoreAutoDns": false,
          "ignoreAutoRoutes": false,
          "method": "manual",
          "routes": [
            {
              "destination": "10.90.7.0/24",
              "gateway": "10.0.7.2",
              "metric": 100,
              "table": 254
            },
            {
              "destination": "10.91.7.0/24",
              "gateway": "10.0.7.2",
              "metric": 100,
              "table": 254
            }
          ]
        },
        "ipv6": {
          "addresses": [
            "fd00:7::15/64"
          ],
          "dns": [],
          "domains": [
            "nmd.jdvm.test"
          ],
          "ignoreAutoDns": false,
          "ignoreAutoRoutes": false,
          "method": "manual",
          "routes": []
        }
      },
      "owner": "netplan",
      "refusal": null,
      "renderer": "NetworkManager",
      "runtime": {
        "reason": "Kernel addresses/routes and the native owner's DNS/domains match supported intent; DHCP/RA acquisition was observed where required. Owner-default metrics remain owner-selected. No resolver/provider connectivity was probed.",
        "status": "matching"
      },
      "version": "1.1.2-8ubuntu1~24.04.3"
    }
  },
  "failures": [],
  "phase": "p11-persist netplan-nm",
  "result": "pass",
  "seconds": 1.6
}
