{
  "at": "2026-10-10T01:10:41Z",
  "bootId": "0811de16-2f74-44a2-914a-c2b4ece6be71",
  "evidence": {
    "candidateFile": {
      "inode": 23089,
      "mode": "0o644",
      "path": "/etc/systemd/network/30-jdvm-direct.network",
      "sha256": "980a4bd339aefc541ef2f9150c66086df62bd5c8c9e242e8121f2009a9104f7a"
    },
    "journalAtKill": {
      "appliedAt": "2026-10-10T01:10:41.242014425Z",
      "boot": "enabled",
      "bootDependencies": 0,
      "cleanup": "pending",
      "commandTools": [
        "native"
      ],
      "expiresAt": "2026-10-10T01:12:11.140006343Z",
      "files": [],
      "generation": "0f989955c15e63a05c2ce0c2043a8425c79bfb7a6d19fe51fb6e3c5ba039c214",
      "id": "37bf89442996b132cfeb1f8298b50f59",
      "ownerUserId": 1,
      "persistence": "written",
      "phase": "awaiting_confirmation",
      "runtime": "applied",
      "updatedAt": "2026-10-10T01:10:41.495480962Z",
      "watchdog": "armed"
    },
    "networkdSettled": true
  },
  "failures": [],
  "phase": "p11-kill networkd 17",
  "result": "pass",
  "seconds": 4.6
}
