{
  "at": "2026-10-10T01:12:53Z",
  "bootId": "0fd7c04f-3a86-482b-94ed-2c9aa184541d",
  "evidence": {
    "candidateFile": {
      "inode": 16290,
      "mode": "0o600",
      "path": "/etc/netplan/62-jdvm-nm-dummy.yaml",
      "sha256": "cf2ba2bdfa3af4431edfbfdaf96761ed167aef139d7ac5bc7dd2e8cdcc1496de"
    },
    "journalAtKill": {
      "appliedAt": "2026-10-10T01:12:51.828195673Z",
      "boot": "enabled",
      "bootDependencies": 0,
      "cleanup": "pending",
      "commandTools": [
        "native"
      ],
      "expiresAt": "2026-10-10T01:14:21.749181699Z",
      "files": [],
      "generation": "7b096928a3e549f4ff579158208e7a88478f90ff9b7a28de70441454d8acc9ca",
      "id": "b1daa14c71cda2ddadf16b2559236d57",
      "ownerUserId": 1,
      "persistence": "written",
      "phase": "awaiting_confirmation",
      "runtime": "applied",
      "updatedAt": "2026-10-10T01:12:52.306976989Z",
      "watchdog": "armed"
    },
    "networkdSettled": true
  },
  "failures": [],
  "phase": "p11-kill netplan-nm 18",
  "result": "pass",
  "seconds": 7.0
}
