{
  "at": "2026-10-10T01:14:22Z",
  "bootId": "3097f574-96cb-4aa9-b3fb-f58e34e09e94",
  "evidence": {
    "module": true,
    "pingOutsideVRF": [
      "ping: connect: Network is unreachable"
    ],
    "pingThroughVRF": [
      "2 packets transmitted, 2 received, 0% packet loss, time 1059ms",
      "rtt min/avg/max/mdev = 0.079/0.112/0.145/0.033 ms"
    ],
    "routeGetInVRF": "10.244.0.2 dev va table 1100 src 10.244.0.1 uid 0 \n    cache",
    "routeGetOutside": "RTNETLINK answers: Network is unreachable",
    "rules": [
      "0:\tfrom all lookup local",
      "1000:\tfrom all lookup [l3mdev-table]",
      "32766:\tfrom all lookup main",
      "32767:\tfrom all lookup default"
    ]
  },
  "failures": [],
  "phase": "vrf-kernel",
  "result": "pass",
  "seconds": 1.2
}
