2026-10-10T00:58:14Z 01-baseline                                      exit 0
2026-10-10T00:58:27Z 02-c001-apply                                    exit 0
2026-10-10T00:58:49Z 03-reboot                                        exit 0
2026-10-10T00:58:52Z 04-c001-verify                                   exit 1
2026-10-10T00:58:53Z 05-c004-ownership                                exit 0
2026-10-10T00:58:57Z 06-c002-cancel-1                                 exit 1
2026-10-10T00:58:59Z 07-f4-kill-awaiting_confirmation-10              exit 0
2026-10-10T01:00:31Z 08-f4-timer-awaiting_confirmation-10             exit 0
2026-10-10T01:00:33Z 09-f4-kill-runtime_applied-10                    exit 0
2026-10-10T01:02:06Z 10-f4-timer-runtime_applied-10                   exit 0
2026-10-10T01:02:07Z 11-f4-kill-persisted-10                          exit 0
2026-10-10T01:03:40Z 12-f4-timer-persisted-10                         exit 0
2026-10-10T01:03:42Z 13-f4-kill-awaiting_confirmation-11              exit 0
2026-10-10T01:04:05Z 14-reboot                                        exit 0
2026-10-10T01:04:08Z 15-f4-boot-awaiting_confirmation-11              exit 1
2026-10-10T01:04:10Z 16-f4-kill-runtime_applied-11                    exit 0
2026-10-10T01:04:31Z 17-reboot                                        exit 0
2026-10-10T01:04:34Z 18-f4-boot-runtime_applied-11                    exit 1
2026-10-10T01:04:36Z 19-f4-kill-persisted-11                          exit 0
2026-10-10T01:04:57Z 20-reboot                                        exit 0
2026-10-10T01:05:00Z 21-f4-boot-persisted-11                          exit 1
2026-10-10T01:05:03Z 22-p7-runtime-drift                              exit 1
2026-10-10T01:05:25Z 23-reboot                                        exit 0
2026-10-10T01:05:27Z 24-p7-runtime-reboot                             exit 0
2026-10-10T01:05:28Z 25-p7-file-drift                                 exit 0
2026-10-10T01:05:48Z 26-reboot                                        exit 0
2026-10-10T01:05:55Z 27-p7-file-verify                                exit 0
2026-10-10T01:06:18Z 28-reboot                                        exit 0
2026-10-10T01:06:22Z 29-p7-repaired-verify                            exit 1
2026-10-10T01:06:26Z 30-p7-daemon-restart                             exit 1
2026-10-10T01:06:29Z 31-p11-read                                      exit 0
2026-10-10T01:06:36Z 32-p11-confirm-netplan-networkd                  exit 0
2026-10-10T01:06:43Z 33-p11-confirm-netplan-nm                        exit 0
2026-10-10T01:06:48Z 34-p11-confirm-networkd                          exit 0
2026-10-10T01:07:09Z 35-reboot                                        exit 0
2026-10-10T01:07:12Z 36-p11-persist-netplan-networkd                  exit 0
2026-10-10T01:07:14Z 37-p11-persist-netplan-nm                        exit 0
2026-10-10T01:07:15Z 38-p11-persist-networkd                          exit 0
2026-10-10T01:07:20Z 39-p11-first-edit                                exit 0
2026-10-10T01:07:26Z 40-p11-kill-netplan-networkd-17                  exit 0
2026-10-10T01:08:58Z 41-p11-timer-netplan-networkd-17                 exit 0
2026-10-10T01:09:05Z 42-p11-kill-netplan-nm-17                        exit 0
2026-10-10T01:10:37Z 43-p11-timer-netplan-nm-17                       exit 0
2026-10-10T01:10:42Z 44-p11-kill-networkd-17                          exit 0
2026-10-10T01:12:13Z 45-p11-timer-networkd-17                         exit 0
2026-10-10T01:12:19Z 46-p11-kill-netplan-networkd-18                  exit 0
2026-10-10T01:12:43Z 47-reboot                                        exit 0
2026-10-10T01:12:45Z 48-p11-boot-netplan-networkd-18                  exit 0
2026-10-10T01:12:53Z 49-p11-kill-netplan-nm-18                        exit 0
2026-10-10T01:13:17Z 50-reboot                                        exit 0
2026-10-10T01:13:20Z 51-p11-boot-netplan-nm-18                        exit 0
2026-10-10T01:13:27Z 52-p11-kill-networkd-18                          exit 0
2026-10-10T01:13:49Z 53-reboot                                        exit 0
2026-10-10T01:13:51Z 54-p11-boot-networkd-18                          exit 0
2026-10-10T01:13:55Z 55-p14-apply                                     exit 0
2026-10-10T01:14:17Z 56-reboot                                        exit 0
2026-10-10T01:14:21Z 57-p14-verify                                    exit 1
2026-10-10T01:14:22Z 58-vrf-kernel                                    exit 0
2026-10-10T01:14:29Z 59-vrf-routing                                   exit 0
2026-10-10T01:14:50Z 60-reboot                                        exit 0
2026-10-10T01:14:51Z 61-vrf-routing-verify                            exit 0
failed steps: 9
